Archive member included to satisfy reference by file (symbol)

c:/st/stm32cubeide_1.5.1/stm32cubeide/plugins/com.st.stm32cube.ide.mcu.externaltools.gnu-tools-for-stm32.7-2018-q2-update.win32_1.5.0.202011040924/tools/bin/../lib/gcc/arm-none-eabi/7.3.1/../../../../arm-none-eabi/lib/thumb/v7-m\libc_nano.a(lib_a-errno.o)
                              Core/Src/syscalls.o (__errno)
c:/st/stm32cubeide_1.5.1/stm32cubeide/plugins/com.st.stm32cube.ide.mcu.externaltools.gnu-tools-for-stm32.7-2018-q2-update.win32_1.5.0.202011040924/tools/bin/../lib/gcc/arm-none-eabi/7.3.1/../../../../arm-none-eabi/lib/thumb/v7-m\libc_nano.a(lib_a-exit.o)
                              c:/st/stm32cubeide_1.5.1/stm32cubeide/plugins/com.st.stm32cube.ide.mcu.externaltools.gnu-tools-for-stm32.7-2018-q2-update.win32_1.5.0.202011040924/tools/bin/../lib/gcc/arm-none-eabi/7.3.1/../../../../arm-none-eabi/lib/thumb/v7-m/crt0.o (exit)
c:/st/stm32cubeide_1.5.1/stm32cubeide/plugins/com.st.stm32cube.ide.mcu.externaltools.gnu-tools-for-stm32.7-2018-q2-update.win32_1.5.0.202011040924/tools/bin/../lib/gcc/arm-none-eabi/7.3.1/../../../../arm-none-eabi/lib/thumb/v7-m\libc_nano.a(lib_a-impure.o)
                              c:/st/stm32cubeide_1.5.1/stm32cubeide/plugins/com.st.stm32cube.ide.mcu.externaltools.gnu-tools-for-stm32.7-2018-q2-update.win32_1.5.0.202011040924/tools/bin/../lib/gcc/arm-none-eabi/7.3.1/../../../../arm-none-eabi/lib/thumb/v7-m\libc_nano.a(lib_a-exit.o) (_global_impure_ptr)
c:/st/stm32cubeide_1.5.1/stm32cubeide/plugins/com.st.stm32cube.ide.mcu.externaltools.gnu-tools-for-stm32.7-2018-q2-update.win32_1.5.0.202011040924/tools/bin/../lib/gcc/arm-none-eabi/7.3.1/../../../../arm-none-eabi/lib/thumb/v7-m\libc_nano.a(lib_a-init.o)
                              c:/st/stm32cubeide_1.5.1/stm32cubeide/plugins/com.st.stm32cube.ide.mcu.externaltools.gnu-tools-for-stm32.7-2018-q2-update.win32_1.5.0.202011040924/tools/bin/../lib/gcc/arm-none-eabi/7.3.1/../../../../arm-none-eabi/lib/thumb/v7-m/crt0.o (__libc_init_array)
c:/st/stm32cubeide_1.5.1/stm32cubeide/plugins/com.st.stm32cube.ide.mcu.externaltools.gnu-tools-for-stm32.7-2018-q2-update.win32_1.5.0.202011040924/tools/bin/../lib/gcc/arm-none-eabi/7.3.1/../../../../arm-none-eabi/lib/thumb/v7-m\libc_nano.a(lib_a-memcpy-stub.o)
                              Core/Src/main.o (memcpy)
c:/st/stm32cubeide_1.5.1/stm32cubeide/plugins/com.st.stm32cube.ide.mcu.externaltools.gnu-tools-for-stm32.7-2018-q2-update.win32_1.5.0.202011040924/tools/bin/../lib/gcc/arm-none-eabi/7.3.1/../../../../arm-none-eabi/lib/thumb/v7-m\libc_nano.a(lib_a-memset.o)
                              c:/st/stm32cubeide_1.5.1/stm32cubeide/plugins/com.st.stm32cube.ide.mcu.externaltools.gnu-tools-for-stm32.7-2018-q2-update.win32_1.5.0.202011040924/tools/bin/../lib/gcc/arm-none-eabi/7.3.1/../../../../arm-none-eabi/lib/thumb/v7-m/crt0.o (memset)
c:/st/stm32cubeide_1.5.1/stm32cubeide/plugins/com.st.stm32cube.ide.mcu.externaltools.gnu-tools-for-stm32.7-2018-q2-update.win32_1.5.0.202011040924/tools/bin/../lib/gcc/arm-none-eabi/7.3.1/thumb/v7-m\libgcc.a(_arm_addsubdf3.o)
                              Core/Src/PID_ch.o (__aeabi_dsub)
c:/st/stm32cubeide_1.5.1/stm32cubeide/plugins/com.st.stm32cube.ide.mcu.externaltools.gnu-tools-for-stm32.7-2018-q2-update.win32_1.5.0.202011040924/tools/bin/../lib/gcc/arm-none-eabi/7.3.1/thumb/v7-m\libgcc.a(_arm_muldivdf3.o)
                              Core/Src/PID_ch.o (__aeabi_dmul)
c:/st/stm32cubeide_1.5.1/stm32cubeide/plugins/com.st.stm32cube.ide.mcu.externaltools.gnu-tools-for-stm32.7-2018-q2-update.win32_1.5.0.202011040924/tools/bin/../lib/gcc/arm-none-eabi/7.3.1/thumb/v7-m\libgcc.a(_arm_truncdfsf2.o)
                              Core/Src/PID_ch.o (__aeabi_d2f)
c:/st/stm32cubeide_1.5.1/stm32cubeide/plugins/com.st.stm32cube.ide.mcu.externaltools.gnu-tools-for-stm32.7-2018-q2-update.win32_1.5.0.202011040924/tools/bin/../lib/gcc/arm-none-eabi/7.3.1/thumb/v7-m\libgcc.a(_arm_addsubsf3.o)
                              Core/Src/PID_ch.o (__aeabi_fsub)
c:/st/stm32cubeide_1.5.1/stm32cubeide/plugins/com.st.stm32cube.ide.mcu.externaltools.gnu-tools-for-stm32.7-2018-q2-update.win32_1.5.0.202011040924/tools/bin/../lib/gcc/arm-none-eabi/7.3.1/thumb/v7-m\libgcc.a(_arm_muldivsf3.o)
                              Core/Src/PID_ch.o (__aeabi_fmul)
c:/st/stm32cubeide_1.5.1/stm32cubeide/plugins/com.st.stm32cube.ide.mcu.externaltools.gnu-tools-for-stm32.7-2018-q2-update.win32_1.5.0.202011040924/tools/bin/../lib/gcc/arm-none-eabi/7.3.1/thumb/v7-m\libgcc.a(_arm_cmpsf2.o)
                              Core/Src/PID_ch.o (__aeabi_fcmpeq)
c:/st/stm32cubeide_1.5.1/stm32cubeide/plugins/com.st.stm32cube.ide.mcu.externaltools.gnu-tools-for-stm32.7-2018-q2-update.win32_1.5.0.202011040924/tools/bin/../lib/gcc/arm-none-eabi/7.3.1/thumb/v7-m\libgcc.a(_arm_fixunssfsi.o)
                              Core/Src/main.o (__aeabi_f2uiz)

Allocating common symbols
Common symbol       size              file

_data_protocol_save
[...]
Memory Configuration

Name             Origin             Length             Attributes
RAM              0x0000000020000000 0x0000000000005000 xrw
FLASH            0x0000000008000000 0x0000000000010000 xr
*default*        0x0000000000000000 0xffffffffffffffff

Linker script and memory map

LOAD c:/st/stm32cubeide_1.5.1/stm32cubeide/plugins/com.st.stm32cube.ide.mcu.externaltools.gnu-tools-for-stm32.7-2018-q2-update.win32_1.5.0.202011040924/tools/bin/../lib/gcc/arm-none-eabi/7.3.1/thumb/v7-m/crti.o
LOAD c:/st/stm32cubeide_1.5.1/stm32cubeide/plugins/com.st.stm32cube.ide.mcu.externaltools.gnu-tools-for-stm32.7-2018-q2-update.win32_1.5.0.202011040924/tools/bin/../lib/gcc/arm-none-eabi/7.3.1/thumb/v7-m/crtbegin.o
LOAD c:/st/stm32cubeide_1.5.1/stm32cubeide/plugins/com.st.stm32cube.ide.mcu.externaltools.gnu-tools-for-stm32.7-2018-q2-update.win32_1.5.0.202011040924/tools/bin/../lib/gcc/arm-none-eabi/7.3.1/../../../../arm-none-eabi/lib/thumb/v7-m/crt0.o
LOAD Core/Src/Ch_protocol.o
LOAD Core/Src/IRresiver_ch.o
LOAD Core/Src/PID_ch.o
LOAD Core/Src/main.o
LOAD Core/Src/stm32f1xx_hal_msp.o
LOAD Core/Src/stm32f1xx_it.o
LOAD Core/Src/syscalls.o
LOAD Core/Src/sysmem.o
LOAD Core/Src/system_stm32f1xx.o
LOAD Core/Startup/startup_stm32f103c8tx.o
LOAD Drivers/STM32F1xx_HAL_Driver/Src/stm32f1xx_hal.o
LOAD Drivers/STM32F1xx_HAL_Driver/Src/stm32f1xx_hal_cortex.o
LOAD Drivers/STM32F1xx_HAL_Driver/Src/stm32f1xx_hal_dma.o
LOAD Drivers/STM32F1xx_HAL_Driver/Src/stm32f1xx_hal_exti.o
LOAD Drivers/STM32F1xx_HAL_Driver/Src/stm32f1xx_hal_flash.o
LOAD Drivers/STM32F1xx_HAL_Driver/Src/stm32f1xx_hal_flash_ex.o
LOAD Drivers/STM32F1xx_HAL_Driver/Src/stm32f1xx_hal_gpio.o
LOAD Drivers/STM32F1xx_HAL_Driver/Src/stm32f1xx_hal_gpio_ex.o
LOAD Drivers/STM32F1xx_HAL_Driver/Src/stm32f1xx_hal_pcd.o
LOAD Drivers/STM32F1xx_HAL_Driver/Src/stm32f1xx_hal_pcd_ex.o
LOAD Drivers/STM32F1xx_HAL_Driver/Src/stm32f1xx_hal_pwr.o
LOAD Drivers/STM32F1xx_HAL_Driver/Src/stm32f1xx_hal_rcc.o
LOAD Drivers/STM32F1xx_HAL_Driver/Src/stm32f1xx_hal_rcc_ex.o
LOAD Drivers/STM32F1xx_HAL_Driver/Src/stm32f1xx_hal_tim.o
LOAD Drivers/STM32F1xx_HAL_Driver/Src/stm32f1xx_hal_tim_ex.o
LOAD Drivers/STM32F1xx_HAL_Driver/Src/stm32f1xx_ll_usb.o
LOAD Middlewares/ST/STM32_USB_Device_Library/Class/CDC/Src/usbd_cdc.o
LOAD Middlewares/ST/STM32_USB_Device_Library/Core/Src/usbd_core.o
LOAD Middlewares/ST/STM32_USB_Device_Library/Core/Src/usbd_ctlreq.o
LOAD Middlewares/ST/STM32_USB_Device_Library/Core/Src/usbd_ioreq.o
LOAD USB_DEVICE/App/usb_device.o
LOAD USB_DEVICE/App/usbd_cdc_if.o
LOAD USB_DEVICE/App/usbd_desc.o
LOAD USB_DEVICE/Target/usbd_conf.o
START GROUP
LOAD c:/st/stm32cubeide_1.5.1/stm32cubeide/plugins/com.st.stm32cube.ide.mcu.externaltools.gnu-tools-for-stm32.7-2018-q2-update.win32_1.5.0.202011040924/tools/bin/../lib/gcc/arm-none-eabi/7.3.1/../../../../arm-none-eabi/lib/thumb/v7-m\libc_nano.a
LOAD c:/st/stm32cubeide_1.5.1/stm32cubeide/plugins/com.st.stm32cube.ide.mcu.externaltools.gnu-tools-for-stm32.7-2018-q2-update.win32_1.5.0.202011040924/tools/bin/../lib/gcc/arm-none-eabi/7.3.1/../../../../arm-none-eabi/lib/thumb/v7-m\libm.a
END GROUP
START GROUP
LOAD c:/st/stm32cubeide_1.5.1/stm32cubeide/plugins/com.st.stm32cube.ide.mcu.externaltools.gnu-tools-for-stm32.7-2018-q2-update.win32_1.5.0.202011040924/tools/bin/../lib/gcc/arm-none-eabi/7.3.1/thumb/v7-m\libgcc.a
LOAD c:/st/stm32cubeide_1.5.1/stm32cubeide/plugins/com.st.stm32cube.ide.mcu.externaltools.gnu-tools-for-stm32.7-2018-q2-update.win32_1.5.0.202011040924/tools/bin/../lib/gcc/arm-none-eabi/7.3.1/../../../../arm-none-eabi/lib/thumb/v7-m\libc_nano.a
END GROUP
START GROUP
LOAD c:/st/stm32cubeide_1.5.1/stm32cubeide/plugins/com.st.stm32cube.ide.mcu.externaltools.gnu-tools-for-stm32.7-2018-q2-update.win32_1.5.0.202011040924/tools/bin/../lib/gcc/arm-none-eabi/7.3.1/thumb/v7-m\libgcc.a
LOAD c:/st/stm32cubeide_1.5.1/stm32cubeide/plugins/com.st.stm32cube.ide.mcu.externaltools.gnu-tools-for-stm32.7-2018-q2-update.win32_1.5.0.202011040924/tools/bin/../lib/gcc/arm-none-eabi/7.3.1/../../../../arm-none-eabi/lib/thumb/v7-m\libc_nano.a
LOAD c:/st/stm32cubeide_1.5.1/stm32cubeide/plugins/com.st.stm32cube.ide.mcu.externaltools.gnu-tools-for-stm32.7-2018-q2-update.win32_1.5.0.202011040924/tools/bin/../lib/gcc/arm-none-eabi/7.3.1/../../../../arm-none-eabi/lib/thumb/v7-m\libnosys.a
END GROUP
START GROUP
LOAD c:/st/stm32cubeide_1.5.1/stm32cubeide/plugins/com.st.stm32cube.ide.mcu.externaltools.gnu-tools-for-stm32.7-2018-q2-update.win32_1.5.0.202011040924/tools/bin/../lib/gcc/arm-none-eabi/7.3.1/thumb/v7-m\libgcc.a
LOAD c:/st/stm32cubeide_1.5.1/stm32cubeide/plugins/com.st.stm32cube.ide.mcu.externaltools.gnu-tools-for-stm32.7-2018-q2-update.win32_1.5.0.202011040924/tools/bin/../lib/gcc/arm-none-eabi/7.3.1/../../../../arm-none-eabi/lib/thumb/v7-m\libc_nano.a
LOAD c:/st/stm32cubeide_1.5.1/stm32cubeide/plugins/com.st.stm32cube.ide.mcu.externaltools.gnu-tools-for-stm32.7-2018-q2-update.win32_1.5.0.202011040924/tools/bin/../lib/gcc/arm-none-eabi/7.3.1/../../../../arm-none-eabi/lib/thumb/v7-m\libnosys.a
END GROUP
LOAD c:/st/stm32cubeide_1.5.1/stm32cubeide/plugins/com.st.stm32cube.ide.mcu.externaltools.gnu-tools-for-stm32.7-2018-q2-update.win32_1.5.0.202011040924/tools/bin/../lib/gcc/arm-none-eabi/7.3.1/thumb/v7-m/crtend.o
LOAD c:/st/stm32cubeide_1.5.1/stm32cubeide/plugins/com.st.stm32cube.ide.mcu.externaltools.gnu-tools-for-stm32.7-2018-q2-update.win32_1.5.0.202011040924/tools/bin/../lib/gcc/arm-none-eabi/7.3.1/thumb/v7-m/crtn.o
                0x0000000020005000                _estack = (ORIGIN (RAM) + LENGTH (RAM))
                0x0000000000000200                _Min_Heap_Size = 0x200
                0x0000000000000400                _Min_Stack_Size = 0x400

.isr_vector     0x0000000008000000      0x10c
                0x0000000008000000                . = ALIGN (0x4)
 *(.isr_vector)
 .isr_vector    0x0000000008000000      0x10c Core/Startup/startup_stm32f103c8tx.o
                0x0000000008000000                g_pfnVectors
                0x000000000800010c                . = ALIGN (0x4)

.text           0x0000000008000110     0xa3cc
                0x0000000008000110                . = ALIGN (0x4)
 *(.text)
 .text          0x0000000008000110       0x40 c:/st/stm32cubeide_1.5.1/stm32cubeide/plugins/com.st.stm32cube.ide.mcu.externaltools.gnu-tools-for-stm32.7-2018-q2-update.win32_1.5.0.202011040924/tools/bin/../lib/gcc/arm-none-eabi/7.3.1/thumb/v7-m/crtbegin.o
 .text          0x0000000008000150      0x378 c:/st/stm32cubeide_1.5.1/stm32cubeide/plugins/com.st.stm32cube.ide.mcu.externaltools.gnu-tools-for-stm32.7-2018-q2-update.win32_1.5.0.202011040924/tools/bin/../lib/gcc/arm-none-eabi/7.3.1/thumb/v7-m\libgcc.a(_arm_addsubdf3.o)
                0x0000000008000150                __aeabi_drsub
                0x0000000008000158                __aeabi_dsub
                0x0000000008000158                __subdf3
                0x000000000800015c                __aeabi_dadd
                0x000000000800015c                __adddf3
                0x00000000080003d4                __floatunsidf
                0x00000000080003d4                __aeabi_ui2d
                0x00000000080003f4                __floatsidf
                0x00000000080003f4                __aeabi_i2d
                0x0000000008000418                __aeabi_f2d
                0x0000000008000418                __extendsfdf2
                0x000000000800045c                __floatundidf
                0x000000000800045c                __aeabi_ul2d
                0x000000000800046c                __floatdidf
                0x000000000800046c                __aeabi_l2d
 .text          0x00000000080004c8      0x424 c:/st/stm32cubeide_1.5.1/stm32cubeide/plugins/com.st.stm32cube.ide.mcu.externaltools.gnu-tools-for-stm32.7-2018-q2-update.win32_1.5.0.202011040924/tools/bin/../lib/gcc/arm-none-eabi/7.3.1/thumb/v7-m\libgcc.a(_arm_muldivdf3.o)
                0x00000000080004c8                __aeabi_dmul
                0x00000000080004c8                __muldf3
                0x000000000800071c                __divdf3
                0x000000000800071c                __aeabi_ddiv
 .text          0x00000000080008ec       0xa0 c:/st/stm32cubeide_1.5.1/stm32cubeide/plugins/com.st.stm32cube.ide.mcu.externaltools.gnu-tools-for-stm32.7-2018-q2-update.win32_1.5.0.202011040924/tools/bin/../lib/gcc/arm-none-eabi/7.3.1/thumb/v7-m\libgcc.a(_arm_truncdfsf2.o)
                0x00000000080008ec                __truncdfsf2
                0x00000000080008ec                __aeabi_d2f
 .text          0x000000000800098c      0x21c c:/st/stm32cubeide_1.5.1/stm32cubeide/plugins/com.st.stm32cube.ide.mcu.externaltools.gnu-tools-for-stm32.7-2018-q2-update.win32_1.5.0.202011040924/tools/bin/../lib/gcc/arm-none-eabi/7.3.1/thumb/v7-m\libgcc.a(_arm_addsubsf3.o)
                0x000000000800098c                __aeabi_frsub
                0x0000000008000994                __subsf3
                0x0000000008000994                __aeabi_fsub
                0x0000000008000998                __aeabi_fadd
                0x0000000008000998                __addsf3
                0x0000000008000af8                __aeabi_ui2f
                0x0000000008000af8                __floatunsisf
                0x0000000008000b00                __aeabi_i2f
                0x0000000008000b00                __floatsisf
                0x0000000008000b1c                __aeabi_ul2f
                0x0000000008000b1c                __floatundisf
                0x0000000008000b2c                __aeabi_l2f
                0x0000000008000b2c                __floatdisf
 .text          0x0000000008000ba8      0x2a0 c:/st/stm32cubeide_1.5.1/stm32cubeide/plugins/com.st.stm32cube.ide.mcu.externaltools.gnu-tools-for-stm32.7-2018-q2-update.win32_1.5.0.202011040924/tools/bin/../lib/gcc/arm-none-eabi/7.3.1/thumb/v7-m\libgcc.a(_arm_muldivsf3.o)
                0x0000000008000ba8                __mulsf3
                0x0000000008000ba8                __aeabi_fmul
                0x0000000008000d10                __aeabi_fdiv
                0x0000000008000d10                __divsf3
 .text          0x0000000008000e48       0xec c:/st/stm32cubeide_1.5.1/stm32cubeide/plugins/com.st.stm32cube.ide.mcu.externaltools.gnu-tools-for-stm32.7-2018-q2-update.win32_1.5.0.202011040924/tools/bin/../lib/gcc/arm-none-eabi/7.3.1/thumb/v7-m\libgcc.a(_arm_cmpsf2.o)
                0x0000000008000e48                __gesf2
                0x0000000008000e48                __gtsf2
                0x0000000008000e50                __lesf2
                0x0000000008000e50                __ltsf2
                0x0000000008000e58                __nesf2
                0x0000000008000e58                __eqsf2
                0x0000000008000e58                __cmpsf2
                0x0000000008000eb8                __aeabi_cfrcmple
                0x0000000008000ec0                __aeabi_cfcmpeq
                0x0000000008000ec0                __aeabi_cfcmple
                0x0000000008000ed0                __aeabi_fcmpeq
                0x0000000008000ee4                __aeabi_fcmplt
                0x0000000008000ef8                __aeabi_fcmple
                0x0000000008000f0c                __aeabi_fcmpge
                0x0000000008000f20                __aeabi_fcmpgt
 .text          0x0000000008000f34       0x40 c:/st/stm32cubeide_1.5.1/stm32cubeide/plugins/com.st.stm32cube.ide.mcu.externaltools.gnu-tools-for-stm32.7-2018-q2-update.win32_1.5.0.202011040924/tools/bin/../lib/gcc/arm-none-eabi/7.3.1/thumb/v7-m\libgcc.a(_arm_fixunssfsi.o)
                0x0000000008000f34                __fixunssfsi
                0x0000000008000f34                __aeabi_f2uiz
 *(.text*)
 .text.protocolInit
                0x0000000008000f74       0x50 Core/Src/Ch_protocol.o
                0x0000000008000f74                protocolInit
 .text.ArmarPack
                0x0000000008000fc4       0x88 Core/Src/Ch_protocol.o
                0x0000000008000fc4                ArmarPack
 .text.XORData  0x000000000800104c       0x60 Core/Src/Ch_protocol.o
                0x000000000800104c                XORData
 .text.AnalisePack
                0x00000000080010ac       0xe0 Core/Src/Ch_protocol.o
                0x00000000080010ac                AnalisePack
 .text.SendACK  0x000000000800118c       0x48 Core/Src/Ch_protocol.o
                0x000000000800118c                SendACK
 .text.communication
                0x00000000080011d4       0xd0 Core/Src/Ch_protocol.o
                0x00000000080011d4                communication
 .text.InitResiver
                0x00000000080012a4       0x60 Core/Src/IRresiver_ch.o
                0x00000000080012a4                InitResiver
 .text.reciveData
                0x0000000008001304      0x194 Core/Src/IRresiver_ch.o
                0x0000000008001304                reciveData
 .text.resume   0x0000000008001498       0x1c Core/Src/IRresiver_ch.o
                0x0000000008001498                resume
 .text.decodeData
                0x00000000080014b4       0x6c Core/Src/IRresiver_ch.o
                0x00000000080014b4                decodeData
 .text.identify
                0x0000000008001520       0xac Core/Src/IRresiver_ch.o
                0x0000000008001520                identify
 .text.leer_num
                0x00000000080015cc       0xa8 Core/Src/IRresiver_ch.o
                0x00000000080015cc                leer_num
 .text.detectar_tecla
                0x0000000008001674       0xc0 Core/Src/IRresiver_ch.o
                0x0000000008001674                detectar_tecla
 .text.initPID_ch
                0x0000000008001734      0x2b4 Core/Src/PID_ch.o
                0x0000000008001734                initPID_ch
 .text.PID      0x00000000080019e8      0x110 Core/Src/PID_ch.o
                0x00000000080019e8                PID
 .text.actualizar_par
                0x0000000008001af8      0x240 Core/Src/PID_ch.o
                0x0000000008001af8                actualizar_par
 .text.params_choose
                0x0000000008001d38       0xc8 Core/Src/PID_ch.o
                0x0000000008001d38                params_choose
 .text.main     0x0000000008001e00      0x178 Core/Src/main.o
                0x0000000008001e00                main
 .text.SystemClock_Config
                0x0000000008001f78       0xb4 Core/Src/main.o
                0x0000000008001f78                SystemClock_Config
 .text.MX_TIM1_Init
                0x000000000800202c      0x140 Core/Src/main.o
 .text.MX_TIM2_Init
                0x000000000800216c       0x98 Core/Src/main.o
 .text.MX_TIM3_Init
                0x0000000008002204       0x9c Core/Src/main.o
 .text.MX_GPIO_Init
                0x00000000080022a0       0xcc Core/Src/main.o
 .text.rotate_data
                0x000000000800236c      0x1b4 Core/Src/main.o
                0x000000000800236c                rotate_data
 .text.select_data
                0x0000000008002520      0x180 Core/Src/main.o
                0x0000000008002520                select_data
 .text.state_motor
                0x00000000080026a0      0x258 Core/Src/main.o
                0x00000000080026a0                state_motor
 .text.detect_vel
                0x00000000080028f8       0xa0 Core/Src/main.o
                0x00000000080028f8                detect_vel
 .text.resiveRx
                0x0000000008002998       0x44 Core/Src/main.o
                0x0000000008002998                resiveRx
 .text.HAL_TIM_PeriodElapsedCallback
                0x00000000080029dc       0xa0 Core/Src/main.o
                0x00000000080029dc                HAL_TIM_PeriodElapsedCallback
 .text.Error_Handler
                0x0000000008002a7c        0x8 Core/Src/main.o
                0x0000000008002a7c                Error_Handler
 .text.HAL_MspInit
                0x0000000008002a84       0x64 Core/Src/stm32f1xx_hal_msp.o
                0x0000000008002a84                HAL_MspInit
 .text.HAL_TIM_Base_MspInit
                0x0000000008002ae8       0xa8 Core/Src/stm32f1xx_hal_msp.o
                0x0000000008002ae8                HAL_TIM_Base_MspInit
 .text.HAL_TIM_MspPostInit
                0x0000000008002b90       0x68 Core/Src/stm32f1xx_hal_msp.o
                0x0000000008002b90                HAL_TIM_MspPostInit
 .text.NMI_Handler
                0x0000000008002bf8        0x6 Core/Src/stm32f1xx_it.o
                0x0000000008002bf8                NMI_Handler
 .text.HardFault_Handler
                0x0000000008002bfe        0x6 Core/Src/stm32f1xx_it.o
                0x0000000008002bfe                HardFault_Handler
 .text.MemManage_Handler
                0x0000000008002c04        0x6 Core/Src/stm32f1xx_it.o
                0x0000000008002c04                MemManage_Handler
 .text.BusFault_Handler
                0x0000000008002c0a        0x6 Core/Src/stm32f1xx_it.o
                0x0000000008002c0a                BusFault_Handler
 .text.UsageFault_Handler
                0x0000000008002c10        0x6 Core/Src/stm32f1xx_it.o
                0x0000000008002c10                UsageFault_Handler
 .text.SVC_Handler
                0x0000000008002c16        0xc Core/Src/stm32f1xx_it.o
                0x0000000008002c16                SVC_Handler
 .text.DebugMon_Handler
                0x0000000008002c22        0xc Core/Src/stm32f1xx_it.o
                0x0000000008002c22                DebugMon_Handler
 .text.PendSV_Handler
                0x0000000008002c2e        0xc Core/Src/stm32f1xx_it.o
                0x0000000008002c2e                PendSV_Handler
 .text.SysTick_Handler
                0x0000000008002c3a        0xc Core/Src/stm32f1xx_it.o
                0x0000000008002c3a                SysTick_Handler
 *fill*         0x0000000008002c46        0x2 
 .text.USB_LP_CAN1_RX0_IRQHandler
                0x0000000008002c48       0x14 Core/Src/stm32f1xx_it.o
                0x0000000008002c48                USB_LP_CAN1_RX0_IRQHandler
 .text.TIM2_IRQHandler
                0x0000000008002c5c       0x14 Core/Src/stm32f1xx_it.o
                0x0000000008002c5c                TIM2_IRQHandler
 .text.TIM3_IRQHandler
                0x0000000008002c70       0x14 Core/Src/stm32f1xx_it.o
                0x0000000008002c70                TIM3_IRQHandler
 .text.SystemInit
                0x0000000008002c84        0xc Core/Src/system_stm32f1xx.o
                0x0000000008002c84                SystemInit
 .text.Reset_Handler
                0x0000000008002c90       0x48 Core/Startup/startup_stm32f103c8tx.o
                0x0000000008002c90                Reset_Handler
 .text.Default_Handler
                0x0000000008002cd8        0x2 Core/Startup/startup_stm32f103c8tx.o
                0x0000000008002cd8                RTC_Alarm_IRQHandler
                0x0000000008002cd8                EXTI2_IRQHandler
                0x0000000008002cd8                TIM1_CC_IRQHandler
                0x0000000008002cd8                PVD_IRQHandler
                0x0000000008002cd8                EXTI3_IRQHandler
                0x0000000008002cd8                EXTI0_IRQHandler
                0x0000000008002cd8                I2C2_EV_IRQHandler
                0x0000000008002cd8                ADC1_2_IRQHandler
                0x0000000008002cd8                SPI1_IRQHandler
                0x0000000008002cd8                TAMPER_IRQHandler
                0x0000000008002cd8                DMA1_Channel4_IRQHandler
                0x0000000008002cd8                USART3_IRQHandler
                0x0000000008002cd8                RTC_IRQHandler
                0x0000000008002cd8                DMA1_Channel7_IRQHandler
                0x0000000008002cd8                CAN1_RX1_IRQHandler
                0x0000000008002cd8                TIM4_IRQHandler
                0x0000000008002cd8                I2C1_EV_IRQHandler
                0x0000000008002cd8                DMA1_Channel6_IRQHandler
                0x0000000008002cd8                RCC_IRQHandler
                0x0000000008002cd8                TIM1_TRG_COM_IRQHandler
                0x0000000008002cd8                DMA1_Channel1_IRQHandler
                0x0000000008002cd8                Default_Handler
                0x0000000008002cd8                EXTI15_10_IRQHandler
                0x0000000008002cd8                EXTI9_5_IRQHandler
                0x0000000008002cd8                SPI2_IRQHandler
                0x0000000008002cd8                DMA1_Channel5_IRQHandler
                0x0000000008002cd8                EXTI4_IRQHandler
                0x0000000008002cd8                USB_HP_CAN1_TX_IRQHandler
                0x0000000008002cd8                DMA1_Channel3_IRQHandler
                0x0000000008002cd8                TIM1_UP_IRQHandler
                0x0000000008002cd8                WWDG_IRQHandler
                0x0000000008002cd8                TIM1_BRK_IRQHandler
                0x0000000008002cd8                EXTI1_IRQHandler
                0x0000000008002cd8                USART2_IRQHandler
                0x0000000008002cd8                I2C2_ER_IRQHandler
                0x0000000008002cd8                DMA1_Channel2_IRQHandler
                0x0000000008002cd8                CAN1_SCE_IRQHandler
                0x0000000008002cd8                FLASH_IRQHandler
                0x0000000008002cd8                USART1_IRQHandler
                0x0000000008002cd8                I2C1_ER_IRQHandler
                0x0000000008002cd8                USBWakeUp_IRQHandler
 *fill*         0x0000000008002cda        0x2 
 .text.HAL_Init
                0x0000000008002cdc       0x2c Drivers/STM32F1xx_HAL_Driver/Src/stm32f1xx_hal.o
                0x0000000008002cdc                HAL_Init
 .text.HAL_InitTick
                0x0000000008002d08       0x60 Drivers/STM32F1xx_HAL_Driver/Src/stm32f1xx_hal.o
                0x0000000008002d08                HAL_InitTick
 .text.HAL_IncTick
                0x0000000008002d68       0x24 Drivers/STM32F1xx_HAL_Driver/Src/stm32f1xx_hal.o
                0x0000000008002d68                HAL_IncTick
 .text.HAL_GetTick
                0x0000000008002d8c       0x14 Drivers/STM32F1xx_HAL_Driver/Src/stm32f1xx_hal.o
                0x0000000008002d8c                HAL_GetTick
 .text.__NVIC_SetPriorityGrouping
                0x0000000008002da0       0x48 Drivers/STM32F1xx_HAL_Driver/Src/stm32f1xx_hal_cortex.o
 .text.__NVIC_GetPriorityGrouping
                0x0000000008002de8       0x1c Drivers/STM32F1xx_HAL_Driver/Src/stm32f1xx_hal_cortex.o
 .text.__NVIC_EnableIRQ
                0x0000000008002e04       0x38 Drivers/STM32F1xx_HAL_Driver/Src/stm32f1xx_hal_cortex.o
 .text.__NVIC_SetPriority
                0x0000000008002e3c       0x54 Drivers/STM32F1xx_HAL_Driver/Src/stm32f1xx_hal_cortex.o
 .text.NVIC_EncodePriority
                0x0000000008002e90       0x64 Drivers/STM32F1xx_HAL_Driver/Src/stm32f1xx_hal_cortex.o
 .text.SysTick_Config
                0x0000000008002ef4       0x44 Drivers/STM32F1xx_HAL_Driver/Src/stm32f1xx_hal_cortex.o
 .text.HAL_NVIC_SetPriorityGrouping
                0x0000000008002f38       0x16 Drivers/STM32F1xx_HAL_Driver/Src/stm32f1xx_hal_cortex.o
                0x0000000008002f38                HAL_NVIC_SetPriorityGrouping
 .text.HAL_NVIC_SetPriority
                0x0000000008002f4e       0x38 Drivers/STM32F1xx_HAL_Driver/Src/stm32f1xx_hal_cortex.o
                0x0000000008002f4e                HAL_NVIC_SetPriority
 .text.HAL_NVIC_EnableIRQ
                0x0000000008002f86       0x1c Drivers/STM32F1xx_HAL_Driver/Src/stm32f1xx_hal_cortex.o
                0x0000000008002f86                HAL_NVIC_EnableIRQ
 .text.HAL_SYSTICK_Config
                0x0000000008002fa2       0x18 Drivers/STM32F1xx_HAL_Driver/Src/stm32f1xx_hal_cortex.o
                0x0000000008002fa2                HAL_SYSTICK_Config
 *fill*         0x0000000008002fba        0x2 
 .text.HAL_GPIO_Init
                0x0000000008002fbc      0x2b4 Drivers/STM32F1xx_HAL_Driver/Src/stm32f1xx_hal_gpio.o
                0x0000000008002fbc                HAL_GPIO_Init
 .text.HAL_GPIO_ReadPin
                0x0000000008003270       0x2e Drivers/STM32F1xx_HAL_Driver/Src/stm32f1xx_hal_gpio.o
                0x0000000008003270                HAL_GPIO_ReadPin
 .text.HAL_GPIO_WritePin
                0x000000000800329e       0x30 Drivers/STM32F1xx_HAL_Driver/Src/stm32f1xx_hal_gpio.o
                0x000000000800329e                HAL_GPIO_WritePin
 .text.HAL_PCD_Init
                0x00000000080032ce      0x216 Drivers/STM32F1xx_HAL_Driver/Src/stm32f1xx_hal_pcd.o
                0x00000000080032ce                HAL_PCD_Init
 .text.HAL_PCD_Start
                0x00000000080034e4       0x4c Drivers/STM32F1xx_HAL_Driver/Src/stm32f1xx_hal_pcd.o
                0x00000000080034e4                HAL_PCD_Start
 .text.HAL_PCD_IRQHandler
                0x0000000008003530      0x2aa Drivers/STM32F1xx_HAL_Driver/Src/stm32f1xx_hal_pcd.o
                0x0000000008003530                HAL_PCD_IRQHandler
 .text.HAL_PCD_SetAddress
                0x00000000080037da       0x4a Drivers/STM32F1xx_HAL_Driver/Src/stm32f1xx_hal_pcd.o
                0x00000000080037da                HAL_PCD_SetAddress
 .text.HAL_PCD_EP_Open
                0x0000000008003824       0xcc Drivers/STM32F1xx_HAL_Driver/Src/stm32f1xx_hal_pcd.o
                0x0000000008003824                HAL_PCD_EP_Open
 .text.HAL_PCD_EP_Close
                0x00000000080038f0       0x90 Drivers/STM32F1xx_HAL_Driver/Src/stm32f1xx_hal_pcd.o
                0x00000000080038f0                HAL_PCD_EP_Close
 .text.HAL_PCD_EP_Receive
                0x0000000008003980       0x7a Drivers/STM32F1xx_HAL_Driver/Src/stm32f1xx_hal_pcd.o
                0x0000000008003980                HAL_PCD_EP_Receive
 .text.HAL_PCD_EP_GetRxCount
                0x00000000080039fa       0x2e Drivers/STM32F1xx_HAL_Driver/Src/stm32f1xx_hal_pcd.o
                0x00000000080039fa                HAL_PCD_EP_GetRxCount
 .text.HAL_PCD_EP_Transmit
                0x0000000008003a28       0x86 Drivers/STM32F1xx_HAL_Driver/Src/stm32f1xx_hal_pcd.o
                0x0000000008003a28                HAL_PCD_EP_Transmit
 .text.HAL_PCD_EP_SetStall
                0x0000000008003aae       0xc0 Drivers/STM32F1xx_HAL_Driver/Src/stm32f1xx_hal_pcd.o
                0x0000000008003aae                HAL_PCD_EP_SetStall
 .text.HAL_PCD_EP_ClrStall
                0x0000000008003b6e       0xa8 Drivers/STM32F1xx_HAL_Driver/Src/stm32f1xx_hal_pcd.o
                0x0000000008003b6e                HAL_PCD_EP_ClrStall
 .text.PCD_EP_ISR_Handler
                0x0000000008003c16      0x5e6 Drivers/STM32F1xx_HAL_Driver/Src/stm32f1xx_hal_pcd.o
 .text.HAL_PCD_EP_DB_Receive
                0x00000000080041fc      0x21a Drivers/STM32F1xx_HAL_Driver/Src/stm32f1xx_hal_pcd.o
 .text.HAL_PCD_EP_DB_Transmit
                0x0000000008004416      0x53a Drivers/STM32F1xx_HAL_Driver/Src/stm32f1xx_hal_pcd.o
 .text.HAL_PCDEx_PMAConfig
                0x0000000008004950       0x84 Drivers/STM32F1xx_HAL_Driver/Src/stm32f1xx_hal_pcd_ex.o
                0x0000000008004950                HAL_PCDEx_PMAConfig
 .text.HAL_RCC_OscConfig
                0x00000000080049d4      0x500 Drivers/STM32F1xx_HAL_Driver/Src/stm32f1xx_hal_rcc.o
                0x00000000080049d4                HAL_RCC_OscConfig
 .text.HAL_RCC_ClockConfig
                0x0000000008004ed4      0x1d4 Drivers/STM32F1xx_HAL_Driver/Src/stm32f1xx_hal_rcc.o
                0x0000000008004ed4                HAL_RCC_ClockConfig
 .text.HAL_RCC_GetSysClockFreq
                0x00000000080050a8       0xc4 Drivers/STM32F1xx_HAL_Driver/Src/stm32f1xx_hal_rcc.o
                0x00000000080050a8                HAL_RCC_GetSysClockFreq
 .text.RCC_Delay
                0x000000000800516c       0x3c Drivers/STM32F1xx_HAL_Driver/Src/stm32f1xx_hal_rcc.o
 .text.HAL_RCCEx_PeriphCLKConfig
                0x00000000080051a8      0x16c Drivers/STM32F1xx_HAL_Driver/Src/stm32f1xx_hal_rcc_ex.o
                0x00000000080051a8                HAL_RCCEx_PeriphCLKConfig
 .text.HAL_TIM_Base_Init
                0x0000000008005314       0x9e Drivers/STM32F1xx_HAL_Driver/Src/stm32f1xx_hal_tim.o
                0x0000000008005314                HAL_TIM_Base_Init
 *fill*         0x00000000080053b2        0x2 
 .text.HAL_TIM_Base_Start
                0x00000000080053b4       0x94 Drivers/STM32F1xx_HAL_Driver/Src/stm32f1xx_hal_tim.o
                0x00000000080053b4                HAL_TIM_Base_Start
 .text.HAL_TIM_Base_Start_IT
                0x0000000008005448       0xa4 Drivers/STM32F1xx_HAL_Driver/Src/stm32f1xx_hal_tim.o
                0x0000000008005448                HAL_TIM_Base_Start_IT
 .text.HAL_TIM_PWM_Init
                0x00000000080054ec       0x9e Drivers/STM32F1xx_HAL_Driver/Src/stm32f1xx_hal_tim.o
                0x00000000080054ec                HAL_TIM_PWM_Init
 .text.HAL_TIM_PWM_MspInit
                0x000000000800558a       0x12 Drivers/STM32F1xx_HAL_Driver/Src/stm32f1xx_hal_tim.o
                0x000000000800558a                HAL_TIM_PWM_MspInit
 .text.HAL_TIM_PWM_Start
                0x000000000800559c      0x144 Drivers/STM32F1xx_HAL_Driver/Src/stm32f1xx_hal_tim.o
                0x000000000800559c                HAL_TIM_PWM_Start
 .text.HAL_TIM_IRQHandler
                0x00000000080056e0      0x210 Drivers/STM32F1xx_HAL_Driver/Src/stm32f1xx_hal_tim.o
                0x00000000080056e0                HAL_TIM_IRQHandler
 .text.HAL_TIM_PWM_ConfigChannel
                0x00000000080058f0      0x17c Drivers/STM32F1xx_HAL_Driver/Src/stm32f1xx_hal_tim.o
                0x00000000080058f0                HAL_TIM_PWM_ConfigChannel
 .text.HAL_TIM_ConfigClockSource
                0x0000000008005a6c      0x16e Drivers/STM32F1xx_HAL_Driver/Src/stm32f1xx_hal_tim.o
                0x0000000008005a6c                HAL_TIM_ConfigClockSource
 .text.HAL_TIM_OC_DelayElapsedCallback
                0x0000000008005bda       0x12 Drivers/STM32F1xx_HAL_Driver/Src/stm32f1xx_hal_tim.o
                0x0000000008005bda                HAL_TIM_OC_DelayElapsedCallback
 .text.HAL_TIM_IC_CaptureCallback
                0x0000000008005bec       0x12 Drivers/STM32F1xx_HAL_Driver/Src/stm32f1xx_hal_tim.o
                0x0000000008005bec                HAL_TIM_IC_CaptureCallback
 .text.HAL_TIM_PWM_PulseFinishedCallback
                0x0000000008005bfe       0x12 Drivers/STM32F1xx_HAL_Driver/Src/stm32f1xx_hal_tim.o
                0x0000000008005bfe                HAL_TIM_PWM_PulseFinishedCallback
 .text.HAL_TIM_TriggerCallback
                0x0000000008005c10       0x12 Drivers/STM32F1xx_HAL_Driver/Src/stm32f1xx_hal_tim.o
                0x0000000008005c10                HAL_TIM_TriggerCallback
 *fill*         0x0000000008005c22        0x2 
 .text.TIM_Base_SetConfig
                0x0000000008005c24       0xc4 Drivers/STM32F1xx_HAL_Driver/Src/stm32f1xx_hal_tim.o
                0x0000000008005c24                TIM_Base_SetConfig
 .text.TIM_OC1_SetConfig
                0x0000000008005ce8       0xcc Drivers/STM32F1xx_HAL_Driver/Src/stm32f1xx_hal_tim.o
 .text.TIM_OC2_SetConfig
                0x0000000008005db4       0xd4 Drivers/STM32F1xx_HAL_Driver/Src/stm32f1xx_hal_tim.o
                0x0000000008005db4                TIM_OC2_SetConfig
 .text.TIM_OC3_SetConfig
                0x0000000008005e88       0xd4 Drivers/STM32F1xx_HAL_Driver/Src/stm32f1xx_hal_tim.o
 .text.TIM_OC4_SetConfig
                0x0000000008005f5c       0x9c Drivers/STM32F1xx_HAL_Driver/Src/stm32f1xx_hal_tim.o
 .text.TIM_TI1_ConfigInputStage
                0x0000000008005ff8       0x5c Drivers/STM32F1xx_HAL_Driver/Src/stm32f1xx_hal_tim.o
 .text.TIM_TI2_ConfigInputStage
                0x0000000008006054       0x5e Drivers/STM32F1xx_HAL_Driver/Src/stm32f1xx_hal_tim.o
 .text.TIM_ITRx_SetConfig
                0x00000000080060b2       0x34 Drivers/STM32F1xx_HAL_Driver/Src/stm32f1xx_hal_tim.o
 .text.TIM_ETR_SetConfig
                0x00000000080060e6       0x3e Drivers/STM32F1xx_HAL_Driver/Src/stm32f1xx_hal_tim.o
                0x00000000080060e6                TIM_ETR_SetConfig
 .text.TIM_CCxChannelCmd
                0x0000000008006124       0x48 Drivers/STM32F1xx_HAL_Driver/Src/stm32f1xx_hal_tim.o
                0x0000000008006124                TIM_CCxChannelCmd
 .text.HAL_TIMEx_MasterConfigSynchronization
                0x000000000800616c       0xbc Drivers/STM32F1xx_HAL_Driver/Src/stm32f1xx_hal_tim_ex.o
                0x000000000800616c                HAL_TIMEx_MasterConfigSynchronization
 .text.HAL_TIMEx_ConfigBreakDeadTime
                0x0000000008006228       0xa2 Drivers/STM32F1xx_HAL_Driver/Src/stm32f1xx_hal_tim_ex.o
                0x0000000008006228                HAL_TIMEx_ConfigBreakDeadTime
 .text.HAL_TIMEx_CommutCallback
                0x00000000080062ca       0x12 Drivers/STM32F1xx_HAL_Driver/Src/stm32f1xx_hal_tim_ex.o
                0x00000000080062ca                HAL_TIMEx_CommutCallback
 .text.HAL_TIMEx_BreakCallback
                0x00000000080062dc       0x12 Drivers/STM32F1xx_HAL_Driver/Src/stm32f1xx_hal_tim_ex.o
                0x00000000080062dc                HAL_TIMEx_BreakCallback
 .text.USB_CoreInit
                0x00000000080062ee       0x20 Drivers/STM32F1xx_HAL_Driver/Src/stm32f1xx_ll_usb.o
                0x00000000080062ee                USB_CoreInit
 .text.USB_EnableGlobalInt
                0x000000000800630e       0x2c Drivers/STM32F1xx_HAL_Driver/Src/stm32f1xx_ll_usb.o
                0x000000000800630e                USB_EnableGlobalInt
 .text.USB_DisableGlobalInt
                0x000000000800633a       0x34 Drivers/STM32F1xx_HAL_Driver/Src/stm32f1xx_ll_usb.o
                0x000000000800633a                USB_DisableGlobalInt
 .text.USB_SetCurrentMode
                0x000000000800636e       0x18 Drivers/STM32F1xx_HAL_Driver/Src/stm32f1xx_ll_usb.o
                0x000000000800636e                USB_SetCurrentMode
 .text.USB_DevInit
                0x0000000008006386       0x40 Drivers/STM32F1xx_HAL_Driver/Src/stm32f1xx_ll_usb.o
                0x0000000008006386                USB_DevInit
 *fill*         0x00000000080063c6        0x2 
 .text.USB_ActivateEndpoint
                0x00000000080063c8      0x6d4 Drivers/STM32F1xx_HAL_Driver/Src/stm32f1xx_ll_usb.o
                0x00000000080063c8                USB_ActivateEndpoint
 .text.USB_DeactivateEndpoint
                0x0000000008006a9c      0x3d8 Drivers/STM32F1xx_HAL_Driver/Src/stm32f1xx_ll_usb.o
                0x0000000008006a9c                USB_DeactivateEndpoint
 .text.USB_EPStartXfer
                0x0000000008006e74     0x1240 Drivers/STM32F1xx_HAL_Driver/Src/stm32f1xx_ll_usb.o
                0x0000000008006e74                USB_EPStartXfer
 .text.USB_EPSetStall
                0x00000000080080b4       0xa0 Drivers/STM32F1xx_HAL_Driver/Src/stm32f1xx_ll_usb.o
                0x00000000080080b4                USB_EPSetStall
 .text.USB_EPClearStall
                0x0000000008008154      0x15a Drivers/STM32F1xx_HAL_Driver/Src/stm32f1xx_ll_usb.o
                0x0000000008008154                USB_EPClearStall
 .text.USB_SetDevAddress
                0x00000000080082ae       0x26 Drivers/STM32F1xx_HAL_Driver/Src/stm32f1xx_ll_usb.o
                0x00000000080082ae                USB_SetDevAddress
 .text.USB_DevConnect
                0x00000000080082d4       0x14 Drivers/STM32F1xx_HAL_Driver/Src/stm32f1xx_ll_usb.o
                0x00000000080082d4                USB_DevConnect
 .text.USB_DevDisconnect
                0x00000000080082e8       0x14 Drivers/STM32F1xx_HAL_Driver/Src/stm32f1xx_ll_usb.o
                0x00000000080082e8                USB_DevDisconnect
 .text.USB_ReadInterrupts
                0x00000000080082fc       0x1e Drivers/STM32F1xx_HAL_Driver/Src/stm32f1xx_ll_usb.o
                0x00000000080082fc                USB_ReadInterrupts
 .text.USB_EP0_OutStart
                0x000000000800831a       0x16 Drivers/STM32F1xx_HAL_Driver/Src/stm32f1xx_ll_usb.o
                0x000000000800831a                USB_EP0_OutStart
 .text.USB_WritePMA
                0x0000000008008330       0x88 Drivers/STM32F1xx_HAL_Driver/Src/stm32f1xx_ll_usb.o
                0x0000000008008330                USB_WritePMA
 .text.USB_ReadPMA
                0x00000000080083b8       0x9e Drivers/STM32F1xx_HAL_Driver/Src/stm32f1xx_ll_usb.o
                0x00000000080083b8                USB_ReadPMA
 .text.USBD_CDC_Init
                0x0000000008008456       0xf4 Middlewares/ST/STM32_USB_Device_Library/Class/CDC/Src/usbd_cdc.o
 .text.USBD_CDC_DeInit
                0x000000000800854a       0x6e Middlewares/ST/STM32_USB_Device_Library/Class/CDC/Src/usbd_cdc.o
 .text.USBD_CDC_Setup
                0x00000000080085b8      0x140 Middlewares/ST/STM32_USB_Device_Library/Class/CDC/Src/usbd_cdc.o
 .text.USBD_CDC_DataIn
                0x00000000080086f8       0xa6 Middlewares/ST/STM32_USB_Device_Library/Class/CDC/Src/usbd_cdc.o
 .text.USBD_CDC_DataOut
                0x000000000800879e       0x56 Middlewares/ST/STM32_USB_Device_Library/Class/CDC/Src/usbd_cdc.o
 .text.USBD_CDC_EP0_RxReady
                0x00000000080087f4       0x50 Middlewares/ST/STM32_USB_Device_Library/Class/CDC/Src/usbd_cdc.o
 .text.USBD_CDC_GetFSCfgDesc
                0x0000000008008844       0x20 Middlewares/ST/STM32_USB_Device_Library/Class/CDC/Src/usbd_cdc.o
 .text.USBD_CDC_GetHSCfgDesc
                0x0000000008008864       0x20 Middlewares/ST/STM32_USB_Device_Library/Class/CDC/Src/usbd_cdc.o
 .text.USBD_CDC_GetOtherSpeedCfgDesc
                0x0000000008008884       0x20 Middlewares/ST/STM32_USB_Device_Library/Class/CDC/Src/usbd_cdc.o
 .text.USBD_CDC_GetDeviceQualifierDescriptor
                0x00000000080088a4       0x20 Middlewares/ST/STM32_USB_Device_Library/Class/CDC/Src/usbd_cdc.o
                0x00000000080088a4                USBD_CDC_GetDeviceQualifierDescriptor
 .text.USBD_CDC_RegisterInterface
                0x00000000080088c4       0x2c Middlewares/ST/STM32_USB_Device_Library/Class/CDC/Src/usbd_cdc.o
                0x00000000080088c4                USBD_CDC_RegisterInterface
 .text.USBD_CDC_SetTxBuffer
                0x00000000080088f0       0x32 Middlewares/ST/STM32_USB_Device_Library/Class/CDC/Src/usbd_cdc.o
                0x00000000080088f0                USBD_CDC_SetTxBuffer
 .text.USBD_CDC_SetRxBuffer
                0x0000000008008922       0x26 Middlewares/ST/STM32_USB_Device_Library/Class/CDC/Src/usbd_cdc.o
                0x0000000008008922                USBD_CDC_SetRxBuffer
 .text.USBD_CDC_TransmitPacket
                0x0000000008008948       0x5e Middlewares/ST/STM32_USB_Device_Library/Class/CDC/Src/usbd_cdc.o
                0x0000000008008948                USBD_CDC_TransmitPacket
 .text.USBD_CDC_ReceivePacket
                0x00000000080089a6       0x54 Middlewares/ST/STM32_USB_Device_Library/Class/CDC/Src/usbd_cdc.o
                0x00000000080089a6                USBD_CDC_ReceivePacket
 .text.USBD_Init
                0x00000000080089fa       0x56 Middlewares/ST/STM32_USB_Device_Library/Core/Src/usbd_core.o
                0x00000000080089fa                USBD_Init
 .text.USBD_RegisterClass
                0x0000000008008a50       0x32 Middlewares/ST/STM32_USB_Device_Library/Core/Src/usbd_core.o
                0x0000000008008a50                USBD_RegisterClass
 .text.USBD_Start
                0x0000000008008a82       0x18 Middlewares/ST/STM32_USB_Device_Library/Core/Src/usbd_core.o
                0x0000000008008a82                USBD_Start
 .text.USBD_RunTestMode
                0x0000000008008a9a       0x14 Middlewares/ST/STM32_USB_Device_Library/Core/Src/usbd_core.o
                0x0000000008008a9a                USBD_RunTestMode
 .text.USBD_SetClassConfig
                0x0000000008008aae       0x3e Middlewares/ST/STM32_USB_Device_Library/Core/Src/usbd_core.o
                0x0000000008008aae                USBD_SetClassConfig
 .text.USBD_ClrClassConfig
                0x0000000008008aec       0x26 Middlewares/ST/STM32_USB_Device_Library/Core/Src/usbd_core.o
                0x0000000008008aec                USBD_ClrClassConfig
 .text.USBD_LL_SetupStage
                0x0000000008008b12       0x96 Middlewares/ST/STM32_USB_Device_Library/Core/Src/usbd_core.o
                0x0000000008008b12                USBD_LL_SetupStage
 .text.USBD_LL_DataOutStage
                0x0000000008008ba8       0xe2 Middlewares/ST/STM32_USB_Device_Library/Core/Src/usbd_core.o
                0x0000000008008ba8                USBD_LL_DataOutStage
 .text.USBD_LL_DataInStage
                0x0000000008008c8a      0x14a Middlewares/ST/STM32_USB_Device_Library/Core/Src/usbd_core.o
                0x0000000008008c8a                USBD_LL_DataInStage
 .text.USBD_LL_Reset
                0x0000000008008dd4       0x82 Middlewares/ST/STM32_USB_Device_Library/Core/Src/usbd_core.o
                0x0000000008008dd4                USBD_LL_Reset
 .text.USBD_LL_SetSpeed
                0x0000000008008e56       0x1e Middlewares/ST/STM32_USB_Device_Library/Core/Src/usbd_core.o
                0x0000000008008e56                USBD_LL_SetSpeed
 .text.USBD_LL_Suspend
                0x0000000008008e74       0x28 Middlewares/ST/STM32_USB_Device_Library/Core/Src/usbd_core.o
                0x0000000008008e74                USBD_LL_Suspend
 .text.USBD_LL_Resume
                0x0000000008008e9c       0x2a Middlewares/ST/STM32_USB_Device_Library/Core/Src/usbd_core.o
                0x0000000008008e9c                USBD_LL_Resume
 .text.USBD_LL_SOF
                0x0000000008008ec6       0x34 Middlewares/ST/STM32_USB_Device_Library/Core/Src/usbd_core.o
                0x0000000008008ec6                USBD_LL_SOF
 *fill*         0x0000000008008efa        0x2 
 .text.USBD_StdDevReq
                0x0000000008008efc       0xd4 Middlewares/ST/STM32_USB_Device_Library/Core/Src/usbd_ctlreq.o
                0x0000000008008efc                USBD_StdDevReq
 .text.USBD_StdItfReq
                0x0000000008008fd0       0x8c Middlewares/ST/STM32_USB_Device_Library/Core/Src/usbd_ctlreq.o
                0x0000000008008fd0                USBD_StdItfReq
 .text.USBD_StdEPReq
                0x000000000800905c      0x2ba Middlewares/ST/STM32_USB_Device_Library/Core/Src/usbd_ctlreq.o
                0x000000000800905c                USBD_StdEPReq
 *fill*         0x0000000008009316        0x2 
 .text.USBD_GetDescriptor
                0x0000000008009318      0x2d0 Middlewares/ST/STM32_USB_Device_Library/Core/Src/usbd_ctlreq.o
 .text.USBD_SetAddress
                0x00000000080095e8       0x84 Middlewares/ST/STM32_USB_Device_Library/Core/Src/usbd_ctlreq.o
 .text.USBD_SetConfig
                0x000000000800966c      0x11c Middlewares/ST/STM32_USB_Device_Library/Core/Src/usbd_ctlreq.o
 .text.USBD_GetConfig
                0x0000000008009788       0x68 Middlewares/ST/STM32_USB_Device_Library/Core/Src/usbd_ctlreq.o
 .text.USBD_GetStatus
                0x00000000080097f0       0x66 Middlewares/ST/STM32_USB_Device_Library/Core/Src/usbd_ctlreq.o
 .text.USBD_SetFeature
                0x0000000008009856       0x28 Middlewares/ST/STM32_USB_Device_Library/Core/Src/usbd_ctlreq.o
 .text.USBD_ClrFeature
                0x000000000800987e       0x42 Middlewares/ST/STM32_USB_Device_Library/Core/Src/usbd_ctlreq.o
 .text.USBD_ParseSetupRequest
                0x00000000080098c0       0x78 Middlewares/ST/STM32_USB_Device_Library/Core/Src/usbd_ctlreq.o
                0x00000000080098c0                USBD_ParseSetupRequest
 .text.USBD_CtlError
                0x0000000008009938       0x22 Middlewares/ST/STM32_USB_Device_Library/Core/Src/usbd_ctlreq.o
                0x0000000008009938                USBD_CtlError
 .text.USBD_GetString
                0x000000000800995a       0x84 Middlewares/ST/STM32_USB_Device_Library/Core/Src/usbd_ctlreq.o
                0x000000000800995a                USBD_GetString
 .text.USBD_GetLen
                0x00000000080099de       0x2e Middlewares/ST/STM32_USB_Device_Library/Core/Src/usbd_ctlreq.o
 .text.USBD_CtlSendData
                0x0000000008009a0c       0x38 Middlewares/ST/STM32_USB_Device_Library/Core/Src/usbd_ioreq.o
                0x0000000008009a0c                USBD_CtlSendData
 .text.USBD_CtlContinueSendData
                0x0000000008009a44       0x24 Middlewares/ST/STM32_USB_Device_Library/Core/Src/usbd_ioreq.o
                0x0000000008009a44                USBD_CtlContinueSendData
 .text.USBD_CtlPrepareRx
                0x0000000008009a68       0x3c Middlewares/ST/STM32_USB_Device_Library/Core/Src/usbd_ioreq.o
                0x0000000008009a68                USBD_CtlPrepareRx
 .text.USBD_CtlContinueRx
                0x0000000008009aa4       0x24 Middlewares/ST/STM32_USB_Device_Library/Core/Src/usbd_ioreq.o
                0x0000000008009aa4                USBD_CtlContinueRx
 .text.USBD_CtlSendStatus
                0x0000000008009ac8       0x26 Middlewares/ST/STM32_USB_Device_Library/Core/Src/usbd_ioreq.o
                0x0000000008009ac8                USBD_CtlSendStatus
 .text.USBD_CtlReceiveStatus
                0x0000000008009aee       0x26 Middlewares/ST/STM32_USB_Device_Library/Core/Src/usbd_ioreq.o
                0x0000000008009aee                USBD_CtlReceiveStatus
 .text.MX_USB_DEVICE_Init
                0x0000000008009b14       0x60 USB_DEVICE/App/usb_device.o
                0x0000000008009b14                MX_USB_DEVICE_Init
 .text.CDC_Init_FS
                0x0000000008009b74       0x28 USB_DEVICE/App/usbd_cdc_if.o
 .text.CDC_DeInit_FS
                0x0000000008009b9c        0xe USB_DEVICE/App/usbd_cdc_if.o
 *fill*         0x0000000008009baa        0x2 
 .text.CDC_Control_FS
                0x0000000008009bac       0xbc USB_DEVICE/App/usbd_cdc_if.o
 .text.CDC_Receive_FS
                0x0000000008009c68       0x30 USB_DEVICE/App/usbd_cdc_if.o
 .text.CDC_Transmit_FS
                0x0000000008009c98       0x4c USB_DEVICE/App/usbd_cdc_if.o
                0x0000000008009c98                CDC_Transmit_FS
 .text.USBD_FS_DeviceDescriptor
                0x0000000008009ce4       0x24 USB_DEVICE/App/usbd_desc.o
                0x0000000008009ce4                USBD_FS_DeviceDescriptor
 .text.USBD_FS_LangIDStrDescriptor
                0x0000000008009d08       0x24 USB_DEVICE/App/usbd_desc.o
                0x0000000008009d08                USBD_FS_LangIDStrDescriptor
 .text.USBD_FS_ProductStrDescriptor
                0x0000000008009d2c       0x3c USB_DEVICE/App/usbd_desc.o
                0x0000000008009d2c                USBD_FS_ProductStrDescriptor
 .text.USBD_FS_ManufacturerStrDescriptor
                0x0000000008009d68       0x28 USB_DEVICE/App/usbd_desc.o
                0x0000000008009d68                USBD_FS_ManufacturerStrDescriptor
 .text.USBD_FS_SerialStrDescriptor
                0x0000000008009d90       0x24 USB_DEVICE/App/usbd_desc.o
                0x0000000008009d90                USBD_FS_SerialStrDescriptor
 .text.USBD_FS_ConfigStrDescriptor
                0x0000000008009db4       0x3c USB_DEVICE/App/usbd_desc.o
                0x0000000008009db4                USBD_FS_ConfigStrDescriptor
 .text.USBD_FS_InterfaceStrDescriptor
                0x0000000008009df0       0x3c USB_DEVICE/App/usbd_desc.o
                0x0000000008009df0                USBD_FS_InterfaceStrDescriptor
 .text.Get_SerialNum
                0x0000000008009e2c       0x58 USB_DEVICE/App/usbd_desc.o
 .text.IntToUnicode
                0x0000000008009e84       0x7a USB_DEVICE/App/usbd_desc.o
 *fill*         0x0000000008009efe        0x2 
 .text.HAL_PCD_MspInit
                0x0000000008009f00       0x4c USB_DEVICE/Target/usbd_conf.o
                0x0000000008009f00                HAL_PCD_MspInit
 .text.HAL_PCD_SetupStageCallback
                0x0000000008009f4c       0x24 USB_DEVICE/Target/usbd_conf.o
                0x0000000008009f4c                HAL_PCD_SetupStageCallback
 .text.HAL_PCD_DataOutStageCallback
                0x0000000008009f70       0x36 USB_DEVICE/Target/usbd_conf.o
                0x0000000008009f70                HAL_PCD_DataOutStageCallback
 .text.HAL_PCD_DataInStageCallback
                0x0000000008009fa6       0x34 USB_DEVICE/Target/usbd_conf.o
                0x0000000008009fa6                HAL_PCD_DataInStageCallback
 .text.HAL_PCD_SOFCallback
                0x0000000008009fda       0x1c USB_DEVICE/Target/usbd_conf.o
                0x0000000008009fda                HAL_PCD_SOFCallback
 .text.HAL_PCD_ResetCallback
                0x0000000008009ff6       0x3c USB_DEVICE/Target/usbd_conf.o
                0x0000000008009ff6                HAL_PCD_ResetCallback
 *fill*         0x000000000800a032        0x2 
 .text.HAL_PCD_SuspendCallback
                0x000000000800a034       0x34 USB_DEVICE/Target/usbd_conf.o
                0x000000000800a034                HAL_PCD_SuspendCallback
 .text.HAL_PCD_ResumeCallback
                0x000000000800a068       0x1c USB_DEVICE/Target/usbd_conf.o
                0x000000000800a068                HAL_PCD_ResumeCallback
 .text.USBD_LL_Init
                0x000000000800a084       0xb4 USB_DEVICE/Target/usbd_conf.o
                0x000000000800a084                USBD_LL_Init
 .text.USBD_LL_Start
                0x000000000800a138       0x36 USB_DEVICE/Target/usbd_conf.o
                0x000000000800a138                USBD_LL_Start
 .text.USBD_LL_OpenEP
                0x000000000800a16e       0x4c USB_DEVICE/Target/usbd_conf.o
                0x000000000800a16e                USBD_LL_OpenEP
 .text.USBD_LL_CloseEP
                0x000000000800a1ba       0x3e USB_DEVICE/Target/usbd_conf.o
                0x000000000800a1ba                USBD_LL_CloseEP
 .text.USBD_LL_StallEP
                0x000000000800a1f8       0x3e USB_DEVICE/Target/usbd_conf.o
                0x000000000800a1f8                USBD_LL_StallEP
 .text.USBD_LL_ClearStallEP
                0x000000000800a236       0x3e USB_DEVICE/Target/usbd_conf.o
                0x000000000800a236                USBD_LL_ClearStallEP
 .text.USBD_LL_IsStallEP
                0x000000000800a274       0x58 USB_DEVICE/Target/usbd_conf.o
                0x000000000800a274                USBD_LL_IsStallEP
 .text.USBD_LL_SetUSBAddress
                0x000000000800a2cc       0x3e USB_DEVICE/Target/usbd_conf.o
                0x000000000800a2cc                USBD_LL_SetUSBAddress
 .text.USBD_LL_Transmit
                0x000000000800a30a       0x46 USB_DEVICE/Target/usbd_conf.o
                0x000000000800a30a                USBD_LL_Transmit
 .text.USBD_LL_PrepareReceive
                0x000000000800a350       0x46 USB_DEVICE/Target/usbd_conf.o
                0x000000000800a350                USBD_LL_PrepareReceive
 .text.USBD_LL_GetRxDataSize
                0x000000000800a396       0x26 USB_DEVICE/Target/usbd_conf.o
                0x000000000800a396                USBD_LL_GetRxDataSize
 .text.USBD_static_malloc
                0x000000000800a3bc       0x18 USB_DEVICE/Target/usbd_conf.o
                0x000000000800a3bc                USBD_static_malloc
 .text.USBD_static_free
                0x000000000800a3d4       0x12 USB_DEVICE/Target/usbd_conf.o
                0x000000000800a3d4                USBD_static_free
 .text.HAL_PCDEx_SetConnectionState
                0x000000000800a3e6       0x16 USB_DEVICE/Target/usbd_conf.o
                0x000000000800a3e6                HAL_PCDEx_SetConnectionState
 .text.USBD_Get_USB_Status
                0x000000000800a3fc       0x58 USB_DEVICE/Target/usbd_conf.o
 .text.__libc_init_array
                0x000000000800a454       0x48 c:/st/stm32cubeide_1.5.1/stm32cubeide/plugins/com.st.stm32cube.ide.mcu.externaltools.gnu-tools-for-stm32.7-2018-q2-update.win32_1.5.0.202011040924/tools/bin/../lib/gcc/arm-none-eabi/7.3.1/../../../../arm-none-eabi/lib/thumb/v7-m\libc_nano.a(lib_a-init.o)
                0x000000000800a454                __libc_init_array
 .text.memcpy   0x000000000800a49c       0x16 c:/st/stm32cubeide_1.5.1/stm32cubeide/plugins/com.st.stm32cube.ide.mcu.externaltools.gnu-tools-for-stm32.7-2018-q2-update.win32_1.5.0.202011040924/tools/bin/../lib/gcc/arm-none-eabi/7.3.1/../../../../arm-none-eabi/lib/thumb/v7-m\libc_nano.a(lib_a-memcpy-stub.o)
                0x000000000800a49c                memcpy
 .text.memset   0x000000000800a4b2       0x10 c:/st/stm32cubeide_1.5.1/stm32cubeide/plugins/com.st.stm32cube.ide.mcu.externaltools.gnu-tools-for-stm32.7-2018-q2-update.win32_1.5.0.202011040924/tools/bin/../lib/gcc/arm-none-eabi/7.3.1/../../../../arm-none-eabi/lib/thumb/v7-m\libc_nano.a(lib_a-memset.o)
                0x000000000800a4b2                memset
 *(.glue_7)
 .glue_7        0x000000000800a4c2        0x0 linker stubs
 *(.glue_7t)
 .glue_7t       0x000000000800a4c2        0x0 linker stubs
 *(.eh_frame)
 *fill*         0x000000000800a4c2        0x2 
 .eh_frame      0x000000000800a4c4        0x0 c:/st/stm32cubeide_1.5.1/stm32cubeide/plugins/com.st.stm32cube.ide.mcu.externaltools.gnu-tools-for-stm32.7-2018-q2-update.win32_1.5.0.202011040924/tools/bin/../lib/gcc/arm-none-eabi/7.3.1/thumb/v7-m/crtbegin.o
 *(.init)
 .init          0x000000000800a4c4        0x4 c:/st/stm32cubeide_1.5.1/stm32cubeide/plugins/com.st.stm32cube.ide.mcu.externaltools.gnu-tools-for-stm32.7-2018-q2-update.win32_1.5.0.202011040924/tools/bin/../lib/gcc/arm-none-eabi/7.3.1/thumb/v7-m/crti.o
                0x000000000800a4c4                _init
 .init          0x000000000800a4c8        0x8 c:/st/stm32cubeide_1.5.1/stm32cubeide/plugins/com.st.stm32cube.ide.mcu.externaltools.gnu-tools-for-stm32.7-2018-q2-update.win32_1.5.0.202011040924/tools/bin/../lib/gcc/arm-none-eabi/7.3.1/thumb/v7-m/crtn.o
 *(.fini)
 .fini          0x000000000800a4d0        0x4 c:/st/stm32cubeide_1.5.1/stm32cubeide/plugins/com.st.stm32cube.ide.mcu.externaltools.gnu-tools-for-stm32.7-2018-q2-update.win32_1.5.0.202011040924/tools/bin/../lib/gcc/arm-none-eabi/7.3.1/thumb/v7-m/crti.o
                0x000000000800a4d0                _fini
 .fini          0x000000000800a4d4        0x8 c:/st/stm32cubeide_1.5.1/stm32cubeide/plugins/com.st.stm32cube.ide.mcu.externaltools.gnu-tools-for-stm32.7-2018-q2-update.win32_1.5.0.202011040924/tools/bin/../lib/gcc/arm-none-eabi/7.3.1/thumb/v7-m/crtn.o
                0x000000000800a4dc                . = ALIGN (0x4)
                0x000000000800a4dc                _etext = .

.vfp11_veneer   0x000000000800a4dc        0x0
 .vfp11_veneer  0x000000000800a4dc        0x0 linker stubs

.v4_bx          0x000000000800a4dc        0x0
 .v4_bx         0x000000000800a4dc        0x0 linker stubs

.iplt           0x000000000800a4dc        0x0
 .iplt          0x000000000800a4dc        0x0 c:/st/stm32cubeide_1.5.1/stm32cubeide/plugins/com.st.stm32cube.ide.mcu.externaltools.gnu-tools-for-stm32.7-2018-q2-update.win32_1.5.0.202011040924/tools/bin/../lib/gcc/arm-none-eabi/7.3.1/thumb/v7-m/crtbegin.o

.rodata         0x000000000800a4dc       0x6c
                0x000000000800a4dc                . = ALIGN (0x4)
 *(.rodata)
 .rodata        0x000000000800a4dc       0x12 Drivers/STM32F1xx_HAL_Driver/Src/stm32f1xx_hal_rcc.o
 *fill*         0x000000000800a4ee        0x2 
 .rodata        0x000000000800a4f0       0x46 USB_DEVICE/App/usbd_desc.o
 *(.rodata*)
 *fill*         0x000000000800a536        0x2 
 .rodata.AHBPrescTable
                0x000000000800a538       0x10 Core/Src/system_stm32f1xx.o
                0x000000000800a538                AHBPrescTable
                0x000000000800a548                . = ALIGN (0x4)

.rel.dyn        0x000000000800a548        0x0
 .rel.iplt      0x000000000800a548        0x0 c:/st/stm32cubeide_1.5.1/stm32cubeide/plugins/com.st.stm32cube.ide.mcu.externaltools.gnu-tools-for-stm32.7-2018-q2-update.win32_1.5.0.202011040924/tools/bin/../lib/gcc/arm-none-eabi/7.3.1/thumb/v7-m/crtbegin.o

.ARM.extab      0x000000000800a548        0x0
                0x000000000800a548                . = ALIGN (0x4)
 *(.ARM.extab* .gnu.linkonce.armextab.*)
                0x000000000800a548                . = ALIGN (0x4)

.ARM            0x000000000800a548        0x0
                0x000000000800a548                . = ALIGN (0x4)
                0x000000000800a548                __exidx_start = .
 *(.ARM.exidx*)
                0x000000000800a548                __exidx_end = .
                0x000000000800a548                . = ALIGN (0x4)

.preinit_array  0x000000000800a548        0x0
                0x000000000800a548                . = ALIGN (0x4)
                0x000000000800a548                PROVIDE (__preinit_array_start = .)
 *(.preinit_array*)
                0x000000000800a548                PROVIDE (__preinit_array_end = .)
                0x000000000800a548                . = ALIGN (0x4)

.init_array     0x000000000800a548        0x4
                0x000000000800a548                . = ALIGN (0x4)
                0x000000000800a548                PROVIDE (__init_array_start = .)
 *(SORT_BY_NAME(.init_array.*))
 *(.init_array*)
 .init_array    0x000000000800a548        0x4 c:/st/stm32cubeide_1.5.1/stm32cubeide/plugins/com.st.stm32cube.ide.mcu.externaltools.gnu-tools-for-stm32.7-2018-q2-update.win32_1.5.0.202011040924/tools/bin/../lib/gcc/arm-none-eabi/7.3.1/thumb/v7-m/crtbegin.o
                0x000000000800a54c                PROVIDE (__init_array_end = .)
                0x000000000800a54c                . = ALIGN (0x4)

.fini_array     0x000000000800a54c        0x4
                0x000000000800a54c                . = ALIGN (0x4)
                [!provide]                        PROVIDE (__fini_array_start = .)
 *(SORT_BY_NAME(.fini_array.*))
 *(.fini_array*)
 .fini_array    0x000000000800a54c        0x4 c:/st/stm32cubeide_1.5.1/stm32cubeide/plugins/com.st.stm32cube.ide.mcu.externaltools.gnu-tools-for-stm32.7-2018-q2-update.win32_1.5.0.202011040924/tools/bin/../lib/gcc/arm-none-eabi/7.3.1/thumb/v7-m/crtbegin.o
                [!provide]                        PROVIDE (__fini_array_end = .)
                0x000000000800a550                . = ALIGN (0x4)
                0x000000000800a550                _sidata = LOADADDR (.data)

.data           0x0000000020000000      0x184 load address 0x000000000800a550
                0x0000000020000000                . = ALIGN (0x4)
                0x0000000020000000                _sdata = .
 *(.data)
 *(.data*)
 .data.read     0x0000000020000000        0x1 Core/Src/main.o
                0x0000000020000000                read
 .data.len      0x0000000020000001        0x1 Core/Src/main.o
                0x0000000020000001                len
 .data.command  0x0000000020000002        0x1 Core/Src/main.o
                0x0000000020000002                command
 .data.max_menu
                0x0000000020000003        0x1 Core/Src/main.o
                0x0000000020000003                max_menu
 .data.delta_time
                0x0000000020000004        0x2 Core/Src/main.o
                0x0000000020000004                delta_time
 *fill*         0x0000000020000006        0x2 
 .data.SystemCoreClock
                0x0000000020000008        0x4 Core/Src/system_stm32f1xx.o
                0x0000000020000008                SystemCoreClock
 .data.uwTickPrio
                0x000000002000000c        0x4 Drivers/STM32F1xx_HAL_Driver/Src/stm32f1xx_hal.o
                0x000000002000000c                uwTickPrio
 .data.uwTickFreq
                0x0000000020000010        0x1 Drivers/STM32F1xx_HAL_Driver/Src/stm32f1xx_hal.o
                0x0000000020000010                uwTickFreq
 *fill*         0x0000000020000011        0x3 
 .data.USBD_CDC_DeviceQualifierDesc
                0x0000000020000014        0xa Middlewares/ST/STM32_USB_Device_Library/Class/CDC/Src/usbd_cdc.o
 *fill*         0x000000002000001e        0x2 
 .data.USBD_CDC
                0x0000000020000020       0x38 Middlewares/ST/STM32_USB_Device_Library/Class/CDC/Src/usbd_cdc.o
                0x0000000020000020                USBD_CDC
 .data.USBD_CDC_CfgHSDesc
                0x0000000020000058       0x43 Middlewares/ST/STM32_USB_Device_Library/Class/CDC/Src/usbd_cdc.o
                0x0000000020000058                USBD_CDC_CfgHSDesc
 *fill*         0x000000002000009b        0x1 
 .data.USBD_CDC_CfgFSDesc
                0x000000002000009c       0x43 Middlewares/ST/STM32_USB_Device_Library/Class/CDC/Src/usbd_cdc.o
                0x000000002000009c                USBD_CDC_CfgFSDesc
 *fill*         0x00000000200000df        0x1 
 .data.USBD_CDC_OtherSpeedCfgDesc
                0x00000000200000e0       0x43 Middlewares/ST/STM32_USB_Device_Library/Class/CDC/Src/usbd_cdc.o
                0x00000000200000e0                USBD_CDC_OtherSpeedCfgDesc
 *fill*         0x0000000020000123        0x1 
 .data.USBD_Interface_fops_FS
                0x0000000020000124       0x10 USB_DEVICE/App/usbd_cdc_if.o
                0x0000000020000124                USBD_Interface_fops_FS
 .data.FS_Desc  0x0000000020000134       0x1c USB_DEVICE/App/usbd_desc.o
                0x0000000020000134                FS_Desc
 .data.USBD_FS_DeviceDesc
                0x0000000020000150       0x12 USB_DEVICE/App/usbd_desc.o
                0x0000000020000150                USBD_FS_DeviceDesc
 *fill*         0x0000000020000162        0x2 
 .data.USBD_LangIDDesc
                0x0000000020000164        0x4 USB_DEVICE/App/usbd_desc.o
                0x0000000020000164                USBD_LangIDDesc
 .data.USBD_StringSerial
                0x0000000020000168       0x1a USB_DEVICE/App/usbd_desc.o
                0x0000000020000168                USBD_StringSerial
 *(.RamFunc)
 *(.RamFunc*)
                0x0000000020000184                . = ALIGN (0x4)
 *fill*         0x0000000020000182        0x2 
                0x0000000020000184                _edata = .

.igot.plt       0x0000000020000184        0x0 load address 0x000000000800a6d4
 .igot.plt      0x0000000020000184        0x0 c:/st/stm32cubeide_1.5.1/stm32cubeide/plugins/com.st.stm32cube.ide.mcu.externaltools.gnu-tools-for-stm32.7-2018-q2-update.win32_1.5.0.202011040924/tools/bin/../lib/gcc/arm-none-eabi/7.3.1/thumb/v7-m/crtbegin.o
                0x0000000020000184                . = ALIGN (0x4)

.bss            0x0000000020000184     0x1660 load address 0x000000000800a6d4
                0x0000000020000184                _sbss = .
                0x0000000020000184                __bss_start__ = _sbss
 *(.bss)
 .bss           0x0000000020000184       0x1c c:/st/stm32cubeide_1.5.1/stm32cubeide/plugins/com.st.stm32cube.ide.mcu.externaltools.gnu-tools-for-stm32.7-2018-q2-update.win32_1.5.0.202011040924/tools/bin/../lib/gcc/arm-none-eabi/7.3.1/thumb/v7-m/crtbegin.o
 *(.bss*)
 .bss.sum       0x00000000200001a0        0x1 Core/Src/Ch_protocol.o
                0x00000000200001a0                sum
 .bss.NoACK     0x00000000200001a1        0x1 Core/Src/Ch_protocol.o
                0x00000000200001a1                NoACK
 .bss.count     0x00000000200001a2        0x1 Core/Src/IRresiver_ch.o
                0x00000000200001a2                count
 .bss.value     0x00000000200001a3        0x1 Core/Src/IRresiver_ch.o
                0x00000000200001a3                value
 .bss.adress    0x00000000200001a4        0x1 Core/Src/IRresiver_ch.o
                0x00000000200001a4                adress
 *fill*         0x00000000200001a5        0x3 
 .bss.counterTime
                0x00000000200001a8        0x4 Core/Src/main.o
                0x00000000200001a8                counterTime
 .bss.numData   0x00000000200001ac        0x1 Core/Src/main.o
                0x00000000200001ac                numData
 .bss.menu      0x00000000200001ad        0x1 Core/Src/main.o
                0x00000000200001ad                menu
 *fill*         0x00000000200001ae        0x2 
 .bss.counter_motor_time
                0x00000000200001b0        0x4 Core/Src/main.o
                0x00000000200001b0                counter_motor_time
 .bss.velocidad
                0x00000000200001b4        0x2 Core/Src/main.o
                0x00000000200001b4                velocidad
 .bss.start     0x00000000200001b6        0x1 Core/Src/main.o
                0x00000000200001b6                start
 .bss.res_V     0x00000000200001b7        0x1 Core/Src/main.o
                0x00000000200001b7                res_V
 .bss.res_a     0x00000000200001b8        0x4 Core/Src/main.o
                0x00000000200001b8                res_a
 .bss.cfgidx.8159
                0x00000000200001bc        0x1 Middlewares/ST/STM32_USB_Device_Library/Core/Src/usbd_ctlreq.o
 *fill*         0x00000000200001bd        0x3 
 .bss.mem.8227  0x00000000200001c0      0x220 USB_DEVICE/Target/usbd_conf.o
 *(COMMON)
 COMMON         0x00000000200003e0      0x184 Core/Src/Ch_protocol.o
                0x00000000200003e0                _data_protocol_save
                0x000000002000045d                resive_protocol
                0x0000000020000460                data_Ch
                0x00000000200004e0                paquete
                0x000000002000055d                i
                0x000000002000055e                check
                0x000000002000055f                wait
                0x0000000020000560                waitTime
                0x0000000020000562                repeat_m
                0x0000000020000563                ACK
 COMMON         0x0000000020000564      0x107 Core/Src/IRresiver_ch.o
                0x0000000020000564                params
                0x0000000020000640                irresults
                0x0000000020000658                Compress
                0x000000002000065c                numero_seleccionado
                0x0000000020000660                data
                0x0000000020000664                numero_temp
                0x0000000020000668                tecla_actual
                0x0000000020000669                resive
                0x000000002000066a                numero_selec_flag
 *fill*         0x000000002000066b        0x1 
 COMMON         0x000000002000066c       0x48 Core/Src/PID_ch.o
                0x000000002000066c                e_2
                0x0000000020000670                e_1
                0x0000000020000674                v1
                0x0000000020000678                q2
                0x000000002000067c                u_1
                0x0000000020000680                k
                0x0000000020000684                aux
                0x0000000020000688                theta
                0x000000002000068c                Ts
                0x0000000020000690                q1
                0x0000000020000694                tau
                0x0000000020000698                q0
                0x000000002000069c                e
                0x00000000200006a0                ti
                0x00000000200006a4                u
                0x00000000200006a8                kp
                0x00000000200006ac                td
                0x00000000200006b0                r1
 COMMON         0x00000000200006b4      0x1ac Core/Src/main.o
                0x00000000200006b4                temp_dis
                0x00000000200006b8                tiempo_motor
                0x00000000200006bc                num_sensor
                0x00000000200006c0                htim3
                0x0000000020000708                dataResiveSerial
                0x0000000020000785                move
                0x0000000020000788                data_for_send
                0x00000000200007bc                lenBuffer
                0x00000000200007c0                htim1
                0x0000000020000808                r1_enter
                0x000000002000080a                actual
                0x000000002000080b                anterior
                0x000000002000080c                revoluciones
                0x000000002000080d                direccion_num
                0x0000000020000810                htim2
                0x0000000020000858                pulsos
                0x000000002000085c                distancia
 COMMON         0x0000000020000860        0x4 Drivers/STM32F1xx_HAL_Driver/Src/stm32f1xx_hal.o
                0x0000000020000860                uwTick
 COMMON         0x0000000020000864      0x2c4 USB_DEVICE/App/usb_device.o
                0x0000000020000864                hUsbDeviceFS
 COMMON         0x0000000020000b28      0x7d0 USB_DEVICE/App/usbd_cdc_if.o
                0x0000000020000b28                UserRxBufferFS
                0x0000000020000f10                UserTxBufferFS
 COMMON         0x00000000200012f8      0x200 USB_DEVICE/App/usbd_desc.o
                0x00000000200012f8                USBD_StrDesc
 COMMON         0x00000000200014f8      0x2ec USB_DEVICE/Target/usbd_conf.o
                0x00000000200014f8                hpcd_USB_FS
                0x00000000200017e4                . = ALIGN (0x4)
                0x00000000200017e4                _ebss = .
                0x00000000200017e4                __bss_end__ = _ebss

._user_heap_stack
                0x00000000200017e4      0x604 load address 0x000000000800a6d4
                0x00000000200017e8                . = ALIGN (0x8)
 *fill*         0x00000000200017e4        0x4 
                [!provide]                        PROVIDE (end = .)
                0x00000000200017e8                PROVIDE (_end = .)
                0x00000000200019e8                . = (. + _Min_Heap_Size)
 *fill*         0x00000000200017e8      0x200 
                0x0000000020001de8                . = (. + _Min_Stack_Size)
 *fill*         0x00000000200019e8      0x400 
                0x0000000020001de8                . = ALIGN (0x8)

/DISCARD/
 libc.a(*)
 libm.a(*)
 libgcc.a(*)

.ARM.attributes
                0x0000000000000000       0x29
 *(.ARM.attributes)
 .ARM.attributes
                0x0000000000000000       0x1d c:/st/stm32cubeide_1.5.1/stm32cubeide/plugins/com.st.stm32cube.ide.mcu.externaltools.gnu-tools-for-stm32.7-2018-q2-update.win32_1.5.0.202011040924/tools/bin/../lib/gcc/arm-none-eabi/7.3.1/thumb/v7-m/crti.o
 .ARM.attributes
                0x000000000000001d       0x2d c:/st/stm32cubeide_1.5.1/stm32cubeide/plugins/com.st.stm32cube.ide.mcu.externaltools.gnu-tools-for-stm32.7-2018-q2-update.win32_1.5.0.202011040924/tools/bin/../lib/gcc/arm-none-eabi/7.3.1/thumb/v7-m/crtbegin.o
 .ARM.attributes
                0x000000000000004a       0x33 Core/Src/Ch_protocol.o
 .ARM.attributes
                0x000000000000007d       0x33 Core/Src/IRresiver_ch.o
 .ARM.attributes
                0x00000000000000b0       0x33 Core/Src/PID_ch.o
 .ARM.attributes
                0x00000000000000e3       0x33 Core/Src/main.o
 .ARM.attributes
                0x0000000000000116       0x33 Core/Src/stm32f1xx_hal_msp.o
 .ARM.attributes
                0x0000000000000149       0x33 Core/Src/stm32f1xx_it.o
 .ARM.attributes
                0x000000000000017c       0x33 Core/Src/system_stm32f1xx.o
 .ARM.attributes
                0x00000000000001af       0x21 Core/Startup/startup_stm32f103c8tx.o
 .ARM.attributes
                0x00000000000001d0       0x33 Drivers/STM32F1xx_HAL_Driver/Src/stm32f1xx_hal.o
 .ARM.attributes
                0x0000000000000203       0x33 Drivers/STM32F1xx_HAL_Driver/Src/stm32f1xx_hal_cortex.o
 .ARM.attributes
                0x0000000000000236       0x33 Drivers/STM32F1xx_HAL_Driver/Src/stm32f1xx_hal_gpio.o
 .ARM.attributes
                0x0000000000000269       0x33 Drivers/STM32F1xx_HAL_Driver/Src/stm32f1xx_hal_pcd.o
 .ARM.attributes
                0x000000000000029c       0x33 Drivers/STM32F1xx_HAL_Driver/Src/stm32f1xx_hal_pcd_ex.o
 .ARM.attributes
                0x00000000000002cf       0x33 Drivers/STM32F1xx_HAL_Driver/Src/stm32f1xx_hal_rcc.o
 .ARM.attributes
                0x0000000000000302       0x33 Drivers/STM32F1xx_HAL_Driver/Src/stm32f1xx_hal_rcc_ex.o
 .ARM.attributes
                0x0000000000000335       0x33 Drivers/STM32F1xx_HAL_Driver/Src/stm32f1xx_hal_tim.o
 .ARM.attributes
                0x0000000000000368       0x33 Drivers/STM32F1xx_HAL_Driver/Src/stm32f1xx_hal_tim_ex.o
 .ARM.attributes
                0x000000000000039b       0x33 Drivers/STM32F1xx_HAL_Driver/Src/stm32f1xx_ll_usb.o
 .ARM.attributes
                0x00000000000003ce       0x33 Middlewares/ST/STM32_USB_Device_Library/Class/CDC/Src/usbd_cdc.o
 .ARM.attributes
                0x0000000000000401       0x33 Middlewares/ST/STM32_USB_Device_Library/Core/Src/usbd_core.o
 .ARM.attributes
                0x0000000000000434       0x33 Middlewares/ST/STM32_USB_Device_Library/Core/Src/usbd_ctlreq.o
 .ARM.attributes
                0x0000000000000467       0x33 Middlewares/ST/STM32_USB_Device_Library/Core/Src/usbd_ioreq.o
 .ARM.attributes
                0x000000000000049a       0x33 USB_DEVICE/App/usb_device.o
 .ARM.attributes
                0x00000000000004cd       0x33 USB_DEVICE/App/usbd_cdc_if.o
 .ARM.attributes
                0x0000000000000500       0x33 USB_DEVICE/App/usbd_desc.o
 .ARM.attributes
                0x0000000000000533       0x33 USB_DEVICE/Target/usbd_conf.o
 .ARM.attributes
                0x0000000000000566       0x2d c:/st/stm32cubeide_1.5.1/stm32cubeide/plugins/com.st.stm32cube.ide.mcu.externaltools.gnu-tools-for-stm32.7-2018-q2-update.win32_1.5.0.202011040924/tools/bin/../lib/gcc/arm-none-eabi/7.3.1/../../../../arm-none-eabi/lib/thumb/v7-m\libc_nano.a(lib_a-init.o)
 .ARM.attributes
                0x0000000000000593       0x2d c:/st/stm32cubeide_1.5.1/stm32cubeide/plugins/com.st.stm32cube.ide.mcu.externaltools.gnu-tools-for-stm32.7-2018-q2-update.win32_1.5.0.202011040924/tools/bin/../lib/gcc/arm-none-eabi/7.3.1/../../../../arm-none-eabi/lib/thumb/v7-m\libc_nano.a(lib_a-memcpy-stub.o)
 .ARM.attributes
                0x00000000000005c0       0x2d c:/st/stm32cubeide_1.5.1/stm32cubeide/plugins/com.st.stm32cube.ide.mcu.externaltools.gnu-tools-for-stm32.7-2018-q2-update.win32_1.5.0.202011040924/tools/bin/../lib/gcc/arm-none-eabi/7.3.1/../../../../arm-none-eabi/lib/thumb/v7-m\libc_nano.a(lib_a-memset.o)
 .ARM.attributes
                0x00000000000005ed       0x1d c:/st/stm32cubeide_1.5.1/stm32cubeide/plugins/com.st.stm32cube.ide.mcu.externaltools.gnu-tools-for-stm32.7-2018-q2-update.win32_1.5.0.202011040924/tools/bin/../lib/gcc/arm-none-eabi/7.3.1/thumb/v7-m\libgcc.a(_arm_addsubdf3.o)
 .ARM.attributes
                0x000000000000060a       0x1d c:/st/stm32cubeide_1.5.1/stm32cubeide/plugins/com.st.stm32cube.ide.mcu.externaltools.gnu-tools-for-stm32.7-2018-q2-update.win32_1.5.0.202011040924/tools/bin/../lib/gcc/arm-none-eabi/7.3.1/thumb/v7-m\libgcc.a(_arm_muldivdf3.o)
 .ARM.attributes
                0x0000000000000627       0x1d c:/st/stm32cubeide_1.5.1/stm32cubeide/plugins/com.st.stm32cube.ide.mcu.externaltools.gnu-tools-for-stm32.7-2018-q2-update.win32_1.5.0.202011040924/tools/bin/../lib/gcc/arm-none-eabi/7.3.1/thumb/v7-m\libgcc.a(_arm_truncdfsf2.o)
 .ARM.attributes
                0x0000000000000644       0x1d c:/st/stm32cubeide_1.5.1/stm32cubeide/plugins/com.st.stm32cube.ide.mcu.externaltools.gnu-tools-for-stm32.7-2018-q2-update.win32_1.5.0.202011040924/tools/bin/../lib/gcc/arm-none-eabi/7.3.1/thumb/v7-m\libgcc.a(_arm_addsubsf3.o)
 .ARM.attributes
                0x0000000000000661       0x1d c:/st/stm32cubeide_1.5.1/stm32cubeide/plugins/com.st.stm32cube.ide.mcu.externaltools.gnu-tools-for-stm32.7-2018-q2-update.win32_1.5.0.202011040924/tools/bin/../lib/gcc/arm-none-eabi/7.3.1/thumb/v7-m\libgcc.a(_arm_muldivsf3.o)
 .ARM.attributes
                0x000000000000067e       0x1d c:/st/stm32cubeide_1.5.1/stm32cubeide/plugins/com.st.stm32cube.ide.mcu.externaltools.gnu-tools-for-stm32.7-2018-q2-update.win32_1.5.0.202011040924/tools/bin/../lib/gcc/arm-none-eabi/7.3.1/thumb/v7-m\libgcc.a(_arm_cmpsf2.o)
 .ARM.attributes
                0x000000000000069b       0x1d c:/st/stm32cubeide_1.5.1/stm32cubeide/plugins/com.st.stm32cube.ide.mcu.externaltools.gnu-tools-for-stm32.7-2018-q2-update.win32_1.5.0.202011040924/tools/bin/../lib/gcc/arm-none-eabi/7.3.1/thumb/v7-m\libgcc.a(_arm_fixunssfsi.o)
 .ARM.attributes
                0x00000000000006b8       0x1d c:/st/stm32cubeide_1.5.1/stm32cubeide/plugins/com.st.stm32cube.ide.mcu.externaltools.gnu-tools-for-stm32.7-2018-q2-update.win32_1.5.0.202011040924/tools/bin/../lib/gcc/arm-none-eabi/7.3.1/thumb/v7-m/crtn.o
OUTPUT(IR_resiver.elf elf32-littlearm)

.debug_info     0x0000000000000000    0x17797
 .debug_info    0x0000000000000000      0xc1f Core/Src/Ch_protocol.o
 .debug_info    0x0000000000000c1f      0x520 Core/Src/IRresiver_ch.o
 .debug_info    0x000000000000113f      0xb1f Core/Src/PID_ch.o
 .debug_info    0x0000000000001c5e     0x1baf Core/Src/main.o
 .debug_info    0x000000000000380d      0xaec Core/Src/stm32f1xx_hal_msp.o
 .debug_info    0x00000000000042f9      0xbd4 Core/Src/stm32f1xx_it.o
 .debug_info    0x0000000000004ecd      0x29a Core/Src/system_stm32f1xx.o
 .debug_info    0x0000000000005167       0x22 Core/Startup/startup_stm32f103c8tx.o
 .debug_info    0x0000000000005189      0x714 Drivers/STM32F1xx_HAL_Driver/Src/stm32f1xx_hal.o
 .debug_info    0x000000000000589d      0xb51 Drivers/STM32F1xx_HAL_Driver/Src/stm32f1xx_hal_cortex.o
 .debug_info    0x00000000000063ee      0x69b Drivers/STM32F1xx_HAL_Driver/Src/stm32f1xx_hal_gpio.o
 .debug_info    0x0000000000006a89     0x122f Drivers/STM32F1xx_HAL_Driver/Src/stm32f1xx_hal_pcd.o
 .debug_info    0x0000000000007cb8      0x785 Drivers/STM32F1xx_HAL_Driver/Src/stm32f1xx_hal_pcd_ex.o
 .debug_info    0x000000000000843d      0x80f Drivers/STM32F1xx_HAL_Driver/Src/stm32f1xx_hal_rcc.o
 .debug_info    0x0000000000008c4c      0x444 Drivers/STM32F1xx_HAL_Driver/Src/stm32f1xx_hal_rcc_ex.o
 .debug_info    0x0000000000009090     0x27ef Drivers/STM32F1xx_HAL_Driver/Src/stm32f1xx_hal_tim.o
 .debug_info    0x000000000000b87f     0x136f Drivers/STM32F1xx_HAL_Driver/Src/stm32f1xx_hal_tim_ex.o
 .debug_info    0x000000000000cbee     0x17e7 Drivers/STM32F1xx_HAL_Driver/Src/stm32f1xx_ll_usb.o
 .debug_info    0x000000000000e3d5     0x17b6 Middlewares/ST/STM32_USB_Device_Library/Class/CDC/Src/usbd_cdc.o
 .debug_info    0x000000000000fb8b     0x11d2 Middlewares/ST/STM32_USB_Device_Library/Core/Src/usbd_core.o
 .debug_info    0x0000000000010d5d     0x1142 Middlewares/ST/STM32_USB_Device_Library/Core/Src/usbd_ctlreq.o
 .debug_info    0x0000000000011e9f      0xf33 Middlewares/ST/STM32_USB_Device_Library/Core/Src/usbd_ioreq.o
 .debug_info    0x0000000000012dd2      0xe7b USB_DEVICE/App/usb_device.o
 .debug_info    0x0000000000013c4d     0x1079 USB_DEVICE/App/usbd_cdc_if.o
 .debug_info    0x0000000000014cc6      0xd17 USB_DEVICE/App/usbd_desc.o
 .debug_info    0x00000000000159dd     0x1dba USB_DEVICE/Target/usbd_conf.o

.debug_abbrev   0x0000000000000000     0x3522
 .debug_abbrev  0x0000000000000000      0x219 Core/Src/Ch_protocol.o
 .debug_abbrev  0x0000000000000219      0x1cf Core/Src/IRresiver_ch.o
 .debug_abbrev  0x00000000000003e8      0x1f8 Core/Src/PID_ch.o
 .debug_abbrev  0x00000000000005e0      0x311 Core/Src/main.o
 .debug_abbrev  0x00000000000008f1      0x1a6 Core/Src/stm32f1xx_hal_msp.o
 .debug_abbrev  0x0000000000000a97      0x185 Core/Src/stm32f1xx_it.o
 .debug_abbrev  0x0000000000000c1c      0x134 Core/Src/system_stm32f1xx.o
 .debug_abbrev  0x0000000000000d50       0x12 Core/Startup/startup_stm32f103c8tx.o
 .debug_abbrev  0x0000000000000d62      0x1c7 Drivers/STM32F1xx_HAL_Driver/Src/stm32f1xx_hal.o
 .debug_abbrev  0x0000000000000f29      0x2d5 Drivers/STM32F1xx_HAL_Driver/Src/stm32f1xx_hal_cortex.o
 .debug_abbrev  0x00000000000011fe      0x1c0 Drivers/STM32F1xx_HAL_Driver/Src/stm32f1xx_hal_gpio.o
 .debug_abbrev  0x00000000000013be      0x268 Drivers/STM32F1xx_HAL_Driver/Src/stm32f1xx_hal_pcd.o
 .debug_abbrev  0x0000000000001626      0x188 Drivers/STM32F1xx_HAL_Driver/Src/stm32f1xx_hal_pcd_ex.o
 .debug_abbrev  0x00000000000017ae      0x243 Drivers/STM32F1xx_HAL_Driver/Src/stm32f1xx_hal_rcc.o
 .debug_abbrev  0x00000000000019f1      0x175 Drivers/STM32F1xx_HAL_Driver/Src/stm32f1xx_hal_rcc_ex.o
 .debug_abbrev  0x0000000000001b66      0x230 Drivers/STM32F1xx_HAL_Driver/Src/stm32f1xx_hal_tim.o
 .debug_abbrev  0x0000000000001d96      0x236 Drivers/STM32F1xx_HAL_Driver/Src/stm32f1xx_hal_tim_ex.o
 .debug_abbrev  0x0000000000001fcc      0x1d2 Drivers/STM32F1xx_HAL_Driver/Src/stm32f1xx_ll_usb.o
 .debug_abbrev  0x000000000000219e      0x2b6 Middlewares/ST/STM32_USB_Device_Library/Class/CDC/Src/usbd_cdc.o
 .debug_abbrev  0x0000000000002454      0x270 Middlewares/ST/STM32_USB_Device_Library/Core/Src/usbd_core.o
 .debug_abbrev  0x00000000000026c4      0x2a0 Middlewares/ST/STM32_USB_Device_Library/Core/Src/usbd_ctlreq.o
 .debug_abbrev  0x0000000000002964      0x1e0 Middlewares/ST/STM32_USB_Device_Library/Core/Src/usbd_ioreq.o
 .debug_abbrev  0x0000000000002b44      0x1be USB_DEVICE/App/usb_device.o
 .debug_abbrev  0x0000000000002d02      0x2b5 USB_DEVICE/App/usbd_cdc_if.o
 .debug_abbrev  0x0000000000002fb7      0x290 USB_DEVICE/App/usbd_desc.o
 .debug_abbrev  0x0000000000003247      0x2db USB_DEVICE/Target/usbd_conf.o

.debug_aranges  0x0000000000000000     0x10e0
 .debug_aranges
                0x0000000000000000       0x48 Core/Src/Ch_protocol.o
 .debug_aranges
                0x0000000000000048       0x50 Core/Src/IRresiver_ch.o
 .debug_aranges
                0x0000000000000098       0x38 Core/Src/PID_ch.o
 .debug_aranges
                0x00000000000000d0       0x80 Core/Src/main.o
 .debug_aranges
                0x0000000000000150       0x38 Core/Src/stm32f1xx_hal_msp.o
 .debug_aranges
                0x0000000000000188       0x78 Core/Src/stm32f1xx_it.o
 .debug_aranges
                0x0000000000000200       0x28 Core/Src/system_stm32f1xx.o
 .debug_aranges
                0x0000000000000228       0x28 Core/Startup/startup_stm32f103c8tx.o
 .debug_aranges
                0x0000000000000250       0xe0 Drivers/STM32F1xx_HAL_Driver/Src/stm32f1xx_hal.o
 .debug_aranges
                0x0000000000000330      0x100 Drivers/STM32F1xx_HAL_Driver/Src/stm32f1xx_hal_cortex.o
 .debug_aranges
                0x0000000000000430       0x58 Drivers/STM32F1xx_HAL_Driver/Src/stm32f1xx_hal_gpio.o
 .debug_aranges
                0x0000000000000488      0x138 Drivers/STM32F1xx_HAL_Driver/Src/stm32f1xx_hal_pcd.o
 .debug_aranges
                0x00000000000005c0       0x38 Drivers/STM32F1xx_HAL_Driver/Src/stm32f1xx_hal_pcd_ex.o
 .debug_aranges
                0x00000000000005f8       0x90 Drivers/STM32F1xx_HAL_Driver/Src/stm32f1xx_hal_rcc.o
 .debug_aranges
                0x0000000000000688       0x30 Drivers/STM32F1xx_HAL_Driver/Src/stm32f1xx_hal_rcc_ex.o
 .debug_aranges
                0x00000000000006b8      0x3d0 Drivers/STM32F1xx_HAL_Driver/Src/stm32f1xx_hal_tim.o
 .debug_aranges
                0x0000000000000a88      0x168 Drivers/STM32F1xx_HAL_Driver/Src/stm32f1xx_hal_tim_ex.o
 .debug_aranges
                0x0000000000000bf0       0xf0 Drivers/STM32F1xx_HAL_Driver/Src/stm32f1xx_ll_usb.o
 .debug_aranges
                0x0000000000000ce0       0x90 Middlewares/ST/STM32_USB_Device_Library/Class/CDC/Src/usbd_cdc.o
 .debug_aranges
                0x0000000000000d70       0xb8 Middlewares/ST/STM32_USB_Device_Library/Core/Src/usbd_core.o
 .debug_aranges
                0x0000000000000e28       0x88 Middlewares/ST/STM32_USB_Device_Library/Core/Src/usbd_ctlreq.o
 .debug_aranges
                0x0000000000000eb0       0x50 Middlewares/ST/STM32_USB_Device_Library/Core/Src/usbd_ioreq.o
 .debug_aranges
                0x0000000000000f00       0x20 USB_DEVICE/App/usb_device.o
 .debug_aranges
                0x0000000000000f20       0x48 USB_DEVICE/App/usbd_cdc_if.o
 .debug_aranges
                0x0000000000000f68       0x60 USB_DEVICE/App/usbd_desc.o
 .debug_aranges
                0x0000000000000fc8      0x118 USB_DEVICE/Target/usbd_conf.o

.debug_ranges   0x0000000000000000      0xf48
 .debug_ranges  0x0000000000000000       0x38 Core/Src/Ch_protocol.o
 .debug_ranges  0x0000000000000038       0x40 Core/Src/IRresiver_ch.o
 .debug_ranges  0x0000000000000078       0x28 Core/Src/PID_ch.o
 .debug_ranges  0x00000000000000a0       0x70 Core/Src/main.o
 .debug_ranges  0x0000000000000110       0x28 Core/Src/stm32f1xx_hal_msp.o
 .debug_ranges  0x0000000000000138       0x68 Core/Src/stm32f1xx_it.o
 .debug_ranges  0x00000000000001a0       0x18 Core/Src/system_stm32f1xx.o
 .debug_ranges  0x00000000000001b8       0x20 Core/Startup/startup_stm32f103c8tx.o
 .debug_ranges  0x00000000000001d8       0xd0 Drivers/STM32F1xx_HAL_Driver/Src/stm32f1xx_hal.o
 .debug_ranges  0x00000000000002a8       0xf0 Drivers/STM32F1xx_HAL_Driver/Src/stm32f1xx_hal_cortex.o
 .debug_ranges  0x0000000000000398       0x48 Drivers/STM32F1xx_HAL_Driver/Src/stm32f1xx_hal_gpio.o
 .debug_ranges  0x00000000000003e0      0x128 Drivers/STM32F1xx_HAL_Driver/Src/stm32f1xx_hal_pcd.o
 .debug_ranges  0x0000000000000508       0x28 Drivers/STM32F1xx_HAL_Driver/Src/stm32f1xx_hal_pcd_ex.o
 .debug_ranges  0x0000000000000530       0x80 Drivers/STM32F1xx_HAL_Driver/Src/stm32f1xx_hal_rcc.o
 .debug_ranges  0x00000000000005b0       0x20 Drivers/STM32F1xx_HAL_Driver/Src/stm32f1xx_hal_rcc_ex.o
 .debug_ranges  0x00000000000005d0      0x3c0 Drivers/STM32F1xx_HAL_Driver/Src/stm32f1xx_hal_tim.o
 .debug_ranges  0x0000000000000990      0x158 Drivers/STM32F1xx_HAL_Driver/Src/stm32f1xx_hal_tim_ex.o
 .debug_ranges  0x0000000000000ae8       0xe0 Drivers/STM32F1xx_HAL_Driver/Src/stm32f1xx_ll_usb.o
 .debug_ranges  0x0000000000000bc8       0x80 Middlewares/ST/STM32_USB_Device_Library/Class/CDC/Src/usbd_cdc.o
 .debug_ranges  0x0000000000000c48       0xa8 Middlewares/ST/STM32_USB_Device_Library/Core/Src/usbd_core.o
 .debug_ranges  0x0000000000000cf0       0x78 Middlewares/ST/STM32_USB_Device_Library/Core/Src/usbd_ctlreq.o
 .debug_ranges  0x0000000000000d68       0x40 Middlewares/ST/STM32_USB_Device_Library/Core/Src/usbd_ioreq.o
 .debug_ranges  0x0000000000000da8       0x10 USB_DEVICE/App/usb_device.o
 .debug_ranges  0x0000000000000db8       0x38 USB_DEVICE/App/usbd_cdc_if.o
 .debug_ranges  0x0000000000000df0       0x50 USB_DEVICE/App/usbd_desc.o
 .debug_ranges  0x0000000000000e40      0x108 USB_DEVICE/Target/usbd_conf.o

.debug_macro    0x0000000000000000    0x1ac97
 .debug_macro   0x0000000000000000      0x34c Core/Src/Ch_protocol.o
 .debug_macro   0x000000000000034c      0xa5a Core/Src/Ch_protocol.o
 .debug_macro   0x0000000000000da6      0x21b Core/Src/Ch_protocol.o
 .debug_macro   0x0000000000000fc1       0x2e Core/Src/Ch_protocol.o
 .debug_macro   0x0000000000000fef       0x22 Core/Src/Ch_protocol.o
 .debug_macro   0x0000000000001011       0x22 Core/Src/Ch_protocol.o
 .debug_macro   0x0000000000001033       0x8e Core/Src/Ch_protocol.o
 .debug_macro   0x00000000000010c1       0x51 Core/Src/Ch_protocol.o
 .debug_macro   0x0000000000001112       0xef Core/Src/Ch_protocol.o
 .debug_macro   0x0000000000001201       0x6a Core/Src/Ch_protocol.o
 .debug_macro   0x000000000000126b      0x1df Core/Src/Ch_protocol.o
 .debug_macro   0x000000000000144a       0x1c Core/Src/Ch_protocol.o
 .debug_macro   0x0000000000001466       0x22 Core/Src/Ch_protocol.o
 .debug_macro   0x0000000000001488       0xc3 Core/Src/Ch_protocol.o
 .debug_macro   0x000000000000154b      0xd23 Core/Src/Ch_protocol.o
 .debug_macro   0x000000000000226e     0xe097 Core/Src/Ch_protocol.o
 .debug_macro   0x0000000000010305       0x43 Core/Src/Ch_protocol.o
 .debug_macro   0x0000000000010348     0x3468 Core/Src/Ch_protocol.o
 .debug_macro   0x00000000000137b0      0x174 Core/Src/Ch_protocol.o
 .debug_macro   0x0000000000013924       0x5c Core/Src/Ch_protocol.o
 .debug_macro   0x0000000000013980      0x5be Core/Src/Ch_protocol.o
 .debug_macro   0x0000000000013f3e      0x289 Core/Src/Ch_protocol.o
 .debug_macro   0x00000000000141c7      0x1cb Core/Src/Ch_protocol.o
 .debug_macro   0x0000000000014392      0x114 Core/Src/Ch_protocol.o
 .debug_macro   0x00000000000144a6      0x1b2 Core/Src/Ch_protocol.o
 .debug_macro   0x0000000000014658       0x27 Core/Src/Ch_protocol.o
 .debug_macro   0x000000000001467f      0x136 Core/Src/Ch_protocol.o
 .debug_macro   0x00000000000147b5      0x1bc Core/Src/Ch_protocol.o
 .debug_macro   0x0000000000014971       0x34 Core/Src/Ch_protocol.o
 .debug_macro   0x00000000000149a5       0x3c Core/Src/Ch_protocol.o
 .debug_macro   0x00000000000149e1       0x57 Core/Src/Ch_protocol.o
 .debug_macro   0x0000000000014a38       0x88 Core/Src/Ch_protocol.o
 .debug_macro   0x0000000000014ac0      0x241 Core/Src/Ch_protocol.o
 .debug_macro   0x0000000000014d01      0x141 Core/Src/Ch_protocol.o
 .debug_macro   0x0000000000014e42      0x8d1 Core/Src/Ch_protocol.o
 .debug_macro   0x0000000000015713       0x65 Core/Src/Ch_protocol.o
 .debug_macro   0x0000000000015778      0x249 Core/Src/Ch_protocol.o
 .debug_macro   0x00000000000159c1       0x83 Core/Src/Ch_protocol.o
 .debug_macro   0x0000000000015a44       0x40 Core/Src/Ch_protocol.o
 .debug_macro   0x0000000000015a84       0x46 Core/Src/Ch_protocol.o
 .debug_macro   0x0000000000015aca       0x18 Core/Src/Ch_protocol.o
 .debug_macro   0x0000000000015ae2       0x3c Core/Src/Ch_protocol.o
 .debug_macro   0x0000000000015b1e       0x34 Core/Src/Ch_protocol.o
 .debug_macro   0x0000000000015b52       0x16 Core/Src/Ch_protocol.o
 .debug_macro   0x0000000000015b68       0x35 Core/Src/Ch_protocol.o
 .debug_macro   0x0000000000015b9d      0x32a Core/Src/Ch_protocol.o
 .debug_macro   0x0000000000015ec7       0x10 Core/Src/Ch_protocol.o
 .debug_macro   0x0000000000015ed7       0x52 Core/Src/Ch_protocol.o
 .debug_macro   0x0000000000015f29       0x1f Core/Src/Ch_protocol.o
 .debug_macro   0x0000000000015f48       0x43 Core/Src/Ch_protocol.o
 .debug_macro   0x0000000000015f8b       0x20 Core/Src/Ch_protocol.o
 .debug_macro   0x0000000000015fab      0x1a3 Core/Src/Ch_protocol.o
 .debug_macro   0x000000000001614e       0x10 Core/Src/Ch_protocol.o
 .debug_macro   0x000000000001615e       0x1c Core/Src/Ch_protocol.o
 .debug_macro   0x000000000001617a       0x52 Core/Src/Ch_protocol.o
 .debug_macro   0x00000000000161cc       0x40 Core/Src/Ch_protocol.o
 .debug_macro   0x000000000001620c       0x10 Core/Src/Ch_protocol.o
 .debug_macro   0x000000000001621c       0x40 Core/Src/Ch_protocol.o
 .debug_macro   0x000000000001625c       0xd7 Core/Src/Ch_protocol.o
 .debug_macro   0x0000000000016333       0x1c Core/Src/Ch_protocol.o
 .debug_macro   0x000000000001634f       0x3d Core/Src/Ch_protocol.o
 .debug_macro   0x000000000001638c       0x16 Core/Src/Ch_protocol.o
 .debug_macro   0x00000000000163a2      0x145 Core/Src/Ch_protocol.o
 .debug_macro   0x00000000000164e7       0x16 Core/Src/Ch_protocol.o
 .debug_macro   0x00000000000164fd       0x20 Core/Src/Ch_protocol.o
 .debug_macro   0x000000000001651d      0x1c6 Core/Src/IRresiver_ch.o
 .debug_macro   0x00000000000166e3       0x76 Core/Src/IRresiver_ch.o
 .debug_macro   0x0000000000016759      0x34d Core/Src/PID_ch.o
 .debug_macro   0x0000000000016aa6      0x3e3 Core/Src/main.o
 .debug_macro   0x0000000000016e89       0x16 Core/Src/main.o
 .debug_macro   0x0000000000016e9f       0x16 Core/Src/main.o
 .debug_macro   0x0000000000016eb5       0x29 Core/Src/main.o
 .debug_macro   0x0000000000016ede       0x60 Core/Src/main.o
 .debug_macro   0x0000000000016f3e      0x1c8 Core/Src/main.o
 .debug_macro   0x0000000000017106      0x1c7 Core/Src/stm32f1xx_hal_msp.o
 .debug_macro   0x00000000000172cd      0x1d1 Core/Src/stm32f1xx_it.o
 .debug_macro   0x000000000001749e      0x1bd Core/Src/system_stm32f1xx.o
 .debug_macro   0x000000000001765b      0x1e1 Drivers/STM32F1xx_HAL_Driver/Src/stm32f1xx_hal.o
 .debug_macro   0x000000000001783c      0x1bd Drivers/STM32F1xx_HAL_Driver/Src/stm32f1xx_hal_cortex.o
 .debug_macro   0x00000000000179f9      0x228 Drivers/STM32F1xx_HAL_Driver/Src/stm32f1xx_hal_gpio.o
 .debug_macro   0x0000000000017c21      0x1c9 Drivers/STM32F1xx_HAL_Driver/Src/stm32f1xx_hal_pcd.o
 .debug_macro   0x0000000000017dea      0x1bd Drivers/STM32F1xx_HAL_Driver/Src/stm32f1xx_hal_pcd_ex.o
 .debug_macro   0x0000000000017fa7      0x1cf Drivers/STM32F1xx_HAL_Driver/Src/stm32f1xx_hal_rcc.o
 .debug_macro   0x0000000000018176      0x1bd Drivers/STM32F1xx_HAL_Driver/Src/stm32f1xx_hal_rcc_ex.o
 .debug_macro   0x0000000000018333      0x1be Drivers/STM32F1xx_HAL_Driver/Src/stm32f1xx_hal_tim.o
 .debug_macro   0x00000000000184f1      0x1bd Drivers/STM32F1xx_HAL_Driver/Src/stm32f1xx_hal_tim_ex.o
 .debug_macro   0x00000000000186ae      0x1bd Drivers/STM32F1xx_HAL_Driver/Src/stm32f1xx_ll_usb.o
 .debug_macro   0x000000000001886b      0x3d4 Middlewares/ST/STM32_USB_Device_Library/Class/CDC/Src/usbd_cdc.o
 .debug_macro   0x0000000000018c3f       0x97 Middlewares/ST/STM32_USB_Device_Library/Class/CDC/Src/usbd_cdc.o
 .debug_macro   0x0000000000018cd6       0xfd Middlewares/ST/STM32_USB_Device_Library/Class/CDC/Src/usbd_cdc.o
 .debug_macro   0x0000000000018dd3       0xbd Middlewares/ST/STM32_USB_Device_Library/Class/CDC/Src/usbd_cdc.o
 .debug_macro   0x0000000000018e90       0x56 Middlewares/ST/STM32_USB_Device_Library/Class/CDC/Src/usbd_cdc.o
 .debug_macro   0x0000000000018ee6       0x8f Middlewares/ST/STM32_USB_Device_Library/Class/CDC/Src/usbd_cdc.o
 .debug_macro   0x0000000000018f75      0x3bb Middlewares/ST/STM32_USB_Device_Library/Core/Src/usbd_core.o
 .debug_macro   0x0000000000019330      0x1ce Middlewares/ST/STM32_USB_Device_Library/Core/Src/usbd_core.o
 .debug_macro   0x00000000000194fe      0x3c5 Middlewares/ST/STM32_USB_Device_Library/Core/Src/usbd_ctlreq.o
 .debug_macro   0x00000000000198c3      0x3c1 Middlewares/ST/STM32_USB_Device_Library/Core/Src/usbd_ioreq.o
 .debug_macro   0x0000000000019c84      0x3fa USB_DEVICE/App/usb_device.o
 .debug_macro   0x000000000001a07e       0x22 USB_DEVICE/App/usb_device.o
 .debug_macro   0x000000000001a0a0       0x16 USB_DEVICE/App/usb_device.o
 .debug_macro   0x000000000001a0b6      0x3df USB_DEVICE/App/usbd_cdc_if.o
 .debug_macro   0x000000000001a495       0x10 USB_DEVICE/App/usbd_cdc_if.o
 .debug_macro   0x000000000001a4a5      0x3f8 USB_DEVICE/App/usbd_desc.o
 .debug_macro   0x000000000001a89d       0x1c USB_DEVICE/App/usbd_desc.o
 .debug_macro   0x000000000001a8b9      0x3de USB_DEVICE/Target/usbd_conf.o

.debug_line     0x0000000000000000    0x1123c
 .debug_line    0x0000000000000000      0x982 Core/Src/Ch_protocol.o
 .debug_line    0x0000000000000982      0x7e7 Core/Src/IRresiver_ch.o
 .debug_line    0x0000000000001169      0x919 Core/Src/PID_ch.o
 .debug_line    0x0000000000001a82      0xbbe Core/Src/main.o
 .debug_line    0x0000000000002640      0x707 Core/Src/stm32f1xx_hal_msp.o
 .debug_line    0x0000000000002d47      0x784 Core/Src/stm32f1xx_it.o
 .debug_line    0x00000000000034cb      0x6ce Core/Src/system_stm32f1xx.o