Archive member included to satisfy reference by file (symbol)

c:/st/stm32cubeide_1.5.1/stm32cubeide/plugins/com.st.stm32cube.ide.mcu.externaltools.gnu-tools-for-stm32.7-2018-q2-update.win32_1.5.0.202011040924/tools/bin/../lib/gcc/arm-none-eabi/7.3.1/../../../../arm-none-eabi/lib/thumb/v7-m\libc_nano.a(lib_a-errno.o)
                              Core/Src/syscalls.o (__errno)
c:/st/stm32cubeide_1.5.1/stm32cubeide/plugins/com.st.stm32cube.ide.mcu.externaltools.gnu-tools-for-stm32.7-2018-q2-update.win32_1.5.0.202011040924/tools/bin/../lib/gcc/arm-none-eabi/7.3.1/../../../../arm-none-eabi/lib/thumb/v7-m\libc_nano.a(lib_a-exit.o)
                              c:/st/stm32cubeide_1.5.1/stm32cubeide/plugins/com.st.stm32cube.ide.mcu.externaltools.gnu-tools-for-stm32.7-2018-q2-update.win32_1.5.0.202011040924/tools/bin/../lib/gcc/arm-none-eabi/7.3.1/../../../../arm-none-eabi/lib/thumb/v7-m/crt0.o (exit)
c:/st/stm32cubeide_1.5.1/stm32cubeide/plugins/com.st.stm32cube.ide.mcu.externaltools.gnu-tools-for-stm32.7-2018-q2-update.win32_1.5.0.202011040924/tools/bin/../lib/gcc/arm-none-eabi/7.3.1/../../../../arm-none-eabi/lib/thumb/v7-m\libc_nano.a(lib_a-impure.o)
                              c:/st/stm32cubeide_1.5.1/stm32cubeide/plugins/com.st.stm32cube.ide.mcu.externaltools.gnu-tools-for-stm32.7-2018-q2-update.win32_1.5.0.202011040924/tools/bin/../lib/gcc/arm-none-eabi/7.3.1/../../../../arm-none-eabi/lib/thumb/v7-m\libc_nano.a(lib_a-exit.o) (_global_impure_ptr)
c:/st/stm32cubeide_1.5.1/stm32cubeide/plugins/com.st.stm32cube.ide.mcu.externaltools.gnu-tools-for-stm32.7-2018-q2-update.win32_1.5.0.202011040924/tools/bin/../lib/gcc/arm-none-eabi/7.3.1/../../../../arm-none-eabi/lib/thumb/v7-m\libc_nano.a(lib_a-init.o)
                              c:/st/stm32cubeide_1.5.1/stm32cubeide/plugins/com.st.stm32cube.ide.mcu.externaltools.gnu-tools-for-stm32.7-2018-q2-update.win32_1.5.0.202011040924/tools/bin/../lib/gcc/arm-none-eabi/7.3.1/../../../../arm-none-eabi/lib/thumb/v7-m/crt0.o (__libc_init_array)
c:/st/stm32cubeide_1.5.1/stm32cubeide/plugins/com.st.stm32cube.ide.mcu.externaltools.gnu-tools-for-stm32.7-2018-q2-update.win32_1.5.0.202011040924/tools/bin/../lib/gcc/arm-none-eabi/7.3.1/../../../../arm-none-eabi/lib/thumb/v7-m\libc_nano.a(lib_a-memcpy-stub.o)
                              Core/Src/main.o (memcpy)
c:/st/stm32cubeide_1.5.1/stm32cubeide/plugins/com.st.stm32cube.ide.mcu.externaltools.gnu-tools-for-stm32.7-2018-q2-update.win32_1.5.0.202011040924/tools/bin/../lib/gcc/arm-none-eabi/7.3.1/../../../../arm-none-eabi/lib/thumb/v7-m\libc_nano.a(lib_a-memset.o)
                              c:/st/stm32cubeide_1.5.1/stm32cubeide/plugins/com.st.stm32cube.ide.mcu.externaltools.gnu-tools-for-stm32.7-2018-q2-update.win32_1.5.0.202011040924/tools/bin/../lib/gcc/arm-none-eabi/7.3.1/../../../../arm-none-eabi/lib/thumb/v7-m/crt0.o (memset)
c:/st/stm32cubeide_1.5.1/stm32cubeide/plugins/com.st.stm32cube.ide.mcu.externaltools.gnu-tools-for-stm32.7-2018-q2-update.win32_1.5.0.202011040924/tools/bin/../lib/gcc/arm-none-eabi/7.3.1/thumb/v7-m\libgcc.a(_arm_addsubdf3.o)
                              Core/Src/PID_ch.o (__aeabi_dsub)
c:/st/stm32cubeide_1.5.1/stm32cubeide/plugins/com.st.stm32cube.ide.mcu.externaltools.gnu-tools-for-stm32.7-2018-q2-update.win32_1.5.0.202011040924/tools/bin/../lib/gcc/arm-none-eabi/7.3.1/thumb/v7-m\libgcc.a(_arm_muldivdf3.o)
                              Core/Src/PID_ch.o (__aeabi_dmul)
c:/st/stm32cubeide_1.5.1/stm32cubeide/plugins/com.st.stm32cube.ide.mcu.externaltools.gnu-tools-for-stm32.7-2018-q2-update.win32_1.5.0.202011040924/tools/bin/../lib/gcc/arm-none-eabi/7.3.1/thumb/v7-m\libgcc.a(_arm_truncdfsf2.o)
                              Core/Src/PID_ch.o (__aeabi_d2f)
c:/st/stm32cubeide_1.5.1/stm32cubeide/plugins/com.st.stm32cube.ide.mcu.externaltools.gnu-tools-for-stm32.7-2018-q2-update.win32_1.5.0.202011040924/tools/bin/../lib/gcc/arm-none-eabi/7.3.1/thumb/v7-m\libgcc.a(_arm_addsubsf3.o)
                              Core/Src/PID_ch.o (__aeabi_fsub)
c:/st/stm32cubeide_1.5.1/stm32cubeide/plugins/com.st.stm32cube.ide.mcu.externaltools.gnu-tools-for-stm32.7-2018-q2-update.win32_1.5.0.202011040924/tools/bin/../lib/gcc/arm-none-eabi/7.3.1/thumb/v7-m\libgcc.a(_arm_muldivsf3.o)
                              Core/Src/PID_ch.o (__aeabi_fmul)
c:/st/stm32cubeide_1.5.1/stm32cubeide/plugins/com.st.stm32cube.ide.mcu.externaltools.gnu-tools-for-stm32.7-2018-q2-update.win32_1.5.0.202011040924/tools/bin/../lib/gcc/arm-none-eabi/7.3.1/thumb/v7-m\libgcc.a(_arm_cmpsf2.o)
                              Core/Src/PID_ch.o (__aeabi_fcmpeq)
c:/st/stm32cubeide_1.5.1/stm32cubeide/plugins/com.st.stm32cube.ide.mcu.externaltools.gnu-tools-for-stm32.7-2018-q2-update.win32_1.5.0.202011040924/tools/bin/../lib/gcc/arm-none-eabi/7.3.1/thumb/v7-m\libgcc.a(_arm_fixunssfsi.o)
                              Core/Src/main.o (__aeabi_f2uiz)

Allocating common symbols
Common symbol       size              file

_data_protocol_save
[...]
Memory Configuration

Name             Origin             Length             Attributes
RAM              0x0000000020000000 0x0000000000005000 xrw
FLASH            0x0000000008000000 0x0000000000010000 xr
*default*        0x0000000000000000 0xffffffffffffffff

Linker script and memory map

LOAD c:/st/stm32cubeide_1.5.1/stm32cubeide/plugins/com.st.stm32cube.ide.mcu.externaltools.gnu-tools-for-stm32.7-2018-q2-update.win32_1.5.0.202011040924/tools/bin/../lib/gcc/arm-none-eabi/7.3.1/thumb/v7-m/crti.o
LOAD c:/st/stm32cubeide_1.5.1/stm32cubeide/plugins/com.st.stm32cube.ide.mcu.externaltools.gnu-tools-for-stm32.7-2018-q2-update.win32_1.5.0.202011040924/tools/bin/../lib/gcc/arm-none-eabi/7.3.1/thumb/v7-m/crtbegin.o
LOAD c:/st/stm32cubeide_1.5.1/stm32cubeide/plugins/com.st.stm32cube.ide.mcu.externaltools.gnu-tools-for-stm32.7-2018-q2-update.win32_1.5.0.202011040924/tools/bin/../lib/gcc/arm-none-eabi/7.3.1/../../../../arm-none-eabi/lib/thumb/v7-m/crt0.o
LOAD Core/Src/Ch_protocol.o
LOAD Core/Src/IRresiver_ch.o
LOAD Core/Src/PID_ch.o
LOAD Core/Src/main.o
LOAD Core/Src/stm32f1xx_hal_msp.o
LOAD Core/Src/stm32f1xx_it.o
LOAD Core/Src/syscalls.o
LOAD Core/Src/sysmem.o
LOAD Core/Src/system_stm32f1xx.o
LOAD Core/Startup/startup_stm32f103c8tx.o
LOAD Drivers/STM32F1xx_HAL_Driver/Src/stm32f1xx_hal.o
LOAD Drivers/STM32F1xx_HAL_Driver/Src/stm32f1xx_hal_cortex.o
LOAD Drivers/STM32F1xx_HAL_Driver/Src/stm32f1xx_hal_dma.o
LOAD Drivers/STM32F1xx_HAL_Driver/Src/stm32f1xx_hal_exti.o
LOAD Drivers/STM32F1xx_HAL_Driver/Src/stm32f1xx_hal_flash.o
LOAD Drivers/STM32F1xx_HAL_Driver/Src/stm32f1xx_hal_flash_ex.o
LOAD Drivers/STM32F1xx_HAL_Driver/Src/stm32f1xx_hal_gpio.o
LOAD Drivers/STM32F1xx_HAL_Driver/Src/stm32f1xx_hal_gpio_ex.o
LOAD Drivers/STM32F1xx_HAL_Driver/Src/stm32f1xx_hal_pcd.o
LOAD Drivers/STM32F1xx_HAL_Driver/Src/stm32f1xx_hal_pcd_ex.o
LOAD Drivers/STM32F1xx_HAL_Driver/Src/stm32f1xx_hal_pwr.o
LOAD Drivers/STM32F1xx_HAL_Driver/Src/stm32f1xx_hal_rcc.o
LOAD Drivers/STM32F1xx_HAL_Driver/Src/stm32f1xx_hal_rcc_ex.o
LOAD Drivers/STM32F1xx_HAL_Driver/Src/stm32f1xx_hal_tim.o
LOAD Drivers/STM32F1xx_HAL_Driver/Src/stm32f1xx_hal_tim_ex.o
LOAD Drivers/STM32F1xx_HAL_Driver/Src/stm32f1xx_ll_usb.o
LOAD Middlewares/ST/STM32_USB_Device_Library/Class/CDC/Src/usbd_cdc.o
LOAD Middlewares/ST/STM32_USB_Device_Library/Core/Src/usbd_core.o
LOAD Middlewares/ST/STM32_USB_Device_Library/Core/Src/usbd_ctlreq.o
LOAD Middlewares/ST/STM32_USB_Device_Library/Core/Src/usbd_ioreq.o
LOAD USB_DEVICE/App/usb_device.o
LOAD USB_DEVICE/App/usbd_cdc_if.o
LOAD USB_DEVICE/App/usbd_desc.o
LOAD USB_DEVICE/Target/usbd_conf.o
START GROUP
LOAD c:/st/stm32cubeide_1.5.1/stm32cubeide/plugins/com.st.stm32cube.ide.mcu.externaltools.gnu-tools-for-stm32.7-2018-q2-update.win32_1.5.0.202011040924/tools/bin/../lib/gcc/arm-none-eabi/7.3.1/../../../../arm-none-eabi/lib/thumb/v7-m\libc_nano.a
LOAD c:/st/stm32cubeide_1.5.1/stm32cubeide/plugins/com.st.stm32cube.ide.mcu.externaltools.gnu-tools-for-stm32.7-2018-q2-update.win32_1.5.0.202011040924/tools/bin/../lib/gcc/arm-none-eabi/7.3.1/../../../../arm-none-eabi/lib/thumb/v7-m\libm.a
END GROUP
START GROUP
LOAD c:/st/stm32cubeide_1.5.1/stm32cubeide/plugins/com.st.stm32cube.ide.mcu.externaltools.gnu-tools-for-stm32.7-2018-q2-update.win32_1.5.0.202011040924/tools/bin/../lib/gcc/arm-none-eabi/7.3.1/thumb/v7-m\libgcc.a
LOAD c:/st/stm32cubeide_1.5.1/stm32cubeide/plugins/com.st.stm32cube.ide.mcu.externaltools.gnu-tools-for-stm32.7-2018-q2-update.win32_1.5.0.202011040924/tools/bin/../lib/gcc/arm-none-eabi/7.3.1/../../../../arm-none-eabi/lib/thumb/v7-m\libc_nano.a
END GROUP
START GROUP
LOAD c:/st/stm32cubeide_1.5.1/stm32cubeide/plugins/com.st.stm32cube.ide.mcu.externaltools.gnu-tools-for-stm32.7-2018-q2-update.win32_1.5.0.202011040924/tools/bin/../lib/gcc/arm-none-eabi/7.3.1/thumb/v7-m\libgcc.a
LOAD c:/st/stm32cubeide_1.5.1/stm32cubeide/plugins/com.st.stm32cube.ide.mcu.externaltools.gnu-tools-for-stm32.7-2018-q2-update.win32_1.5.0.202011040924/tools/bin/../lib/gcc/arm-none-eabi/7.3.1/../../../../arm-none-eabi/lib/thumb/v7-m\libc_nano.a
LOAD c:/st/stm32cubeide_1.5.1/stm32cubeide/plugins/com.st.stm32cube.ide.mcu.externaltools.gnu-tools-for-stm32.7-2018-q2-update.win32_1.5.0.202011040924/tools/bin/../lib/gcc/arm-none-eabi/7.3.1/../../../../arm-none-eabi/lib/thumb/v7-m\libnosys.a
END GROUP
START GROUP
LOAD c:/st/stm32cubeide_1.5.1/stm32cubeide/plugins/com.st.stm32cube.ide.mcu.externaltools.gnu-tools-for-stm32.7-2018-q2-update.win32_1.5.0.202011040924/tools/bin/../lib/gcc/arm-none-eabi/7.3.1/thumb/v7-m\libgcc.a
LOAD c:/st/stm32cubeide_1.5.1/stm32cubeide/plugins/com.st.stm32cube.ide.mcu.externaltools.gnu-tools-for-stm32.7-2018-q2-update.win32_1.5.0.202011040924/tools/bin/../lib/gcc/arm-none-eabi/7.3.1/../../../../arm-none-eabi/lib/thumb/v7-m\libc_nano.a
LOAD c:/st/stm32cubeide_1.5.1/stm32cubeide/plugins/com.st.stm32cube.ide.mcu.externaltools.gnu-tools-for-stm32.7-2018-q2-update.win32_1.5.0.202011040924/tools/bin/../lib/gcc/arm-none-eabi/7.3.1/../../../../arm-none-eabi/lib/thumb/v7-m\libnosys.a
END GROUP
LOAD c:/st/stm32cubeide_1.5.1/stm32cubeide/plugins/com.st.stm32cube.ide.mcu.externaltools.gnu-tools-for-stm32.7-2018-q2-update.win32_1.5.0.202011040924/tools/bin/../lib/gcc/arm-none-eabi/7.3.1/thumb/v7-m/crtend.o
LOAD c:/st/stm32cubeide_1.5.1/stm32cubeide/plugins/com.st.stm32cube.ide.mcu.externaltools.gnu-tools-for-stm32.7-2018-q2-update.win32_1.5.0.202011040924/tools/bin/../lib/gcc/arm-none-eabi/7.3.1/thumb/v7-m/crtn.o
                0x0000000020005000                _estack = (ORIGIN (RAM) + LENGTH (RAM))
                0x0000000000000200                _Min_Heap_Size = 0x200
                0x0000000000000400                _Min_Stack_Size = 0x400

.isr_vector     0x0000000008000000      0x10c
                0x0000000008000000                . = ALIGN (0x4)
 *(.isr_vector)
 .isr_vector    0x0000000008000000      0x10c Core/Startup/startup_stm32f103c8tx.o
                0x0000000008000000                g_pfnVectors
                0x000000000800010c                . = ALIGN (0x4)

.text           0x000000000800010c     0xa2f8
                0x000000000800010c                . = ALIGN (0x4)
 *(.text)
 .text          0x000000000800010c       0x40 c:/st/stm32cubeide_1.5.1/stm32cubeide/plugins/com.st.stm32cube.ide.mcu.externaltools.gnu-tools-for-stm32.7-2018-q2-update.win32_1.5.0.202011040924/tools/bin/../lib/gcc/arm-none-eabi/7.3.1/thumb/v7-m/crtbegin.o
 .text          0x000000000800014c      0x378 c:/st/stm32cubeide_1.5.1/stm32cubeide/plugins/com.st.stm32cube.ide.mcu.externaltools.gnu-tools-for-stm32.7-2018-q2-update.win32_1.5.0.202011040924/tools/bin/../lib/gcc/arm-none-eabi/7.3.1/thumb/v7-m\libgcc.a(_arm_addsubdf3.o)
                0x000000000800014c                __aeabi_drsub
                0x0000000008000154                __aeabi_dsub
                0x0000000008000154                __subdf3
                0x0000000008000158                __aeabi_dadd
                0x0000000008000158                __adddf3
                0x00000000080003d0                __floatunsidf
                0x00000000080003d0                __aeabi_ui2d
                0x00000000080003f0                __floatsidf
                0x00000000080003f0                __aeabi_i2d
                0x0000000008000414                __aeabi_f2d
                0x0000000008000414                __extendsfdf2
                0x0000000008000458                __floatundidf
                0x0000000008000458                __aeabi_ul2d
                0x0000000008000468                __floatdidf
                0x0000000008000468                __aeabi_l2d
 .text          0x00000000080004c4      0x424 c:/st/stm32cubeide_1.5.1/stm32cubeide/plugins/com.st.stm32cube.ide.mcu.externaltools.gnu-tools-for-stm32.7-2018-q2-update.win32_1.5.0.202011040924/tools/bin/../lib/gcc/arm-none-eabi/7.3.1/thumb/v7-m\libgcc.a(_arm_muldivdf3.o)
                0x00000000080004c4                __aeabi_dmul
                0x00000000080004c4                __muldf3
                0x0000000008000718                __divdf3
                0x0000000008000718                __aeabi_ddiv
 .text          0x00000000080008e8       0xa0 c:/st/stm32cubeide_1.5.1/stm32cubeide/plugins/com.st.stm32cube.ide.mcu.externaltools.gnu-tools-for-stm32.7-2018-q2-update.win32_1.5.0.202011040924/tools/bin/../lib/gcc/arm-none-eabi/7.3.1/thumb/v7-m\libgcc.a(_arm_truncdfsf2.o)
                0x00000000080008e8                __truncdfsf2
                0x00000000080008e8                __aeabi_d2f
 .text          0x0000000008000988      0x21c c:/st/stm32cubeide_1.5.1/stm32cubeide/plugins/com.st.stm32cube.ide.mcu.externaltools.gnu-tools-for-stm32.7-2018-q2-update.win32_1.5.0.202011040924/tools/bin/../lib/gcc/arm-none-eabi/7.3.1/thumb/v7-m\libgcc.a(_arm_addsubsf3.o)
                0x0000000008000988                __aeabi_frsub
                0x0000000008000990                __subsf3
                0x0000000008000990                __aeabi_fsub
                0x0000000008000994                __aeabi_fadd
                0x0000000008000994                __addsf3
                0x0000000008000af4                __aeabi_ui2f
                0x0000000008000af4                __floatunsisf
                0x0000000008000afc                __aeabi_i2f
                0x0000000008000afc                __floatsisf
                0x0000000008000b18                __aeabi_ul2f
                0x0000000008000b18                __floatundisf
                0x0000000008000b28                __aeabi_l2f
                0x0000000008000b28                __floatdisf
 .text          0x0000000008000ba4      0x2a0 c:/st/stm32cubeide_1.5.1/stm32cubeide/plugins/com.st.stm32cube.ide.mcu.externaltools.gnu-tools-for-stm32.7-2018-q2-update.win32_1.5.0.202011040924/tools/bin/../lib/gcc/arm-none-eabi/7.3.1/thumb/v7-m\libgcc.a(_arm_muldivsf3.o)
                0x0000000008000ba4                __mulsf3
                0x0000000008000ba4                __aeabi_fmul
                0x0000000008000d0c                __aeabi_fdiv
                0x0000000008000d0c                __divsf3
 .text          0x0000000008000e44       0xec c:/st/stm32cubeide_1.5.1/stm32cubeide/plugins/com.st.stm32cube.ide.mcu.externaltools.gnu-tools-for-stm32.7-2018-q2-update.win32_1.5.0.202011040924/tools/bin/../lib/gcc/arm-none-eabi/7.3.1/thumb/v7-m\libgcc.a(_arm_cmpsf2.o)
                0x0000000008000e44                __gesf2
                0x0000000008000e44                __gtsf2
                0x0000000008000e4c                __lesf2
                0x0000000008000e4c                __ltsf2
                0x0000000008000e54                __nesf2
                0x0000000008000e54                __eqsf2
                0x0000000008000e54                __cmpsf2
                0x0000000008000eb4                __aeabi_cfrcmple
                0x0000000008000ebc                __aeabi_cfcmpeq
                0x0000000008000ebc                __aeabi_cfcmple
                0x0000000008000ecc                __aeabi_fcmpeq
                0x0000000008000ee0                __aeabi_fcmplt
                0x0000000008000ef4                __aeabi_fcmple
                0x0000000008000f08                __aeabi_fcmpge
                0x0000000008000f1c                __aeabi_fcmpgt
 .text          0x0000000008000f30       0x40 c:/st/stm32cubeide_1.5.1/stm32cubeide/plugins/com.st.stm32cube.ide.mcu.externaltools.gnu-tools-for-stm32.7-2018-q2-update.win32_1.5.0.202011040924/tools/bin/../lib/gcc/arm-none-eabi/7.3.1/thumb/v7-m\libgcc.a(_arm_fixunssfsi.o)
                0x0000000008000f30                __fixunssfsi
                0x0000000008000f30                __aeabi_f2uiz
 *(.text*)
 .text.protocolInit
                0x0000000008000f70       0x50 Core/Src/Ch_protocol.o
                0x0000000008000f70                protocolInit
 .text.ArmarPack
                0x0000000008000fc0       0x88 Core/Src/Ch_protocol.o
                0x0000000008000fc0                ArmarPack
 .text.XORData  0x0000000008001048       0x60 Core/Src/Ch_protocol.o
                0x0000000008001048                XORData
 .text.AnalisePack
                0x00000000080010a8       0xe0 Core/Src/Ch_protocol.o
                0x00000000080010a8                AnalisePack
 .text.SendACK  0x0000000008001188       0x48 Core/Src/Ch_protocol.o
                0x0000000008001188                SendACK
 .text.communication
                0x00000000080011d0       0xd0 Core/Src/Ch_protocol.o
                0x00000000080011d0                communication
 .text.InitResiver
                0x00000000080012a0       0x60 Core/Src/IRresiver_ch.o
                0x00000000080012a0                InitResiver
 .text.reciveData
                0x0000000008001300      0x194 Core/Src/IRresiver_ch.o
                0x0000000008001300                reciveData
 .text.resume   0x0000000008001494       0x1c Core/Src/IRresiver_ch.o
                0x0000000008001494                resume
 .text.decodeData
                0x00000000080014b0       0x6c Core/Src/IRresiver_ch.o
                0x00000000080014b0                decodeData
 .text.identify
                0x000000000800151c       0xac Core/Src/IRresiver_ch.o
                0x000000000800151c                identify
 .text.leer_num
                0x00000000080015c8       0xa8 Core/Src/IRresiver_ch.o
                0x00000000080015c8                leer_num
 .text.detectar_tecla
                0x0000000008001670       0xc0 Core/Src/IRresiver_ch.o
                0x0000000008001670                detectar_tecla
 .text.initPID_ch
                0x0000000008001730      0x2b8 Core/Src/PID_ch.o
                0x0000000008001730                initPID_ch
 .text.PID      0x00000000080019e8      0x110 Core/Src/PID_ch.o
                0x00000000080019e8                PID
 .text.actualizar_par
                0x0000000008001af8      0x240 Core/Src/PID_ch.o
                0x0000000008001af8                actualizar_par
 .text.main     0x0000000008001d38      0x178 Core/Src/main.o
                0x0000000008001d38                main
 .text.SystemClock_Config
                0x0000000008001eb0       0xb4 Core/Src/main.o
                0x0000000008001eb0                SystemClock_Config
 .text.MX_TIM1_Init
                0x0000000008001f64      0x140 Core/Src/main.o
 .text.MX_TIM2_Init
                0x00000000080020a4       0x98 Core/Src/main.o
 .text.MX_TIM3_Init
                0x000000000800213c       0x9c Core/Src/main.o
 .text.MX_GPIO_Init
                0x00000000080021d8       0xcc Core/Src/main.o
 .text.rotate_data
                0x00000000080022a4      0x1b4 Core/Src/main.o
                0x00000000080022a4                rotate_data
 .text.select_data
                0x0000000008002458      0x174 Core/Src/main.o
                0x0000000008002458                select_data
 .text.state_motor
                0x00000000080025cc      0x254 Core/Src/main.o
                0x00000000080025cc                state_motor
 .text.detect_vel
                0x0000000008002820       0xa0 Core/Src/main.o
                0x0000000008002820                detect_vel
 .text.resiveRx
                0x00000000080028c0       0x44 Core/Src/main.o
                0x00000000080028c0                resiveRx
 .text.HAL_TIM_PeriodElapsedCallback
                0x0000000008002904       0xa0 Core/Src/main.o
                0x0000000008002904                HAL_TIM_PeriodElapsedCallback
 .text.Error_Handler
                0x00000000080029a4        0x8 Core/Src/main.o
                0x00000000080029a4                Error_Handler
 .text.HAL_MspInit
                0x00000000080029ac       0x64 Core/Src/stm32f1xx_hal_msp.o
                0x00000000080029ac                HAL_MspInit
 .text.HAL_TIM_Base_MspInit
                0x0000000008002a10       0xa8 Core/Src/stm32f1xx_hal_msp.o
                0x0000000008002a10                HAL_TIM_Base_MspInit
 .text.HAL_TIM_MspPostInit
                0x0000000008002ab8       0x68 Core/Src/stm32f1xx_hal_msp.o
                0x0000000008002ab8                HAL_TIM_MspPostInit
 .text.NMI_Handler
                0x0000000008002b20        0x6 Core/Src/stm32f1xx_it.o
                0x0000000008002b20                NMI_Handler
 .text.HardFault_Handler
                0x0000000008002b26        0x6 Core/Src/stm32f1xx_it.o
                0x0000000008002b26                HardFault_Handler
 .text.MemManage_Handler
                0x0000000008002b2c        0x6 Core/Src/stm32f1xx_it.o
                0x0000000008002b2c                MemManage_Handler
 .text.BusFault_Handler
                0x0000000008002b32        0x6 Core/Src/stm32f1xx_it.o
                0x0000000008002b32                BusFault_Handler
 .text.UsageFault_Handler
                0x0000000008002b38        0x6 Core/Src/stm32f1xx_it.o
                0x0000000008002b38                UsageFault_Handler
 .text.SVC_Handler
                0x0000000008002b3e        0xc Core/Src/stm32f1xx_it.o
                0x0000000008002b3e                SVC_Handler
 .text.DebugMon_Handler
                0x0000000008002b4a        0xc Core/Src/stm32f1xx_it.o
                0x0000000008002b4a                DebugMon_Handler
 .text.PendSV_Handler
                0x0000000008002b56        0xc Core/Src/stm32f1xx_it.o
                0x0000000008002b56                PendSV_Handler
 .text.SysTick_Handler
                0x0000000008002b62        0xc Core/Src/stm32f1xx_it.o
                0x0000000008002b62                SysTick_Handler
 *fill*         0x0000000008002b6e        0x2 
 .text.USB_LP_CAN1_RX0_IRQHandler
                0x0000000008002b70       0x14 Core/Src/stm32f1xx_it.o
                0x0000000008002b70                USB_LP_CAN1_RX0_IRQHandler
 .text.TIM2_IRQHandler
                0x0000000008002b84       0x14 Core/Src/stm32f1xx_it.o
                0x0000000008002b84                TIM2_IRQHandler
 .text.TIM3_IRQHandler
                0x0000000008002b98       0x14 Core/Src/stm32f1xx_it.o
                0x0000000008002b98                TIM3_IRQHandler
 .text.SystemInit
                0x0000000008002bac        0xc Core/Src/system_stm32f1xx.o
                0x0000000008002bac                SystemInit
 .text.Reset_Handler
                0x0000000008002bb8       0x48 Core/Startup/startup_stm32f103c8tx.o
                0x0000000008002bb8                Reset_Handler
 .text.Default_Handler
                0x0000000008002c00        0x2 Core/Startup/startup_stm32f103c8tx.o
                0x0000000008002c00                RTC_Alarm_IRQHandler
                0x0000000008002c00                EXTI2_IRQHandler
                0x0000000008002c00                TIM1_CC_IRQHandler
                0x0000000008002c00                PVD_IRQHandler
                0x0000000008002c00                EXTI3_IRQHandler
                0x0000000008002c00                EXTI0_IRQHandler
                0x0000000008002c00                I2C2_EV_IRQHandler
                0x0000000008002c00                ADC1_2_IRQHandler
                0x0000000008002c00                SPI1_IRQHandler
                0x0000000008002c00                TAMPER_IRQHandler
                0x0000000008002c00                DMA1_Channel4_IRQHandler
                0x0000000008002c00                USART3_IRQHandler
                0x0000000008002c00                RTC_IRQHandler
                0x0000000008002c00                DMA1_Channel7_IRQHandler
                0x0000000008002c00                CAN1_RX1_IRQHandler
                0x0000000008002c00                TIM4_IRQHandler
                0x0000000008002c00                I2C1_EV_IRQHandler
                0x0000000008002c00                DMA1_Channel6_IRQHandler
                0x0000000008002c00                RCC_IRQHandler
                0x0000000008002c00                TIM1_TRG_COM_IRQHandler
                0x0000000008002c00                DMA1_Channel1_IRQHandler
                0x0000000008002c00                Default_Handler
                0x0000000008002c00                EXTI15_10_IRQHandler
                0x0000000008002c00                EXTI9_5_IRQHandler
                0x0000000008002c00                SPI2_IRQHandler
                0x0000000008002c00                DMA1_Channel5_IRQHandler
                0x0000000008002c00                EXTI4_IRQHandler
                0x0000000008002c00                USB_HP_CAN1_TX_IRQHandler
                0x0000000008002c00                DMA1_Channel3_IRQHandler
                0x0000000008002c00                TIM1_UP_IRQHandler
                0x0000000008002c00                WWDG_IRQHandler
                0x0000000008002c00                TIM1_BRK_IRQHandler
                0x0000000008002c00                EXTI1_IRQHandler
                0x0000000008002c00                USART2_IRQHandler
                0x0000000008002c00                I2C2_ER_IRQHandler
                0x0000000008002c00                DMA1_Channel2_IRQHandler
                0x0000000008002c00                CAN1_SCE_IRQHandler
                0x0000000008002c00                FLASH_IRQHandler
                0x0000000008002c00                USART1_IRQHandler
                0x0000000008002c00                I2C1_ER_IRQHandler
                0x0000000008002c00                USBWakeUp_IRQHandler
 *fill*         0x0000000008002c02        0x2 
 .text.HAL_Init
                0x0000000008002c04       0x2c Drivers/STM32F1xx_HAL_Driver/Src/stm32f1xx_hal.o
                0x0000000008002c04                HAL_Init
 .text.HAL_InitTick
                0x0000000008002c30       0x60 Drivers/STM32F1xx_HAL_Driver/Src/stm32f1xx_hal.o
                0x0000000008002c30                HAL_InitTick
 .text.HAL_IncTick
                0x0000000008002c90       0x24 Drivers/STM32F1xx_HAL_Driver/Src/stm32f1xx_hal.o
                0x0000000008002c90                HAL_IncTick
 .text.HAL_GetTick
                0x0000000008002cb4       0x14 Drivers/STM32F1xx_HAL_Driver/Src/stm32f1xx_hal.o
                0x0000000008002cb4                HAL_GetTick
 .text.__NVIC_SetPriorityGrouping
                0x0000000008002cc8       0x48 Drivers/STM32F1xx_HAL_Driver/Src/stm32f1xx_hal_cortex.o
 .text.__NVIC_GetPriorityGrouping
                0x0000000008002d10       0x1c Drivers/STM32F1xx_HAL_Driver/Src/stm32f1xx_hal_cortex.o
 .text.__NVIC_EnableIRQ
                0x0000000008002d2c       0x38 Drivers/STM32F1xx_HAL_Driver/Src/stm32f1xx_hal_cortex.o
 .text.__NVIC_SetPriority
                0x0000000008002d64       0x54 Drivers/STM32F1xx_HAL_Driver/Src/stm32f1xx_hal_cortex.o
 .text.NVIC_EncodePriority
                0x0000000008002db8       0x64 Drivers/STM32F1xx_HAL_Driver/Src/stm32f1xx_hal_cortex.o
 .text.SysTick_Config
                0x0000000008002e1c       0x44 Drivers/STM32F1xx_HAL_Driver/Src/stm32f1xx_hal_cortex.o
 .text.HAL_NVIC_SetPriorityGrouping
                0x0000000008002e60       0x16 Drivers/STM32F1xx_HAL_Driver/Src/stm32f1xx_hal_cortex.o
                0x0000000008002e60                HAL_NVIC_SetPriorityGrouping
 .text.HAL_NVIC_SetPriority
                0x0000000008002e76       0x38 Drivers/STM32F1xx_HAL_Driver/Src/stm32f1xx_hal_cortex.o
                0x0000000008002e76                HAL_NVIC_SetPriority
 .text.HAL_NVIC_EnableIRQ
                0x0000000008002eae       0x1c Drivers/STM32F1xx_HAL_Driver/Src/stm32f1xx_hal_cortex.o
                0x0000000008002eae                HAL_NVIC_EnableIRQ
 .text.HAL_SYSTICK_Config
                0x0000000008002eca       0x18 Drivers/STM32F1xx_HAL_Driver/Src/stm32f1xx_hal_cortex.o
                0x0000000008002eca                HAL_SYSTICK_Config
 *fill*         0x0000000008002ee2        0x2 
 .text.HAL_GPIO_Init
                0x0000000008002ee4      0x2b4 Drivers/STM32F1xx_HAL_Driver/Src/stm32f1xx_hal_gpio.o
                0x0000000008002ee4                HAL_GPIO_Init
 .text.HAL_GPIO_ReadPin
                0x0000000008003198       0x2e Drivers/STM32F1xx_HAL_Driver/Src/stm32f1xx_hal_gpio.o
                0x0000000008003198                HAL_GPIO_ReadPin
 .text.HAL_GPIO_WritePin
                0x00000000080031c6       0x30 Drivers/STM32F1xx_HAL_Driver/Src/stm32f1xx_hal_gpio.o
                0x00000000080031c6                HAL_GPIO_WritePin
 .text.HAL_PCD_Init
                0x00000000080031f6      0x216 Drivers/STM32F1xx_HAL_Driver/Src/stm32f1xx_hal_pcd.o
                0x00000000080031f6                HAL_PCD_Init
 .text.HAL_PCD_Start
                0x000000000800340c       0x4c Drivers/STM32F1xx_HAL_Driver/Src/stm32f1xx_hal_pcd.o
                0x000000000800340c                HAL_PCD_Start
 .text.HAL_PCD_IRQHandler
                0x0000000008003458      0x2aa Drivers/STM32F1xx_HAL_Driver/Src/stm32f1xx_hal_pcd.o
                0x0000000008003458                HAL_PCD_IRQHandler
 .text.HAL_PCD_SetAddress
                0x0000000008003702       0x4a Drivers/STM32F1xx_HAL_Driver/Src/stm32f1xx_hal_pcd.o
                0x0000000008003702                HAL_PCD_SetAddress
 .text.HAL_PCD_EP_Open
                0x000000000800374c       0xcc Drivers/STM32F1xx_HAL_Driver/Src/stm32f1xx_hal_pcd.o
                0x000000000800374c                HAL_PCD_EP_Open
 .text.HAL_PCD_EP_Close
                0x0000000008003818       0x90 Drivers/STM32F1xx_HAL_Driver/Src/stm32f1xx_hal_pcd.o
                0x0000000008003818                HAL_PCD_EP_Close
 .text.HAL_PCD_EP_Receive
                0x00000000080038a8       0x7a Drivers/STM32F1xx_HAL_Driver/Src/stm32f1xx_hal_pcd.o
                0x00000000080038a8                HAL_PCD_EP_Receive
 .text.HAL_PCD_EP_GetRxCount
                0x0000000008003922       0x2e Drivers/STM32F1xx_HAL_Driver/Src/stm32f1xx_hal_pcd.o
                0x0000000008003922                HAL_PCD_EP_GetRxCount
 .text.HAL_PCD_EP_Transmit
                0x0000000008003950       0x86 Drivers/STM32F1xx_HAL_Driver/Src/stm32f1xx_hal_pcd.o
                0x0000000008003950                HAL_PCD_EP_Transmit
 .text.HAL_PCD_EP_SetStall
                0x00000000080039d6       0xc0 Drivers/STM32F1xx_HAL_Driver/Src/stm32f1xx_hal_pcd.o
                0x00000000080039d6                HAL_PCD_EP_SetStall
 .text.HAL_PCD_EP_ClrStall
                0x0000000008003a96       0xa8 Drivers/STM32F1xx_HAL_Driver/Src/stm32f1xx_hal_pcd.o
                0x0000000008003a96                HAL_PCD_EP_ClrStall
 .text.PCD_EP_ISR_Handler
                0x0000000008003b3e      0x5e6 Drivers/STM32F1xx_HAL_Driver/Src/stm32f1xx_hal_pcd.o
 .text.HAL_PCD_EP_DB_Receive
                0x0000000008004124      0x21a Drivers/STM32F1xx_HAL_Driver/Src/stm32f1xx_hal_pcd.o
 .text.HAL_PCD_EP_DB_Transmit
                0x000000000800433e      0x53a Drivers/STM32F1xx_HAL_Driver/Src/stm32f1xx_hal_pcd.o
 .text.HAL_PCDEx_PMAConfig
                0x0000000008004878       0x84 Drivers/STM32F1xx_HAL_Driver/Src/stm32f1xx_hal_pcd_ex.o
                0x0000000008004878                HAL_PCDEx_PMAConfig
 .text.HAL_RCC_OscConfig
                0x00000000080048fc      0x500 Drivers/STM32F1xx_HAL_Driver/Src/stm32f1xx_hal_rcc.o
                0x00000000080048fc                HAL_RCC_OscConfig
 .text.HAL_RCC_ClockConfig
                0x0000000008004dfc      0x1d4 Drivers/STM32F1xx_HAL_Driver/Src/stm32f1xx_hal_rcc.o
                0x0000000008004dfc                HAL_RCC_ClockConfig
 .text.HAL_RCC_GetSysClockFreq
                0x0000000008004fd0       0xc4 Drivers/STM32F1xx_HAL_Driver/Src/stm32f1xx_hal_rcc.o
                0x0000000008004fd0                HAL_RCC_GetSysClockFreq
 .text.RCC_Delay
                0x0000000008005094       0x3c Drivers/STM32F1xx_HAL_Driver/Src/stm32f1xx_hal_rcc.o
 .text.HAL_RCCEx_PeriphCLKConfig
                0x00000000080050d0      0x16c Drivers/STM32F1xx_HAL_Driver/Src/stm32f1xx_hal_rcc_ex.o
                0x00000000080050d0                HAL_RCCEx_PeriphCLKConfig
 .text.HAL_TIM_Base_Init
                0x000000000800523c       0x9e Drivers/STM32F1xx_HAL_Driver/Src/stm32f1xx_hal_tim.o
                0x000000000800523c                HAL_TIM_Base_Init
 *fill*         0x00000000080052da        0x2 
 .text.HAL_TIM_Base_Start
                0x00000000080052dc       0x94 Drivers/STM32F1xx_HAL_Driver/Src/stm32f1xx_hal_tim.o
                0x00000000080052dc                HAL_TIM_Base_Start
 .text.HAL_TIM_Base_Start_IT
                0x0000000008005370       0xa4 Drivers/STM32F1xx_HAL_Driver/Src/stm32f1xx_hal_tim.o
                0x0000000008005370                HAL_TIM_Base_Start_IT
 .text.HAL_TIM_PWM_Init
                0x0000000008005414       0x9e Drivers/STM32F1xx_HAL_Driver/Src/stm32f1xx_hal_tim.o
                0x0000000008005414                HAL_TIM_PWM_Init
 .text.HAL_TIM_PWM_MspInit
                0x00000000080054b2       0x12 Drivers/STM32F1xx_HAL_Driver/Src/stm32f1xx_hal_tim.o
                0x00000000080054b2                HAL_TIM_PWM_MspInit
 .text.HAL_TIM_PWM_Start
                0x00000000080054c4      0x144 Drivers/STM32F1xx_HAL_Driver/Src/stm32f1xx_hal_tim.o
                0x00000000080054c4                HAL_TIM_PWM_Start
 .text.HAL_TIM_IRQHandler
                0x0000000008005608      0x210 Drivers/STM32F1xx_HAL_Driver/Src/stm32f1xx_hal_tim.o
                0x0000000008005608                HAL_TIM_IRQHandler
 .text.HAL_TIM_PWM_ConfigChannel
                0x0000000008005818      0x17c Drivers/STM32F1xx_HAL_Driver/Src/stm32f1xx_hal_tim.o
                0x0000000008005818                HAL_TIM_PWM_ConfigChannel
 .text.HAL_TIM_ConfigClockSource
                0x0000000008005994      0x16e Drivers/STM32F1xx_HAL_Driver/Src/stm32f1xx_hal_tim.o
                0x0000000008005994                HAL_TIM_ConfigClockSource
 .text.HAL_TIM_OC_DelayElapsedCallback
                0x0000000008005b02       0x12 Drivers/STM32F1xx_HAL_Driver/Src/stm32f1xx_hal_tim.o
                0x0000000008005b02                HAL_TIM_OC_DelayElapsedCallback
 .text.HAL_TIM_IC_CaptureCallback
                0x0000000008005b14       0x12 Drivers/STM32F1xx_HAL_Driver/Src/stm32f1xx_hal_tim.o
                0x0000000008005b14                HAL_TIM_IC_CaptureCallback
 .text.HAL_TIM_PWM_PulseFinishedCallback
                0x0000000008005b26       0x12 Drivers/STM32F1xx_HAL_Driver/Src/stm32f1xx_hal_tim.o
                0x0000000008005b26                HAL_TIM_PWM_PulseFinishedCallback
 .text.HAL_TIM_TriggerCallback
                0x0000000008005b38       0x12 Drivers/STM32F1xx_HAL_Driver/Src/stm32f1xx_hal_tim.o
                0x0000000008005b38                HAL_TIM_TriggerCallback
 *fill*         0x0000000008005b4a        0x2 
 .text.TIM_Base_SetConfig
                0x0000000008005b4c       0xc4 Drivers/STM32F1xx_HAL_Driver/Src/stm32f1xx_hal_tim.o
                0x0000000008005b4c                TIM_Base_SetConfig
 .text.TIM_OC1_SetConfig
                0x0000000008005c10       0xcc Drivers/STM32F1xx_HAL_Driver/Src/stm32f1xx_hal_tim.o
 .text.TIM_OC2_SetConfig
                0x0000000008005cdc       0xd4 Drivers/STM32F1xx_HAL_Driver/Src/stm32f1xx_hal_tim.o
                0x0000000008005cdc                TIM_OC2_SetConfig
 .text.TIM_OC3_SetConfig
                0x0000000008005db0       0xd4 Drivers/STM32F1xx_HAL_Driver/Src/stm32f1xx_hal_tim.o
 .text.TIM_OC4_SetConfig
                0x0000000008005e84       0x9c Drivers/STM32F1xx_HAL_Driver/Src/stm32f1xx_hal_tim.o
 .text.TIM_TI1_ConfigInputStage
                0x0000000008005f20       0x5c Drivers/STM32F1xx_HAL_Driver/Src/stm32f1xx_hal_tim.o
 .text.TIM_TI2_ConfigInputStage
                0x0000000008005f7c       0x5e Drivers/STM32F1xx_HAL_Driver/Src/stm32f1xx_hal_tim.o
 .text.TIM_ITRx_SetConfig
                0x0000000008005fda       0x34 Drivers/STM32F1xx_HAL_Driver/Src/stm32f1xx_hal_tim.o
 .text.TIM_ETR_SetConfig
                0x000000000800600e       0x3e Drivers/STM32F1xx_HAL_Driver/Src/stm32f1xx_hal_tim.o
                0x000000000800600e                TIM_ETR_SetConfig
 .text.TIM_CCxChannelCmd
                0x000000000800604c       0x48 Drivers/STM32F1xx_HAL_Driver/Src/stm32f1xx_hal_tim.o
                0x000000000800604c                TIM_CCxChannelCmd
 .text.HAL_TIMEx_MasterConfigSynchronization
                0x0000000008006094       0xbc Drivers/STM32F1xx_HAL_Driver/Src/stm32f1xx_hal_tim_ex.o
                0x0000000008006094                HAL_TIMEx_MasterConfigSynchronization
 .text.HAL_TIMEx_ConfigBreakDeadTime
                0x0000000008006150       0xa2 Drivers/STM32F1xx_HAL_Driver/Src/stm32f1xx_hal_tim_ex.o
                0x0000000008006150                HAL_TIMEx_ConfigBreakDeadTime
 .text.HAL_TIMEx_CommutCallback
                0x00000000080061f2       0x12 Drivers/STM32F1xx_HAL_Driver/Src/stm32f1xx_hal_tim_ex.o
                0x00000000080061f2                HAL_TIMEx_CommutCallback
 .text.HAL_TIMEx_BreakCallback
                0x0000000008006204       0x12 Drivers/STM32F1xx_HAL_Driver/Src/stm32f1xx_hal_tim_ex.o
                0x0000000008006204                HAL_TIMEx_BreakCallback
 .text.USB_CoreInit
                0x0000000008006216       0x20 Drivers/STM32F1xx_HAL_Driver/Src/stm32f1xx_ll_usb.o
                0x0000000008006216                USB_CoreInit
 .text.USB_EnableGlobalInt
                0x0000000008006236       0x2c Drivers/STM32F1xx_HAL_Driver/Src/stm32f1xx_ll_usb.o
                0x0000000008006236                USB_EnableGlobalInt
 .text.USB_DisableGlobalInt
                0x0000000008006262       0x34 Drivers/STM32F1xx_HAL_Driver/Src/stm32f1xx_ll_usb.o
                0x0000000008006262                USB_DisableGlobalInt
 .text.USB_SetCurrentMode
                0x0000000008006296       0x18 Drivers/STM32F1xx_HAL_Driver/Src/stm32f1xx_ll_usb.o
                0x0000000008006296                USB_SetCurrentMode
 .text.USB_DevInit
                0x00000000080062ae       0x40 Drivers/STM32F1xx_HAL_Driver/Src/stm32f1xx_ll_usb.o
                0x00000000080062ae                USB_DevInit
 *fill*         0x00000000080062ee        0x2 
 .text.USB_ActivateEndpoint
                0x00000000080062f0      0x6d4 Drivers/STM32F1xx_HAL_Driver/Src/stm32f1xx_ll_usb.o
                0x00000000080062f0                USB_ActivateEndpoint
 .text.USB_DeactivateEndpoint
                0x00000000080069c4      0x3d8 Drivers/STM32F1xx_HAL_Driver/Src/stm32f1xx_ll_usb.o
                0x00000000080069c4                USB_DeactivateEndpoint
 .text.USB_EPStartXfer
                0x0000000008006d9c     0x1240 Drivers/STM32F1xx_HAL_Driver/Src/stm32f1xx_ll_usb.o
                0x0000000008006d9c                USB_EPStartXfer
 .text.USB_EPSetStall
                0x0000000008007fdc       0xa0 Drivers/STM32F1xx_HAL_Driver/Src/stm32f1xx_ll_usb.o
                0x0000000008007fdc                USB_EPSetStall
 .text.USB_EPClearStall
                0x000000000800807c      0x15a Drivers/STM32F1xx_HAL_Driver/Src/stm32f1xx_ll_usb.o
                0x000000000800807c                USB_EPClearStall
 .text.USB_SetDevAddress
                0x00000000080081d6       0x26 Drivers/STM32F1xx_HAL_Driver/Src/stm32f1xx_ll_usb.o
                0x00000000080081d6                USB_SetDevAddress
 .text.USB_DevConnect
                0x00000000080081fc       0x14 Drivers/STM32F1xx_HAL_Driver/Src/stm32f1xx_ll_usb.o
                0x00000000080081fc                USB_DevConnect
 .text.USB_DevDisconnect
                0x0000000008008210       0x14 Drivers/STM32F1xx_HAL_Driver/Src/stm32f1xx_ll_usb.o
                0x0000000008008210                USB_DevDisconnect
 .text.USB_ReadInterrupts
                0x0000000008008224       0x1e Drivers/STM32F1xx_HAL_Driver/Src/stm32f1xx_ll_usb.o
                0x0000000008008224                USB_ReadInterrupts
 .text.USB_EP0_OutStart
                0x0000000008008242       0x16 Drivers/STM32F1xx_HAL_Driver/Src/stm32f1xx_ll_usb.o
                0x0000000008008242                USB_EP0_OutStart
 .text.USB_WritePMA
                0x0000000008008258       0x88 Drivers/STM32F1xx_HAL_Driver/Src/stm32f1xx_ll_usb.o
                0x0000000008008258                USB_WritePMA
 .text.USB_ReadPMA
                0x00000000080082e0       0x9e Drivers/STM32F1xx_HAL_Driver/Src/stm32f1xx_ll_usb.o
                0x00000000080082e0                USB_ReadPMA
 .text.USBD_CDC_Init
                0x000000000800837e       0xf4 Middlewares/ST/STM32_USB_Device_Library/Class/CDC/Src/usbd_cdc.o
 .text.USBD_CDC_DeInit
                0x0000000008008472       0x6e Middlewares/ST/STM32_USB_Device_Library/Class/CDC/Src/usbd_cdc.o
 .text.USBD_CDC_Setup
                0x00000000080084e0      0x140 Middlewares/ST/STM32_USB_Device_Library/Class/CDC/Src/usbd_cdc.o
 .text.USBD_CDC_DataIn
                0x0000000008008620       0xa6 Middlewares/ST/STM32_USB_Device_Library/Class/CDC/Src/usbd_cdc.o
 .text.USBD_CDC_DataOut
                0x00000000080086c6       0x56 Middlewares/ST/STM32_USB_Device_Library/Class/CDC/Src/usbd_cdc.o
 .text.USBD_CDC_EP0_RxReady
                0x000000000800871c       0x50 Middlewares/ST/STM32_USB_Device_Library/Class/CDC/Src/usbd_cdc.o
 .text.USBD_CDC_GetFSCfgDesc
                0x000000000800876c       0x20 Middlewares/ST/STM32_USB_Device_Library/Class/CDC/Src/usbd_cdc.o
 .text.USBD_CDC_GetHSCfgDesc
                0x000000000800878c       0x20 Middlewares/ST/STM32_USB_Device_Library/Class/CDC/Src/usbd_cdc.o
 .text.USBD_CDC_GetOtherSpeedCfgDesc
                0x00000000080087ac       0x20 Middlewares/ST/STM32_USB_Device_Library/Class/CDC/Src/usbd_cdc.o
 .text.USBD_CDC_GetDeviceQualifierDescriptor
                0x00000000080087cc       0x20 Middlewares/ST/STM32_USB_Device_Library/Class/CDC/Src/usbd_cdc.o
                0x00000000080087cc                USBD_CDC_GetDeviceQualifierDescriptor
 .text.USBD_CDC_RegisterInterface
                0x00000000080087ec       0x2c Middlewares/ST/STM32_USB_Device_Library/Class/CDC/Src/usbd_cdc.o
                0x00000000080087ec                USBD_CDC_RegisterInterface
 .text.USBD_CDC_SetTxBuffer
                0x0000000008008818       0x32 Middlewares/ST/STM32_USB_Device_Library/Class/CDC/Src/usbd_cdc.o
                0x0000000008008818                USBD_CDC_SetTxBuffer
 .text.USBD_CDC_SetRxBuffer
                0x000000000800884a       0x26 Middlewares/ST/STM32_USB_Device_Library/Class/CDC/Src/usbd_cdc.o
                0x000000000800884a                USBD_CDC_SetRxBuffer
 .text.USBD_CDC_TransmitPacket
                0x0000000008008870       0x5e Middlewares/ST/STM32_USB_Device_Library/Class/CDC/Src/usbd_cdc.o
                0x0000000008008870                USBD_CDC_TransmitPacket
 .text.USBD_CDC_ReceivePacket
                0x00000000080088ce       0x54 Middlewares/ST/STM32_USB_Device_Library/Class/CDC/Src/usbd_cdc.o
                0x00000000080088ce                USBD_CDC_ReceivePacket
 .text.USBD_Init
                0x0000000008008922       0x56 Middlewares/ST/STM32_USB_Device_Library/Core/Src/usbd_core.o
                0x0000000008008922                USBD_Init
 .text.USBD_RegisterClass
                0x0000000008008978       0x32 Middlewares/ST/STM32_USB_Device_Library/Core/Src/usbd_core.o
                0x0000000008008978                USBD_RegisterClass
 .text.USBD_Start
                0x00000000080089aa       0x18 Middlewares/ST/STM32_USB_Device_Library/Core/Src/usbd_core.o
                0x00000000080089aa                USBD_Start
 .text.USBD_RunTestMode
                0x00000000080089c2       0x14 Middlewares/ST/STM32_USB_Device_Library/Core/Src/usbd_core.o
                0x00000000080089c2                USBD_RunTestMode
 .text.USBD_SetClassConfig
                0x00000000080089d6       0x3e Middlewares/ST/STM32_USB_Device_Library/Core/Src/usbd_core.o
                0x00000000080089d6                USBD_SetClassConfig
 .text.USBD_ClrClassConfig
                0x0000000008008a14       0x26 Middlewares/ST/STM32_USB_Device_Library/Core/Src/usbd_core.o
                0x0000000008008a14                USBD_ClrClassConfig
 .text.USBD_LL_SetupStage
                0x0000000008008a3a       0x96 Middlewares/ST/STM32_USB_Device_Library/Core/Src/usbd_core.o
                0x0000000008008a3a                USBD_LL_SetupStage
 .text.USBD_LL_DataOutStage
                0x0000000008008ad0       0xe2 Middlewares/ST/STM32_USB_Device_Library/Core/Src/usbd_core.o
                0x0000000008008ad0                USBD_LL_DataOutStage
 .text.USBD_LL_DataInStage
                0x0000000008008bb2      0x14a Middlewares/ST/STM32_USB_Device_Library/Core/Src/usbd_core.o
                0x0000000008008bb2                USBD_LL_DataInStage
 .text.USBD_LL_Reset
                0x0000000008008cfc       0x82 Middlewares/ST/STM32_USB_Device_Library/Core/Src/usbd_core.o
                0x0000000008008cfc                USBD_LL_Reset
 .text.USBD_LL_SetSpeed
                0x0000000008008d7e       0x1e Middlewares/ST/STM32_USB_Device_Library/Core/Src/usbd_core.o
                0x0000000008008d7e                USBD_LL_SetSpeed
 .text.USBD_LL_Suspend
                0x0000000008008d9c       0x28 Middlewares/ST/STM32_USB_Device_Library/Core/Src/usbd_core.o
                0x0000000008008d9c                USBD_LL_Suspend
 .text.USBD_LL_Resume
                0x0000000008008dc4       0x2a Middlewares/ST/STM32_USB_Device_Library/Core/Src/usbd_core.o
                0x0000000008008dc4                USBD_LL_Resume
 .text.USBD_LL_SOF
                0x0000000008008dee       0x34 Middlewares/ST/STM32_USB_Device_Library/Core/Src/usbd_core.o
                0x0000000008008dee                USBD_LL_SOF
 *fill*         0x0000000008008e22        0x2 
 .text.USBD_StdDevReq
                0x0000000008008e24       0xd4 Middlewares/ST/STM32_USB_Device_Library/Core/Src/usbd_ctlreq.o
                0x0000000008008e24                USBD_StdDevReq
 .text.USBD_StdItfReq
                0x0000000008008ef8       0x8c Middlewares/ST/STM32_USB_Device_Library/Core/Src/usbd_ctlreq.o
                0x0000000008008ef8                USBD_StdItfReq
 .text.USBD_StdEPReq
                0x0000000008008f84      0x2ba Middlewares/ST/STM32_USB_Device_Library/Core/Src/usbd_ctlreq.o
                0x0000000008008f84                USBD_StdEPReq
 *fill*         0x000000000800923e        0x2 
 .text.USBD_GetDescriptor
                0x0000000008009240      0x2d0 Middlewares/ST/STM32_USB_Device_Library/Core/Src/usbd_ctlreq.o
 .text.USBD_SetAddress
                0x0000000008009510       0x84 Middlewares/ST/STM32_USB_Device_Library/Core/Src/usbd_ctlreq.o
 .text.USBD_SetConfig
                0x0000000008009594      0x11c Middlewares/ST/STM32_USB_Device_Library/Core/Src/usbd_ctlreq.o
 .text.USBD_GetConfig
                0x00000000080096b0       0x68 Middlewares/ST/STM32_USB_Device_Library/Core/Src/usbd_ctlreq.o
 .text.USBD_GetStatus
                0x0000000008009718       0x66 Middlewares/ST/STM32_USB_Device_Library/Core/Src/usbd_ctlreq.o
 .text.USBD_SetFeature
                0x000000000800977e       0x28 Middlewares/ST/STM32_USB_Device_Library/Core/Src/usbd_ctlreq.o
 .text.USBD_ClrFeature
                0x00000000080097a6       0x42 Middlewares/ST/STM32_USB_Device_Library/Core/Src/usbd_ctlreq.o
 .text.USBD_ParseSetupRequest
                0x00000000080097e8       0x78 Middlewares/ST/STM32_USB_Device_Library/Core/Src/usbd_ctlreq.o
                0x00000000080097e8                USBD_ParseSetupRequest
 .text.USBD_CtlError
                0x0000000008009860       0x22 Middlewares/ST/STM32_USB_Device_Library/Core/Src/usbd_ctlreq.o
                0x0000000008009860                USBD_CtlError
 .text.USBD_GetString
                0x0000000008009882       0x84 Middlewares/ST/STM32_USB_Device_Library/Core/Src/usbd_ctlreq.o
                0x0000000008009882                USBD_GetString
 .text.USBD_GetLen
                0x0000000008009906       0x2e Middlewares/ST/STM32_USB_Device_Library/Core/Src/usbd_ctlreq.o
 .text.USBD_CtlSendData
                0x0000000008009934       0x38 Middlewares/ST/STM32_USB_Device_Library/Core/Src/usbd_ioreq.o
                0x0000000008009934                USBD_CtlSendData
 .text.USBD_CtlContinueSendData
                0x000000000800996c       0x24 Middlewares/ST/STM32_USB_Device_Library/Core/Src/usbd_ioreq.o
                0x000000000800996c                USBD_CtlContinueSendData
 .text.USBD_CtlPrepareRx
                0x0000000008009990       0x3c Middlewares/ST/STM32_USB_Device_Library/Core/Src/usbd_ioreq.o
                0x0000000008009990                USBD_CtlPrepareRx
 .text.USBD_CtlContinueRx
                0x00000000080099cc       0x24 Middlewares/ST/STM32_USB_Device_Library/Core/Src/usbd_ioreq.o
                0x00000000080099cc                USBD_CtlContinueRx
 .text.USBD_CtlSendStatus
                0x00000000080099f0       0x26 Middlewares/ST/STM32_USB_Device_Library/Core/Src/usbd_ioreq.o
                0x00000000080099f0                USBD_CtlSendStatus
 .text.USBD_CtlReceiveStatus
                0x0000000008009a16       0x26 Middlewares/ST/STM32_USB_Device_Library/Core/Src/usbd_ioreq.o
                0x0000000008009a16                USBD_CtlReceiveStatus
 .text.MX_USB_DEVICE_Init
                0x0000000008009a3c       0x60 USB_DEVICE/App/usb_device.o
                0x0000000008009a3c                MX_USB_DEVICE_Init
 .text.CDC_Init_FS
                0x0000000008009a9c       0x28 USB_DEVICE/App/usbd_cdc_if.o
 .text.CDC_DeInit_FS
                0x0000000008009ac4        0xe USB_DEVICE/App/usbd_cdc_if.o
 *fill*         0x0000000008009ad2        0x2 
 .text.CDC_Control_FS
                0x0000000008009ad4       0xbc USB_DEVICE/App/usbd_cdc_if.o
 .text.CDC_Receive_FS
                0x0000000008009b90       0x30 USB_DEVICE/App/usbd_cdc_if.o
 .text.CDC_Transmit_FS
                0x0000000008009bc0       0x4c USB_DEVICE/App/usbd_cdc_if.o
                0x0000000008009bc0                CDC_Transmit_FS
 .text.USBD_FS_DeviceDescriptor
                0x0000000008009c0c       0x24 USB_DEVICE/App/usbd_desc.o
                0x0000000008009c0c                USBD_FS_DeviceDescriptor
 .text.USBD_FS_LangIDStrDescriptor
                0x0000000008009c30       0x24 USB_DEVICE/App/usbd_desc.o
                0x0000000008009c30                USBD_FS_LangIDStrDescriptor
 .text.USBD_FS_ProductStrDescriptor
                0x0000000008009c54       0x3c USB_DEVICE/App/usbd_desc.o
                0x0000000008009c54                USBD_FS_ProductStrDescriptor
 .text.USBD_FS_ManufacturerStrDescriptor
                0x0000000008009c90       0x28 USB_DEVICE/App/usbd_desc.o
                0x0000000008009c90                USBD_FS_ManufacturerStrDescriptor
 .text.USBD_FS_SerialStrDescriptor
                0x0000000008009cb8       0x24 USB_DEVICE/App/usbd_desc.o
                0x0000000008009cb8                USBD_FS_SerialStrDescriptor
 .text.USBD_FS_ConfigStrDescriptor
                0x0000000008009cdc       0x3c USB_DEVICE/App/usbd_desc.o
                0x0000000008009cdc                USBD_FS_ConfigStrDescriptor
 .text.USBD_FS_InterfaceStrDescriptor
                0x0000000008009d18       0x3c USB_DEVICE/App/usbd_desc.o
                0x0000000008009d18                USBD_FS_InterfaceStrDescriptor
 .text.Get_SerialNum
                0x0000000008009d54       0x58 USB_DEVICE/App/usbd_desc.o
 .text.IntToUnicode
                0x0000000008009dac       0x7a USB_DEVICE/App/usbd_desc.o
 *fill*         0x0000000008009e26        0x2 
 .text.HAL_PCD_MspInit
                0x0000000008009e28       0x4c USB_DEVICE/Target/usbd_conf.o
                0x0000000008009e28                HAL_PCD_MspInit
 .text.HAL_PCD_SetupStageCallback
                0x0000000008009e74       0x24 USB_DEVICE/Target/usbd_conf.o
                0x0000000008009e74                HAL_PCD_SetupStageCallback
 .text.HAL_PCD_DataOutStageCallback
                0x0000000008009e98       0x36 USB_DEVICE/Target/usbd_conf.o
                0x0000000008009e98                HAL_PCD_DataOutStageCallback
 .text.HAL_PCD_DataInStageCallback
                0x0000000008009ece       0x34 USB_DEVICE/Target/usbd_conf.o
                0x0000000008009ece                HAL_PCD_DataInStageCallback
 .text.HAL_PCD_SOFCallback
                0x0000000008009f02       0x1c USB_DEVICE/Target/usbd_conf.o
                0x0000000008009f02                HAL_PCD_SOFCallback
 .text.HAL_PCD_ResetCallback
                0x0000000008009f1e       0x3c USB_DEVICE/Target/usbd_conf.o
                0x0000000008009f1e                HAL_PCD_ResetCallback
 *fill*         0x0000000008009f5a        0x2 
 .text.HAL_PCD_SuspendCallback
                0x0000000008009f5c       0x34 USB_DEVICE/Target/usbd_conf.o
                0x0000000008009f5c                HAL_PCD_SuspendCallback
 .text.HAL_PCD_ResumeCallback
                0x0000000008009f90       0x1c USB_DEVICE/Target/usbd_conf.o
                0x0000000008009f90                HAL_PCD_ResumeCallback
 .text.USBD_LL_Init
                0x0000000008009fac       0xb4 USB_DEVICE/Target/usbd_conf.o
                0x0000000008009fac                USBD_LL_Init
 .text.USBD_LL_Start
                0x000000000800a060       0x36 USB_DEVICE/Target/usbd_conf.o
                0x000000000800a060                USBD_LL_Start
 .text.USBD_LL_OpenEP
                0x000000000800a096       0x4c USB_DEVICE/Target/usbd_conf.o
                0x000000000800a096                USBD_LL_OpenEP
 .text.USBD_LL_CloseEP
                0x000000000800a0e2       0x3e USB_DEVICE/Target/usbd_conf.o
                0x000000000800a0e2                USBD_LL_CloseEP
 .text.USBD_LL_StallEP
                0x000000000800a120       0x3e USB_DEVICE/Target/usbd_conf.o
                0x000000000800a120                USBD_LL_StallEP
 .text.USBD_LL_ClearStallEP
                0x000000000800a15e       0x3e USB_DEVICE/Target/usbd_conf.o
                0x000000000800a15e                USBD_LL_ClearStallEP
 .text.USBD_LL_IsStallEP
                0x000000000800a19c       0x58 USB_DEVICE/Target/usbd_conf.o
                0x000000000800a19c                USBD_LL_IsStallEP
 .text.USBD_LL_SetUSBAddress
                0x000000000800a1f4       0x3e USB_DEVICE/Target/usbd_conf.o
                0x000000000800a1f4                USBD_LL_SetUSBAddress
 .text.USBD_LL_Transmit
                0x000000000800a232       0x46 USB_DEVICE/Target/usbd_conf.o
                0x000000000800a232                USBD_LL_Transmit
 .text.USBD_LL_PrepareReceive
                0x000000000800a278       0x46 USB_DEVICE/Target/usbd_conf.o
                0x000000000800a278                USBD_LL_PrepareReceive
 .text.USBD_LL_GetRxDataSize
                0x000000000800a2be       0x26 USB_DEVICE/Target/usbd_conf.o
                0x000000000800a2be                USBD_LL_GetRxDataSize
 .text.USBD_static_malloc
                0x000000000800a2e4       0x18 USB_DEVICE/Target/usbd_conf.o
                0x000000000800a2e4                USBD_static_malloc
 .text.USBD_static_free
                0x000000000800a2fc       0x12 USB_DEVICE/Target/usbd_conf.o
                0x000000000800a2fc                USBD_static_free
 .text.HAL_PCDEx_SetConnectionState
                0x000000000800a30e       0x16 USB_DEVICE/Target/usbd_conf.o
                0x000000000800a30e                HAL_PCDEx_SetConnectionState
 .text.USBD_Get_USB_Status
                0x000000000800a324       0x58 USB_DEVICE/Target/usbd_conf.o
 .text.__libc_init_array
                0x000000000800a37c       0x48 c:/st/stm32cubeide_1.5.1/stm32cubeide/plugins/com.st.stm32cube.ide.mcu.externaltools.gnu-tools-for-stm32.7-2018-q2-update.win32_1.5.0.202011040924/tools/bin/../lib/gcc/arm-none-eabi/7.3.1/../../../../arm-none-eabi/lib/thumb/v7-m\libc_nano.a(lib_a-init.o)
                0x000000000800a37c                __libc_init_array
 .text.memcpy   0x000000000800a3c4       0x16 c:/st/stm32cubeide_1.5.1/stm32cubeide/plugins/com.st.stm32cube.ide.mcu.externaltools.gnu-tools-for-stm32.7-2018-q2-update.win32_1.5.0.202011040924/tools/bin/../lib/gcc/arm-none-eabi/7.3.1/../../../../arm-none-eabi/lib/thumb/v7-m\libc_nano.a(lib_a-memcpy-stub.o)
                0x000000000800a3c4                memcpy
 .text.memset   0x000000000800a3da       0x10 c:/st/stm32cubeide_1.5.1/stm32cubeide/plugins/com.st.stm32cube.ide.mcu.externaltools.gnu-tools-for-stm32.7-2018-q2-update.win32_1.5.0.202011040924/tools/bin/../lib/gcc/arm-none-eabi/7.3.1/../../../../arm-none-eabi/lib/thumb/v7-m\libc_nano.a(lib_a-memset.o)
                0x000000000800a3da                memset
 *(.glue_7)
 .glue_7        0x000000000800a3ea        0x0 linker stubs
 *(.glue_7t)
 .glue_7t       0x000000000800a3ea        0x0 linker stubs
 *(.eh_frame)
 *fill*         0x000000000800a3ea        0x2 
 .eh_frame      0x000000000800a3ec        0x0 c:/st/stm32cubeide_1.5.1/stm32cubeide/plugins/com.st.stm32cube.ide.mcu.externaltools.gnu-tools-for-stm32.7-2018-q2-update.win32_1.5.0.202011040924/tools/bin/../lib/gcc/arm-none-eabi/7.3.1/thumb/v7-m/crtbegin.o
 *(.init)
 .init          0x000000000800a3ec        0x4 c:/st/stm32cubeide_1.5.1/stm32cubeide/plugins/com.st.stm32cube.ide.mcu.externaltools.gnu-tools-for-stm32.7-2018-q2-update.win32_1.5.0.202011040924/tools/bin/../lib/gcc/arm-none-eabi/7.3.1/thumb/v7-m/crti.o
                0x000000000800a3ec                _init
 .init          0x000000000800a3f0        0x8 c:/st/stm32cubeide_1.5.1/stm32cubeide/plugins/com.st.stm32cube.ide.mcu.externaltools.gnu-tools-for-stm32.7-2018-q2-update.win32_1.5.0.202011040924/tools/bin/../lib/gcc/arm-none-eabi/7.3.1/thumb/v7-m/crtn.o
 *(.fini)
 .fini          0x000000000800a3f8        0x4 c:/st/stm32cubeide_1.5.1/stm32cubeide/plugins/com.st.stm32cube.ide.mcu.externaltools.gnu-tools-for-stm32.7-2018-q2-update.win32_1.5.0.202011040924/tools/bin/../lib/gcc/arm-none-eabi/7.3.1/thumb/v7-m/crti.o
                0x000000000800a3f8                _fini
 .fini          0x000000000800a3fc        0x8 c:/st/stm32cubeide_1.5.1/stm32cubeide/plugins/com.st.stm32cube.ide.mcu.externaltools.gnu-tools-for-stm32.7-2018-q2-update.win32_1.5.0.202011040924/tools/bin/../lib/gcc/arm-none-eabi/7.3.1/thumb/v7-m/crtn.o
                0x000000000800a404                . = ALIGN (0x4)
                0x000000000800a404                _etext = .

.vfp11_veneer   0x000000000800a404        0x0
 .vfp11_veneer  0x000000000800a404        0x0 linker stubs

.v4_bx          0x000000000800a404        0x0
 .v4_bx         0x000000000800a404        0x0 linker stubs

.iplt           0x000000000800a404        0x0
 .iplt          0x000000000800a404        0x0 c:/st/stm32cubeide_1.5.1/stm32cubeide/plugins/com.st.stm32cube.ide.mcu.externaltools.gnu-tools-for-stm32.7-2018-q2-update.win32_1.5.0.202011040924/tools/bin/../lib/gcc/arm-none-eabi/7.3.1/thumb/v7-m/crtbegin.o

.rodata         0x000000000800a404       0x6c
                0x000000000800a404                . = ALIGN (0x4)
 *(.rodata)
 .rodata        0x000000000800a404       0x12 Drivers/STM32F1xx_HAL_Driver/Src/stm32f1xx_hal_rcc.o
 *fill*         0x000000000800a416        0x2 
 .rodata        0x000000000800a418       0x46 USB_DEVICE/App/usbd_desc.o
 *(.rodata*)
 *fill*         0x000000000800a45e        0x2 
 .rodata.AHBPrescTable
                0x000000000800a460       0x10 Core/Src/system_stm32f1xx.o
                0x000000000800a460                AHBPrescTable
                0x000000000800a470                . = ALIGN (0x4)

.rel.dyn        0x000000000800a470        0x0
 .rel.iplt      0x000000000800a470        0x0 c:/st/stm32cubeide_1.5.1/stm32cubeide/plugins/com.st.stm32cube.ide.mcu.externaltools.gnu-tools-for-stm32.7-2018-q2-update.win32_1.5.0.202011040924/tools/bin/../lib/gcc/arm-none-eabi/7.3.1/thumb/v7-m/crtbegin.o

.ARM.extab      0x000000000800a470        0x0
                0x000000000800a470                . = ALIGN (0x4)
 *(.ARM.extab* .gnu.linkonce.armextab.*)
                0x000000000800a470                . = ALIGN (0x4)

.ARM            0x000000000800a470        0x0
                0x000000000800a470                . = ALIGN (0x4)
                0x000000000800a470                __exidx_start = .
 *(.ARM.exidx*)
                0x000000000800a470                __exidx_end = .
                0x000000000800a470                . = ALIGN (0x4)

.preinit_array  0x000000000800a470        0x0
                0x000000000800a470                . = ALIGN (0x4)
                0x000000000800a470                PROVIDE (__preinit_array_start = .)
 *(.preinit_array*)
                0x000000000800a470                PROVIDE (__preinit_array_end = .)
                0x000000000800a470                . = ALIGN (0x4)

.init_array     0x000000000800a470        0x4
                0x000000000800a470                . = ALIGN (0x4)
                0x000000000800a470                PROVIDE (__init_array_start = .)
 *(SORT_BY_NAME(.init_array.*))
 *(.init_array*)
 .init_array    0x000000000800a470        0x4 c:/st/stm32cubeide_1.5.1/stm32cubeide/plugins/com.st.stm32cube.ide.mcu.externaltools.gnu-tools-for-stm32.7-2018-q2-update.win32_1.5.0.202011040924/tools/bin/../lib/gcc/arm-none-eabi/7.3.1/thumb/v7-m/crtbegin.o
                0x000000000800a474                PROVIDE (__init_array_end = .)
                0x000000000800a474                . = ALIGN (0x4)

.fini_array     0x000000000800a474        0x4
                0x000000000800a474                . = ALIGN (0x4)
                [!provide]                        PROVIDE (__fini_array_start = .)
 *(SORT_BY_NAME(.fini_array.*))
 *(.fini_array*)
 .fini_array    0x000000000800a474        0x4 c:/st/stm32cubeide_1.5.1/stm32cubeide/plugins/com.st.stm32cube.ide.mcu.externaltools.gnu-tools-for-stm32.7-2018-q2-update.win32_1.5.0.202011040924/tools/bin/../lib/gcc/arm-none-eabi/7.3.1/thumb/v7-m/crtbegin.o
                [!provide]                        PROVIDE (__fini_array_end = .)
                0x000000000800a478                . = ALIGN (0x4)
                0x000000000800a478                _sidata = LOADADDR (.data)

.data           0x0000000020000000      0x184 load address 0x000000000800a478
                0x0000000020000000                . = ALIGN (0x4)
                0x0000000020000000                _sdata = .
 *(.data)
 *(.data*)
 .data.read     0x0000000020000000        0x1 Core/Src/main.o
                0x0000000020000000                read
 .data.len      0x0000000020000001        0x1 Core/Src/main.o
                0x0000000020000001                len
 .data.command  0x0000000020000002        0x1 Core/Src/main.o
                0x0000000020000002                command
 .data.max_menu
                0x0000000020000003        0x1 Core/Src/main.o
                0x0000000020000003                max_menu
 .data.delta_time
                0x0000000020000004        0x2 Core/Src/main.o
                0x0000000020000004                delta_time
 *fill*         0x0000000020000006        0x2 
 .data.SystemCoreClock
                0x0000000020000008        0x4 Core/Src/system_stm32f1xx.o
                0x0000000020000008                SystemCoreClock
 .data.uwTickPrio
                0x000000002000000c        0x4 Drivers/STM32F1xx_HAL_Driver/Src/stm32f1xx_hal.o
                0x000000002000000c                uwTickPrio
 .data.uwTickFreq
                0x0000000020000010        0x1 Drivers/STM32F1xx_HAL_Driver/Src/stm32f1xx_hal.o
                0x0000000020000010                uwTickFreq
 *fill*         0x0000000020000011        0x3 
 .data.USBD_CDC_DeviceQualifierDesc
                0x0000000020000014        0xa Middlewares/ST/STM32_USB_Device_Library/Class/CDC/Src/usbd_cdc.o
 *fill*         0x000000002000001e        0x2 
 .data.USBD_CDC
                0x0000000020000020       0x38 Middlewares/ST/STM32_USB_Device_Library/Class/CDC/Src/usbd_cdc.o
                0x0000000020000020                USBD_CDC
 .data.USBD_CDC_CfgHSDesc
                0x0000000020000058       0x43 Middlewares/ST/STM32_USB_Device_Library/Class/CDC/Src/usbd_cdc.o
                0x0000000020000058                USBD_CDC_CfgHSDesc
 *fill*         0x000000002000009b        0x1 
 .data.USBD_CDC_CfgFSDesc
                0x000000002000009c       0x43 Middlewares/ST/STM32_USB_Device_Library/Class/CDC/Src/usbd_cdc.o
                0x000000002000009c                USBD_CDC_CfgFSDesc
 *fill*         0x00000000200000df        0x1 
 .data.USBD_CDC_OtherSpeedCfgDesc
                0x00000000200000e0       0x43 Middlewares/ST/STM32_USB_Device_Library/Class/CDC/Src/usbd_cdc.o
                0x00000000200000e0                USBD_CDC_OtherSpeedCfgDesc
 *fill*         0x0000000020000123        0x1 
 .data.USBD_Interface_fops_FS
                0x0000000020000124       0x10 USB_DEVICE/App/usbd_cdc_if.o
                0x0000000020000124                USBD_Interface_fops_FS
 .data.FS_Desc  0x0000000020000134       0x1c USB_DEVICE/App/usbd_desc.o
                0x0000000020000134                FS_Desc
 .data.USBD_FS_DeviceDesc
                0x0000000020000150       0x12 USB_DEVICE/App/usbd_desc.o
                0x0000000020000150                USBD_FS_DeviceDesc
 *fill*         0x0000000020000162        0x2 
 .data.USBD_LangIDDesc
                0x0000000020000164        0x4 USB_DEVICE/App/usbd_desc.o
                0x0000000020000164                USBD_LangIDDesc
 .data.USBD_StringSerial
                0x0000000020000168       0x1a USB_DEVICE/App/usbd_desc.o
                0x0000000020000168                USBD_StringSerial
 *(.RamFunc)
 *(.RamFunc*)
                0x0000000020000184                . = ALIGN (0x4)
 *fill*         0x0000000020000182        0x2 
                0x0000000020000184                _edata = .

.igot.plt       0x0000000020000184        0x0 load address 0x000000000800a5fc
 .igot.plt      0x0000000020000184        0x0 c:/st/stm32cubeide_1.5.1/stm32cubeide/plugins/com.st.stm32cube.ide.mcu.externaltools.gnu-tools-for-stm32.7-2018-q2-update.win32_1.5.0.202011040924/tools/bin/../lib/gcc/arm-none-eabi/7.3.1/thumb/v7-m/crtbegin.o
                0x0000000020000184                . = ALIGN (0x4)

.bss            0x0000000020000184     0x1660 load address 0x000000000800a5fc
                0x0000000020000184                _sbss = .
                0x0000000020000184                __bss_start__ = _sbss
 *(.bss)
 .bss           0x0000000020000184       0x1c c:/st/stm32cubeide_1.5.1/stm32cubeide/plugins/com.st.stm32cube.ide.mcu.externaltools.gnu-tools-for-stm32.7-2018-q2-update.win32_1.5.0.202011040924/tools/bin/../lib/gcc/arm-none-eabi/7.3.1/thumb/v7-m/crtbegin.o
 *(.bss*)
 .bss.sum       0x00000000200001a0        0x1 Core/Src/Ch_protocol.o
                0x00000000200001a0                sum
 .bss.NoACK     0x00000000200001a1        0x1 Core/Src/Ch_protocol.o
                0x00000000200001a1                NoACK
 .bss.count     0x00000000200001a2        0x1 Core/Src/IRresiver_ch.o
                0x00000000200001a2                count
 .bss.value     0x00000000200001a3        0x1 Core/Src/IRresiver_ch.o
                0x00000000200001a3                value
 .bss.adress    0x00000000200001a4        0x1 Core/Src/IRresiver_ch.o
                0x00000000200001a4                adress
 *fill*         0x00000000200001a5        0x3 
 .bss.counterTime
                0x00000000200001a8        0x4 Core/Src/main.o
                0x00000000200001a8                counterTime
 .bss.numData   0x00000000200001ac        0x1 Core/Src/main.o
                0x00000000200001ac                numData
 .bss.menu      0x00000000200001ad        0x1 Core/Src/main.o
                0x00000000200001ad                menu
 *fill*         0x00000000200001ae        0x2 
 .bss.counter_motor_time
                0x00000000200001b0        0x4 Core/Src/main.o
                0x00000000200001b0                counter_motor_time
 .bss.velocidad
                0x00000000200001b4        0x2 Core/Src/main.o
                0x00000000200001b4                velocidad
 .bss.start     0x00000000200001b6        0x1 Core/Src/main.o
                0x00000000200001b6                start
 .bss.res_V     0x00000000200001b7        0x1 Core/Src/main.o
                0x00000000200001b7                res_V
 .bss.res_a     0x00000000200001b8        0x4 Core/Src/main.o
                0x00000000200001b8                res_a
 .bss.cfgidx.8159
                0x00000000200001bc        0x1 Middlewares/ST/STM32_USB_Device_Library/Core/Src/usbd_ctlreq.o
 *fill*         0x00000000200001bd        0x3 
 .bss.mem.8227  0x00000000200001c0      0x220 USB_DEVICE/Target/usbd_conf.o
 *(COMMON)
 COMMON         0x00000000200003e0      0x184 Core/Src/Ch_protocol.o
                0x00000000200003e0                _data_protocol_save
                0x000000002000045d                resive_protocol
                0x0000000020000460                data_Ch
                0x00000000200004e0                paquete
                0x000000002000055d                i
                0x000000002000055e                check
                0x000000002000055f                wait
                0x0000000020000560                waitTime
                0x0000000020000562                repeat_m
                0x0000000020000563                ACK
 COMMON         0x0000000020000564      0x107 Core/Src/IRresiver_ch.o
                0x0000000020000564                params
                0x0000000020000640                irresults
                0x0000000020000658                Compress
                0x000000002000065c                numero_seleccionado
                0x0000000020000660                data
                0x0000000020000664                numero_temp
                0x0000000020000668                tecla_actual
                0x0000000020000669                resive
                0x000000002000066a                numero_selec_flag
 *fill*         0x000000002000066b        0x1 
 COMMON         0x000000002000066c       0x48 Core/Src/PID_ch.o
                0x000000002000066c                e_2
                0x0000000020000670                e_1
                0x0000000020000674                v1
                0x0000000020000678                q2
                0x000000002000067c                u_1
                0x0000000020000680                k
                0x0000000020000684                aux
                0x0000000020000688                theta
                0x000000002000068c                Ts
                0x0000000020000690                q1
                0x0000000020000694                tau
                0x0000000020000698                q0
                0x000000002000069c                e
                0x00000000200006a0                ti
                0x00000000200006a4                u
                0x00000000200006a8                kp
                0x00000000200006ac                td
                0x00000000200006b0                r1
 COMMON         0x00000000200006b4      0x1ac Core/Src/main.o
                0x00000000200006b4                temp_dis
                0x00000000200006b8                tiempo_motor
                0x00000000200006bc                num_sensor
                0x00000000200006c0                htim3
                0x0000000020000708                dataResiveSerial
                0x0000000020000785                move
                0x0000000020000788                data_for_send
                0x00000000200007bc                lenBuffer
                0x00000000200007c0                htim1
                0x0000000020000808                r1_enter
                0x000000002000080a                actual
                0x000000002000080b                anterior
                0x000000002000080c                revoluciones
                0x000000002000080d                direccion_num
                0x0000000020000810                htim2
                0x0000000020000858                pulsos
                0x000000002000085c                distancia
 COMMON         0x0000000020000860        0x4 Drivers/STM32F1xx_HAL_Driver/Src/stm32f1xx_hal.o
                0x0000000020000860                uwTick
 COMMON         0x0000000020000864      0x2c4 USB_DEVICE/App/usb_device.o
                0x0000000020000864                hUsbDeviceFS
 COMMON         0x0000000020000b28      0x7d0 USB_DEVICE/App/usbd_cdc_if.o
                0x0000000020000b28                UserRxBufferFS
                0x0000000020000f10                UserTxBufferFS
 COMMON         0x00000000200012f8      0x200 USB_DEVICE/App/usbd_desc.o
                0x00000000200012f8                USBD_StrDesc
 COMMON         0x00000000200014f8      0x2ec USB_DEVICE/Target/usbd_conf.o
                0x00000000200014f8                hpcd_USB_FS
                0x00000000200017e4                . = ALIGN (0x4)
                0x00000000200017e4                _ebss = .
                0x00000000200017e4                __bss_end__ = _ebss

._user_heap_stack
                0x00000000200017e4      0x604 load address 0x000000000800a5fc
                0x00000000200017e8                . = ALIGN (0x8)
 *fill*         0x00000000200017e4        0x4 
                [!provide]                        PROVIDE (end = .)
                0x00000000200017e8                PROVIDE (_end = .)
                0x00000000200019e8                . = (. + _Min_Heap_Size)
 *fill*         0x00000000200017e8      0x200 
                0x0000000020001de8                . = (. + _Min_Stack_Size)
 *fill*         0x00000000200019e8      0x400 
                0x0000000020001de8                . = ALIGN (0x8)

/DISCARD/
 libc.a(*)
 libm.a(*)
 libgcc.a(*)

.ARM.attributes
                0x0000000000000000       0x29
 *(.ARM.attributes)
 .ARM.attributes
                0x0000000000000000       0x1d c:/st/stm32cubeide_1.5.1/stm32cubeide/plugins/com.st.stm32cube.ide.mcu.externaltools.gnu-tools-for-stm32.7-2018-q2-update.win32_1.5.0.202011040924/tools/bin/../lib/gcc/arm-none-eabi/7.3.1/thumb/v7-m/crti.o
 .ARM.attributes
                0x000000000000001d       0x2d c:/st/stm32cubeide_1.5.1/stm32cubeide/plugins/com.st.stm32cube.ide.mcu.externaltools.gnu-tools-for-stm32.7-2018-q2-update.win32_1.5.0.202011040924/tools/bin/../lib/gcc/arm-none-eabi/7.3.1/thumb/v7-m/crtbegin.o
 .ARM.attributes
                0x000000000000004a       0x33 Core/Src/Ch_protocol.o
 .ARM.attributes
                0x000000000000007d       0x33 Core/Src/IRresiver_ch.o
 .ARM.attributes
                0x00000000000000b0       0x33 Core/Src/PID_ch.o
 .ARM.attributes
                0x00000000000000e3       0x33 Core/Src/main.o
 .ARM.attributes
                0x0000000000000116       0x33 Core/Src/stm32f1xx_hal_msp.o
 .ARM.attributes
                0x0000000000000149       0x33 Core/Src/stm32f1xx_it.o
 .ARM.attributes
                0x000000000000017c       0x33 Core/Src/system_stm32f1xx.o
 .ARM.attributes
                0x00000000000001af       0x21 Core/Startup/startup_stm32f103c8tx.o
 .ARM.attributes
                0x00000000000001d0       0x33 Drivers/STM32F1xx_HAL_Driver/Src/stm32f1xx_hal.o
 .ARM.attributes
                0x0000000000000203       0x33 Drivers/STM32F1xx_HAL_Driver/Src/stm32f1xx_hal_cortex.o
 .ARM.attributes
                0x0000000000000236       0x33 Drivers/STM32F1xx_HAL_Driver/Src/stm32f1xx_hal_gpio.o
 .ARM.attributes
                0x0000000000000269       0x33 Drivers/STM32F1xx_HAL_Driver/Src/stm32f1xx_hal_pcd.o
 .ARM.attributes
                0x000000000000029c       0x33 Drivers/STM32F1xx_HAL_Driver/Src/stm32f1xx_hal_pcd_ex.o
 .ARM.attributes
                0x00000000000002cf       0x33 Drivers/STM32F1xx_HAL_Driver/Src/stm32f1xx_hal_rcc.o
 .ARM.attributes
                0x0000000000000302       0x33 Drivers/STM32F1xx_HAL_Driver/Src/stm32f1xx_hal_rcc_ex.o
 .ARM.attributes
                0x0000000000000335       0x33 Drivers/STM32F1xx_HAL_Driver/Src/stm32f1xx_hal_tim.o
 .ARM.attributes
                0x0000000000000368       0x33 Drivers/STM32F1xx_HAL_Driver/Src/stm32f1xx_hal_tim_ex.o
 .ARM.attributes
                0x000000000000039b       0x33 Drivers/STM32F1xx_HAL_Driver/Src/stm32f1xx_ll_usb.o
 .ARM.attributes
                0x00000000000003ce       0x33 Middlewares/ST/STM32_USB_Device_Library/Class/CDC/Src/usbd_cdc.o
 .ARM.attributes
                0x0000000000000401       0x33 Middlewares/ST/STM32_USB_Device_Library/Core/Src/usbd_core.o
 .ARM.attributes
                0x0000000000000434       0x33 Middlewares/ST/STM32_USB_Device_Library/Core/Src/usbd_ctlreq.o
 .ARM.attributes
                0x0000000000000467       0x33 Middlewares/ST/STM32_USB_Device_Library/Core/Src/usbd_ioreq.o
 .ARM.attributes
                0x000000000000049a       0x33 USB_DEVICE/App/usb_device.o
 .ARM.attributes
                0x00000000000004cd       0x33 USB_DEVICE/App/usbd_cdc_if.o
 .ARM.attributes
                0x0000000000000500       0x33 USB_DEVICE/App/usbd_desc.o
 .ARM.attributes
                0x0000000000000533       0x33 USB_DEVICE/Target/usbd_conf.o
 .ARM.attributes
                0x0000000000000566       0x2d c:/st/stm32cubeide_1.5.1/stm32cubeide/plugins/com.st.stm32cube.ide.mcu.externaltools.gnu-tools-for-stm32.7-2018-q2-update.win32_1.5.0.202011040924/tools/bin/../lib/gcc/arm-none-eabi/7.3.1/../../../../arm-none-eabi/lib/thumb/v7-m\libc_nano.a(lib_a-init.o)
 .ARM.attributes
                0x0000000000000593       0x2d c:/st/stm32cubeide_1.5.1/stm32cubeide/plugins/com.st.stm32cube.ide.mcu.externaltools.gnu-tools-for-stm32.7-2018-q2-update.win32_1.5.0.202011040924/tools/bin/../lib/gcc/arm-none-eabi/7.3.1/../../../../arm-none-eabi/lib/thumb/v7-m\libc_nano.a(lib_a-memcpy-stub.o)
 .ARM.attributes
                0x00000000000005c0       0x2d c:/st/stm32cubeide_1.5.1/stm32cubeide/plugins/com.st.stm32cube.ide.mcu.externaltools.gnu-tools-for-stm32.7-2018-q2-update.win32_1.5.0.202011040924/tools/bin/../lib/gcc/arm-none-eabi/7.3.1/../../../../arm-none-eabi/lib/thumb/v7-m\libc_nano.a(lib_a-memset.o)
 .ARM.attributes
                0x00000000000005ed       0x1d c:/st/stm32cubeide_1.5.1/stm32cubeide/plugins/com.st.stm32cube.ide.mcu.externaltools.gnu-tools-for-stm32.7-2018-q2-update.win32_1.5.0.202011040924/tools/bin/../lib/gcc/arm-none-eabi/7.3.1/thumb/v7-m\libgcc.a(_arm_addsubdf3.o)
 .ARM.attributes
                0x000000000000060a       0x1d c:/st/stm32cubeide_1.5.1/stm32cubeide/plugins/com.st.stm32cube.ide.mcu.externaltools.gnu-tools-for-stm32.7-2018-q2-update.win32_1.5.0.202011040924/tools/bin/../lib/gcc/arm-none-eabi/7.3.1/thumb/v7-m\libgcc.a(_arm_muldivdf3.o)
 .ARM.attributes
                0x0000000000000627       0x1d c:/st/stm32cubeide_1.5.1/stm32cubeide/plugins/com.st.stm32cube.ide.mcu.externaltools.gnu-tools-for-stm32.7-2018-q2-update.win32_1.5.0.202011040924/tools/bin/../lib/gcc/arm-none-eabi/7.3.1/thumb/v7-m\libgcc.a(_arm_truncdfsf2.o)
 .ARM.attributes
                0x0000000000000644       0x1d c:/st/stm32cubeide_1.5.1/stm32cubeide/plugins/com.st.stm32cube.ide.mcu.externaltools.gnu-tools-for-stm32.7-2018-q2-update.win32_1.5.0.202011040924/tools/bin/../lib/gcc/arm-none-eabi/7.3.1/thumb/v7-m\libgcc.a(_arm_addsubsf3.o)
 .ARM.attributes
                0x0000000000000661       0x1d c:/st/stm32cubeide_1.5.1/stm32cubeide/plugins/com.st.stm32cube.ide.mcu.externaltools.gnu-tools-for-stm32.7-2018-q2-update.win32_1.5.0.202011040924/tools/bin/../lib/gcc/arm-none-eabi/7.3.1/thumb/v7-m\libgcc.a(_arm_muldivsf3.o)
 .ARM.attributes
                0x000000000000067e       0x1d c:/st/stm32cubeide_1.5.1/stm32cubeide/plugins/com.st.stm32cube.ide.mcu.externaltools.gnu-tools-for-stm32.7-2018-q2-update.win32_1.5.0.202011040924/tools/bin/../lib/gcc/arm-none-eabi/7.3.1/thumb/v7-m\libgcc.a(_arm_cmpsf2.o)
 .ARM.attributes
                0x000000000000069b       0x1d c:/st/stm32cubeide_1.5.1/stm32cubeide/plugins/com.st.stm32cube.ide.mcu.externaltools.gnu-tools-for-stm32.7-2018-q2-update.win32_1.5.0.202011040924/tools/bin/../lib/gcc/arm-none-eabi/7.3.1/thumb/v7-m\libgcc.a(_arm_fixunssfsi.o)
 .ARM.attributes
                0x00000000000006b8       0x1d c:/st/stm32cubeide_1.5.1/stm32cubeide/plugins/com.st.stm32cube.ide.mcu.externaltools.gnu-tools-for-stm32.7-2018-q2-update.win32_1.5.0.202011040924/tools/bin/../lib/gcc/arm-none-eabi/7.3.1/thumb/v7-m/crtn.o
OUTPUT(IR_resiver.elf elf32-littlearm)

.debug_info     0x0000000000000000    0x1775d
 .debug_info    0x0000000000000000      0xc1f Core/Src/Ch_protocol.o
 .debug_info    0x0000000000000c1f      0x520 Core/Src/IRresiver_ch.o
 .debug_info    0x000000000000113f      0xae5 Core/Src/PID_ch.o
 .debug_info    0x0000000000001c24     0x1baf Core/Src/main.o
 .debug_info    0x00000000000037d3      0xaec Core/Src/stm32f1xx_hal_msp.o
 .debug_info    0x00000000000042bf      0xbd4 Core/Src/stm32f1xx_it.o
 .debug_info    0x0000000000004e93      0x29a Core/Src/system_stm32f1xx.o
 .debug_info    0x000000000000512d       0x22 Core/Startup/startup_stm32f103c8tx.o
 .debug_info    0x000000000000514f      0x714 Drivers/STM32F1xx_HAL_Driver/Src/stm32f1xx_hal.o
 .debug_info    0x0000000000005863      0xb51 Drivers/STM32F1xx_HAL_Driver/Src/stm32f1xx_hal_cortex.o
 .debug_info    0x00000000000063b4      0x69b Drivers/STM32F1xx_HAL_Driver/Src/stm32f1xx_hal_gpio.o
 .debug_info    0x0000000000006a4f     0x122f Drivers/STM32F1xx_HAL_Driver/Src/stm32f1xx_hal_pcd.o
 .debug_info    0x0000000000007c7e      0x785 Drivers/STM32F1xx_HAL_Driver/Src/stm32f1xx_hal_pcd_ex.o
 .debug_info    0x0000000000008403      0x80f Drivers/STM32F1xx_HAL_Driver/Src/stm32f1xx_hal_rcc.o
 .debug_info    0x0000000000008c12      0x444 Drivers/STM32F1xx_HAL_Driver/Src/stm32f1xx_hal_rcc_ex.o
 .debug_info    0x0000000000009056     0x27ef Drivers/STM32F1xx_HAL_Driver/Src/stm32f1xx_hal_tim.o
 .debug_info    0x000000000000b845     0x136f Drivers/STM32F1xx_HAL_Driver/Src/stm32f1xx_hal_tim_ex.o
 .debug_info    0x000000000000cbb4     0x17e7 Drivers/STM32F1xx_HAL_Driver/Src/stm32f1xx_ll_usb.o
 .debug_info    0x000000000000e39b     0x17b6 Middlewares/ST/STM32_USB_Device_Library/Class/CDC/Src/usbd_cdc.o
 .debug_info    0x000000000000fb51     0x11d2 Middlewares/ST/STM32_USB_Device_Library/Core/Src/usbd_core.o
 .debug_info    0x0000000000010d23     0x1142 Middlewares/ST/STM32_USB_Device_Library/Core/Src/usbd_ctlreq.o
 .debug_info    0x0000000000011e65      0xf33 Middlewares/ST/STM32_USB_Device_Library/Core/Src/usbd_ioreq.o
 .debug_info    0x0000000000012d98      0xe7b USB_DEVICE/App/usb_device.o
 .debug_info    0x0000000000013c13     0x1079 USB_DEVICE/App/usbd_cdc_if.o
 .debug_info    0x0000000000014c8c      0xd17 USB_DEVICE/App/usbd_desc.o
 .debug_info    0x00000000000159a3     0x1dba USB_DEVICE/Target/usbd_conf.o

.debug_abbrev   0x0000000000000000     0x34f9
 .debug_abbrev  0x0000000000000000      0x219 Core/Src/Ch_protocol.o
 .debug_abbrev  0x0000000000000219      0x1cf Core/Src/IRresiver_ch.o
 .debug_abbrev  0x00000000000003e8      0x1cf Core/Src/PID_ch.o
 .debug_abbrev  0x00000000000005b7      0x311 Core/Src/main.o
 .debug_abbrev  0x00000000000008c8      0x1a6 Core/Src/stm32f1xx_hal_msp.o
 .debug_abbrev  0x0000000000000a6e      0x185 Core/Src/stm32f1xx_it.o
 .debug_abbrev  0x0000000000000bf3      0x134 Core/Src/system_stm32f1xx.o
 .debug_abbrev  0x0000000000000d27       0x12 Core/Startup/startup_stm32f103c8tx.o
 .debug_abbrev  0x0000000000000d39      0x1c7 Drivers/STM32F1xx_HAL_Driver/Src/stm32f1xx_hal.o
 .debug_abbrev  0x0000000000000f00      0x2d5 Drivers/STM32F1xx_HAL_Driver/Src/stm32f1xx_hal_cortex.o
 .debug_abbrev  0x00000000000011d5      0x1c0 Drivers/STM32F1xx_HAL_Driver/Src/stm32f1xx_hal_gpio.o
 .debug_abbrev  0x0000000000001395      0x268 Drivers/STM32F1xx_HAL_Driver/Src/stm32f1xx_hal_pcd.o
 .debug_abbrev  0x00000000000015fd      0x188 Drivers/STM32F1xx_HAL_Driver/Src/stm32f1xx_hal_pcd_ex.o
 .debug_abbrev  0x0000000000001785      0x243 Drivers/STM32F1xx_HAL_Driver/Src/stm32f1xx_hal_rcc.o
 .debug_abbrev  0x00000000000019c8      0x175 Drivers/STM32F1xx_HAL_Driver/Src/stm32f1xx_hal_rcc_ex.o
 .debug_abbrev  0x0000000000001b3d      0x230 Drivers/STM32F1xx_HAL_Driver/Src/stm32f1xx_hal_tim.o
 .debug_abbrev  0x0000000000001d6d      0x236 Drivers/STM32F1xx_HAL_Driver/Src/stm32f1xx_hal_tim_ex.o
 .debug_abbrev  0x0000000000001fa3      0x1d2 Drivers/STM32F1xx_HAL_Driver/Src/stm32f1xx_ll_usb.o
 .debug_abbrev  0x0000000000002175      0x2b6 Middlewares/ST/STM32_USB_Device_Library/Class/CDC/Src/usbd_cdc.o
 .debug_abbrev  0x000000000000242b      0x270 Middlewares/ST/STM32_USB_Device_Library/Core/Src/usbd_core.o
 .debug_abbrev  0x000000000000269b      0x2a0 Middlewares/ST/STM32_USB_Device_Library/Core/Src/usbd_ctlreq.o
 .debug_abbrev  0x000000000000293b      0x1e0 Middlewares/ST/STM32_USB_Device_Library/Core/Src/usbd_ioreq.o
 .debug_abbrev  0x0000000000002b1b      0x1be USB_DEVICE/App/usb_device.o
 .debug_abbrev  0x0000000000002cd9      0x2b5 USB_DEVICE/App/usbd_cdc_if.o
 .debug_abbrev  0x0000000000002f8e      0x290 USB_DEVICE/App/usbd_desc.o
 .debug_abbrev  0x000000000000321e      0x2db USB_DEVICE/Target/usbd_conf.o

.debug_aranges  0x0000000000000000     0x10d8
 .debug_aranges
                0x0000000000000000       0x48 Core/Src/Ch_protocol.o
 .debug_aranges
                0x0000000000000048       0x50 Core/Src/IRresiver_ch.o
 .debug_aranges
                0x0000000000000098       0x30 Core/Src/PID_ch.o
 .debug_aranges
                0x00000000000000c8       0x80 Core/Src/main.o
 .debug_aranges
                0x0000000000000148       0x38 Core/Src/stm32f1xx_hal_msp.o
 .debug_aranges
                0x0000000000000180       0x78 Core/Src/stm32f1xx_it.o
 .debug_aranges
                0x00000000000001f8       0x28 Core/Src/system_stm32f1xx.o
 .debug_aranges
                0x0000000000000220       0x28 Core/Startup/startup_stm32f103c8tx.o
 .debug_aranges
                0x0000000000000248       0xe0 Drivers/STM32F1xx_HAL_Driver/Src/stm32f1xx_hal.o
 .debug_aranges
                0x0000000000000328      0x100 Drivers/STM32F1xx_HAL_Driver/Src/stm32f1xx_hal_cortex.o
 .debug_aranges
                0x0000000000000428       0x58 Drivers/STM32F1xx_HAL_Driver/Src/stm32f1xx_hal_gpio.o
 .debug_aranges
                0x0000000000000480      0x138 Drivers/STM32F1xx_HAL_Driver/Src/stm32f1xx_hal_pcd.o
 .debug_aranges
                0x00000000000005b8       0x38 Drivers/STM32F1xx_HAL_Driver/Src/stm32f1xx_hal_pcd_ex.o
 .debug_aranges
                0x00000000000005f0       0x90 Drivers/STM32F1xx_HAL_Driver/Src/stm32f1xx_hal_rcc.o
 .debug_aranges
                0x0000000000000680       0x30 Drivers/STM32F1xx_HAL_Driver/Src/stm32f1xx_hal_rcc_ex.o
 .debug_aranges
                0x00000000000006b0      0x3d0 Drivers/STM32F1xx_HAL_Driver/Src/stm32f1xx_hal_tim.o
 .debug_aranges
                0x0000000000000a80      0x168 Drivers/STM32F1xx_HAL_Driver/Src/stm32f1xx_hal_tim_ex.o
 .debug_aranges
                0x0000000000000be8       0xf0 Drivers/STM32F1xx_HAL_Driver/Src/stm32f1xx_ll_usb.o
 .debug_aranges
                0x0000000000000cd8       0x90 Middlewares/ST/STM32_USB_Device_Library/Class/CDC/Src/usbd_cdc.o
 .debug_aranges
                0x0000000000000d68       0xb8 Middlewares/ST/STM32_USB_Device_Library/Core/Src/usbd_core.o
 .debug_aranges
                0x0000000000000e20       0x88 Middlewares/ST/STM32_USB_Device_Library/Core/Src/usbd_ctlreq.o
 .debug_aranges
                0x0000000000000ea8       0x50 Middlewares/ST/STM32_USB_Device_Library/Core/Src/usbd_ioreq.o
 .debug_aranges
                0x0000000000000ef8       0x20 USB_DEVICE/App/usb_device.o
 .debug_aranges
                0x0000000000000f18       0x48 USB_DEVICE/App/usbd_cdc_if.o
 .debug_aranges
                0x0000000000000f60       0x60 USB_DEVICE/App/usbd_desc.o
 .debug_aranges
                0x0000000000000fc0      0x118 USB_DEVICE/Target/usbd_conf.o

.debug_ranges   0x0000000000000000      0xf40
 .debug_ranges  0x0000000000000000       0x38 Core/Src/Ch_protocol.o
 .debug_ranges  0x0000000000000038       0x40 Core/Src/IRresiver_ch.o
 .debug_ranges  0x0000000000000078       0x20 Core/Src/PID_ch.o
 .debug_ranges  0x0000000000000098       0x70 Core/Src/main.o
 .debug_ranges  0x0000000000000108       0x28 Core/Src/stm32f1xx_hal_msp.o
 .debug_ranges  0x0000000000000130       0x68 Core/Src/stm32f1xx_it.o
 .debug_ranges  0x0000000000000198       0x18 Core/Src/system_stm32f1xx.o
 .debug_ranges  0x00000000000001b0       0x20 Core/Startup/startup_stm32f103c8tx.o
 .debug_ranges  0x00000000000001d0       0xd0 Drivers/STM32F1xx_HAL_Driver/Src/stm32f1xx_hal.o
 .debug_ranges  0x00000000000002a0       0xf0 Drivers/STM32F1xx_HAL_Driver/Src/stm32f1xx_hal_cortex.o
 .debug_ranges  0x0000000000000390       0x48 Drivers/STM32F1xx_HAL_Driver/Src/stm32f1xx_hal_gpio.o
 .debug_ranges  0x00000000000003d8      0x128 Drivers/STM32F1xx_HAL_Driver/Src/stm32f1xx_hal_pcd.o
 .debug_ranges  0x0000000000000500       0x28 Drivers/STM32F1xx_HAL_Driver/Src/stm32f1xx_hal_pcd_ex.o
 .debug_ranges  0x0000000000000528       0x80 Drivers/STM32F1xx_HAL_Driver/Src/stm32f1xx_hal_rcc.o
 .debug_ranges  0x00000000000005a8       0x20 Drivers/STM32F1xx_HAL_Driver/Src/stm32f1xx_hal_rcc_ex.o
 .debug_ranges  0x00000000000005c8      0x3c0 Drivers/STM32F1xx_HAL_Driver/Src/stm32f1xx_hal_tim.o
 .debug_ranges  0x0000000000000988      0x158 Drivers/STM32F1xx_HAL_Driver/Src/stm32f1xx_hal_tim_ex.o
 .debug_ranges  0x0000000000000ae0       0xe0 Drivers/STM32F1xx_HAL_Driver/Src/stm32f1xx_ll_usb.o
 .debug_ranges  0x0000000000000bc0       0x80 Middlewares/ST/STM32_USB_Device_Library/Class/CDC/Src/usbd_cdc.o
 .debug_ranges  0x0000000000000c40       0xa8 Middlewares/ST/STM32_USB_Device_Library/Core/Src/usbd_core.o
 .debug_ranges  0x0000000000000ce8       0x78 Middlewares/ST/STM32_USB_Device_Library/Core/Src/usbd_ctlreq.o
 .debug_ranges  0x0000000000000d60       0x40 Middlewares/ST/STM32_USB_Device_Library/Core/Src/usbd_ioreq.o
 .debug_ranges  0x0000000000000da0       0x10 USB_DEVICE/App/usb_device.o
 .debug_ranges  0x0000000000000db0       0x38 USB_DEVICE/App/usbd_cdc_if.o
 .debug_ranges  0x0000000000000de8       0x50 USB_DEVICE/App/usbd_desc.o
 .debug_ranges  0x0000000000000e38      0x108 USB_DEVICE/Target/usbd_conf.o

.debug_macro    0x0000000000000000    0x1ac97
 .debug_macro   0x0000000000000000      0x34c Core/Src/Ch_protocol.o
 .debug_macro   0x000000000000034c      0xa5a Core/Src/Ch_protocol.o
 .debug_macro   0x0000000000000da6      0x21b Core/Src/Ch_protocol.o
 .debug_macro   0x0000000000000fc1       0x2e Core/Src/Ch_protocol.o
 .debug_macro   0x0000000000000fef       0x22 Core/Src/Ch_protocol.o
 .debug_macro   0x0000000000001011       0x22 Core/Src/Ch_protocol.o
 .debug_macro   0x0000000000001033       0x8e Core/Src/Ch_protocol.o
 .debug_macro   0x00000000000010c1       0x51 Core/Src/Ch_protocol.o
 .debug_macro   0x0000000000001112       0xef Core/Src/Ch_protocol.o
 .debug_macro   0x0000000000001201       0x6a Core/Src/Ch_protocol.o
 .debug_macro   0x000000000000126b      0x1df Core/Src/Ch_protocol.o
 .debug_macro   0x000000000000144a       0x1c Core/Src/Ch_protocol.o
 .debug_macro   0x0000000000001466       0x22 Core/Src/Ch_protocol.o
 .debug_macro   0x0000000000001488       0xc3 Core/Src/Ch_protocol.o
 .debug_macro   0x000000000000154b      0xd23 Core/Src/Ch_protocol.o
 .debug_macro   0x000000000000226e     0xe097 Core/Src/Ch_protocol.o
 .debug_macro   0x0000000000010305       0x43 Core/Src/Ch_protocol.o
 .debug_macro   0x0000000000010348     0x3468 Core/Src/Ch_protocol.o
 .debug_macro   0x00000000000137b0      0x174 Core/Src/Ch_protocol.o
 .debug_macro   0x0000000000013924       0x5c Core/Src/Ch_protocol.o
 .debug_macro   0x0000000000013980      0x5be Core/Src/Ch_protocol.o
 .debug_macro   0x0000000000013f3e      0x289 Core/Src/Ch_protocol.o
 .debug_macro   0x00000000000141c7      0x1cb Core/Src/Ch_protocol.o
 .debug_macro   0x0000000000014392      0x114 Core/Src/Ch_protocol.o
 .debug_macro   0x00000000000144a6      0x1b2 Core/Src/Ch_protocol.o
 .debug_macro   0x0000000000014658       0x27 Core/Src/Ch_protocol.o
 .debug_macro   0x000000000001467f      0x136 Core/Src/Ch_protocol.o
 .debug_macro   0x00000000000147b5      0x1bc Core/Src/Ch_protocol.o
 .debug_macro   0x0000000000014971       0x34 Core/Src/Ch_protocol.o
 .debug_macro   0x00000000000149a5       0x3c Core/Src/Ch_protocol.o
 .debug_macro   0x00000000000149e1       0x57 Core/Src/Ch_protocol.o
 .debug_macro   0x0000000000014a38       0x88 Core/Src/Ch_protocol.o
 .debug_macro   0x0000000000014ac0      0x241 Core/Src/Ch_protocol.o
 .debug_macro   0x0000000000014d01      0x141 Core/Src/Ch_protocol.o
 .debug_macro   0x0000000000014e42      0x8d1 Core/Src/Ch_protocol.o
 .debug_macro   0x0000000000015713       0x65 Core/Src/Ch_protocol.o
 .debug_macro   0x0000000000015778      0x249 Core/Src/Ch_protocol.o
 .debug_macro   0x00000000000159c1       0x83 Core/Src/Ch_protocol.o
 .debug_macro   0x0000000000015a44       0x40 Core/Src/Ch_protocol.o
 .debug_macro   0x0000000000015a84       0x46 Core/Src/Ch_protocol.o
 .debug_macro   0x0000000000015aca       0x18 Core/Src/Ch_protocol.o
 .debug_macro   0x0000000000015ae2       0x3c Core/Src/Ch_protocol.o
 .debug_macro   0x0000000000015b1e       0x34 Core/Src/Ch_protocol.o
 .debug_macro   0x0000000000015b52       0x16 Core/Src/Ch_protocol.o
 .debug_macro   0x0000000000015b68       0x35 Core/Src/Ch_protocol.o
 .debug_macro   0x0000000000015b9d      0x32a Core/Src/Ch_protocol.o
 .debug_macro   0x0000000000015ec7       0x10 Core/Src/Ch_protocol.o
 .debug_macro   0x0000000000015ed7       0x52 Core/Src/Ch_protocol.o
 .debug_macro   0x0000000000015f29       0x1f Core/Src/Ch_protocol.o
 .debug_macro   0x0000000000015f48       0x43 Core/Src/Ch_protocol.o
 .debug_macro   0x0000000000015f8b       0x20 Core/Src/Ch_protocol.o
 .debug_macro   0x0000000000015fab      0x1a3 Core/Src/Ch_protocol.o
 .debug_macro   0x000000000001614e       0x10 Core/Src/Ch_protocol.o
 .debug_macro   0x000000000001615e       0x1c Core/Src/Ch_protocol.o
 .debug_macro   0x000000000001617a       0x52 Core/Src/Ch_protocol.o
 .debug_macro   0x00000000000161cc       0x40 Core/Src/Ch_protocol.o
 .debug_macro   0x000000000001620c       0x10 Core/Src/Ch_protocol.o
 .debug_macro   0x000000000001621c       0x40 Core/Src/Ch_protocol.o
 .debug_macro   0x000000000001625c       0xd7 Core/Src/Ch_protocol.o
 .debug_macro   0x0000000000016333       0x1c Core/Src/Ch_protocol.o
 .debug_macro   0x000000000001634f       0x3d Core/Src/Ch_protocol.o
 .debug_macro   0x000000000001638c       0x16 Core/Src/Ch_protocol.o
 .debug_macro   0x00000000000163a2      0x145 Core/Src/Ch_protocol.o
 .debug_macro   0x00000000000164e7       0x16 Core/Src/Ch_protocol.o
 .debug_macro   0x00000000000164fd       0x20 Core/Src/Ch_protocol.o
 .debug_macro   0x000000000001651d      0x1c6 Core/Src/IRresiver_ch.o
 .debug_macro   0x00000000000166e3       0x76 Core/Src/IRresiver_ch.o
 .debug_macro   0x0000000000016759      0x34d Core/Src/PID_ch.o
 .debug_macro   0x0000000000016aa6      0x3e3 Core/Src/main.o
 .debug_macro   0x0000000000016e89       0x16 Core/Src/main.o
 .debug_macro   0x0000000000016e9f       0x16 Core/Src/main.o
 .debug_macro   0x0000000000016eb5       0x29 Core/Src/main.o
 .debug_macro   0x0000000000016ede       0x60 Core/Src/main.o
 .debug_macro   0x0000000000016f3e      0x1c8 Core/Src/main.o
 .debug_macro   0x0000000000017106      0x1c7 Core/Src/stm32f1xx_hal_msp.o
 .debug_macro   0x00000000000172cd      0x1d1 Core/Src/stm32f1xx_it.o
 .debug_macro   0x000000000001749e      0x1bd Core/Src/system_stm32f1xx.o
 .debug_macro   0x000000000001765b      0x1e1 Drivers/STM32F1xx_HAL_Driver/Src/stm32f1xx_hal.o
 .debug_macro   0x000000000001783c      0x1bd Drivers/STM32F1xx_HAL_Driver/Src/stm32f1xx_hal_cortex.o
 .debug_macro   0x00000000000179f9      0x228 Drivers/STM32F1xx_HAL_Driver/Src/stm32f1xx_hal_gpio.o
 .debug_macro   0x0000000000017c21      0x1c9 Drivers/STM32F1xx_HAL_Driver/Src/stm32f1xx_hal_pcd.o
 .debug_macro   0x0000000000017dea      0x1bd Drivers/STM32F1xx_HAL_Driver/Src/stm32f1xx_hal_pcd_ex.o
 .debug_macro   0x0000000000017fa7      0x1cf Drivers/STM32F1xx_HAL_Driver/Src/stm32f1xx_hal_rcc.o
 .debug_macro   0x0000000000018176      0x1bd Drivers/STM32F1xx_HAL_Driver/Src/stm32f1xx_hal_rcc_ex.o
 .debug_macro   0x0000000000018333      0x1be Drivers/STM32F1xx_HAL_Driver/Src/stm32f1xx_hal_tim.o
 .debug_macro   0x00000000000184f1      0x1bd Drivers/STM32F1xx_HAL_Driver/Src/stm32f1xx_hal_tim_ex.o
 .debug_macro   0x00000000000186ae      0x1bd Drivers/STM32F1xx_HAL_Driver/Src/stm32f1xx_ll_usb.o
 .debug_macro   0x000000000001886b      0x3d4 Middlewares/ST/STM32_USB_Device_Library/Class/CDC/Src/usbd_cdc.o
 .debug_macro   0x0000000000018c3f       0x97 Middlewares/ST/STM32_USB_Device_Library/Class/CDC/Src/usbd_cdc.o
 .debug_macro   0x0000000000018cd6       0xfd Middlewares/ST/STM32_USB_Device_Library/Class/CDC/Src/usbd_cdc.o
 .debug_macro   0x0000000000018dd3       0xbd Middlewares/ST/STM32_USB_Device_Library/Class/CDC/Src/usbd_cdc.o
 .debug_macro   0x0000000000018e90       0x56 Middlewares/ST/STM32_USB_Device_Library/Class/CDC/Src/usbd_cdc.o
 .debug_macro   0x0000000000018ee6       0x8f Middlewares/ST/STM32_USB_Device_Library/Class/CDC/Src/usbd_cdc.o
 .debug_macro   0x0000000000018f75      0x3bb Middlewares/ST/STM32_USB_Device_Library/Core/Src/usbd_core.o
 .debug_macro   0x0000000000019330      0x1ce Middlewares/ST/STM32_USB_Device_Library/Core/Src/usbd_core.o
 .debug_macro   0x00000000000194fe      0x3c5 Middlewares/ST/STM32_USB_Device_Library/Core/Src/usbd_ctlreq.o
 .debug_macro   0x00000000000198c3      0x3c1 Middlewares/ST/STM32_USB_Device_Library/Core/Src/usbd_ioreq.o
 .debug_macro   0x0000000000019c84      0x3fa USB_DEVICE/App/usb_device.o
 .debug_macro   0x000000000001a07e       0x22 USB_DEVICE/App/usb_device.o
 .debug_macro   0x000000000001a0a0       0x16 USB_DEVICE/App/usb_device.o
 .debug_macro   0x000000000001a0b6      0x3df USB_DEVICE/App/usbd_cdc_if.o
 .debug_macro   0x000000000001a495       0x10 USB_DEVICE/App/usbd_cdc_if.o
 .debug_macro   0x000000000001a4a5      0x3f8 USB_DEVICE/App/usbd_desc.o
 .debug_macro   0x000000000001a89d       0x1c USB_DEVICE/App/usbd_desc.o
 .debug_macro   0x000000000001a8b9      0x3de USB_DEVICE/Target/usbd_conf.o

.debug_line     0x0000000000000000    0x11215
 .debug_line    0x0000000000000000      0x982 Core/Src/Ch_protocol.o
 .debug_line    0x0000000000000982      0x7e7 Core/Src/IRresiver_ch.o
 .debug_line    0x0000000000001169      0x8f3 Core/Src/PID_ch.o
 .debug_line    0x0000000000001a5c      0xbbd Core/Src/main.o
 .debug_line    0x0000000000002619      0x707 Core/Src/stm32f1xx_hal_msp.o
 .debug_line    0x0000000000002d20      0x784 Core/Src/stm32f1xx_it.o
 .debug_line    0x00000000000034a4      0x6ce Core/Src/system_stm32f1xx.o
 .debug_line    0x0000000000003b72       0x84 Core/Startup/startup_stm32f103c8tx.o
 .debug_line    0x0000000000003bf6      0x881 Drivers/STM32F1xx_HAL_Driver/Src/stm32f1xx_hal.o