main.c:149:5:main	24	static
main.c:287:6:SystemClock_Config	88	static
main.c:334:13:MX_ADC1_Init	24	static
main.c:379:13:MX_TIM1_Init	96	static
main.c:458:13:MX_TIM2_Init	32	static
main.c:503:13:MX_TIM3_Init	32	static
main.c:548:13:MX_GPIO_Init	40	static
main.c:590:6:ref_update	16	static
main.c:617:6:rotate_data	8	static
main.c:699:6:select_data	16	static
main.c:763:6:initMotor	32	static
main.c:780:6:state_motor	24	static
main.c:863:6:detect_vel	16	static
main.c:876:6:resiveRx	16	static
main.c:884:6:HAL_TIM_PeriodElapsedCallback	16	static
main.c:910:6:Read_ADC	16	static
main.c:928:6:Error_Handler	8	static,ignoring_inline_asm
